// Vitest Snapshot v1, https://vitest.dev/guide/snapshot.html

exports[`production Unit golden battles > E2E-GOLDEN: UNIT_CI_SMOKE_TEST completes a deterministic mirror battle and holds battle invariants 1`] = `
{
  "completedTurn": 5,
  "completionReason": "ENEMY_DEFEATED",
  "eventTypes": [
    "BATTLE_STARTED",
    "TURN_STARTED",
    "RESOURCES_RECOVERED",
    "RESOURCE_CHANGED",
    "RESOURCE_CHANGED",
    "RESOURCE_CHANGED",
    "RESOURCE_CHANGED",
    "RESOURCE_CHANGED",
    "PASSIVE_POINT_CONSUMED",
    "RESOURCE_CHANGED",
    "EXTRA_GAUGE_INCREASED",
    "COOLDOWN_STARTED",
    "PASSIVE_ACTIVATED",
    "RUNTIME_COUNTER_CHANGED",
    "EFFECT_STEP_STARTING",
    "EFFECT_ACTION_STARTING",
    "UNIT_BEING_ATTACKED",
    "HIT_CONFIRMED",
    "CRITICAL_CHECK_RESOLVED",
    "DAMAGE_CALCULATED",
    "HIT_POINT_REDUCED",
    "DAMAGE_APPLIED",
    "EFFECT_ACTION_COMPLETED",
    "EFFECT_STEP_COMPLETED",
    "PASSIVE_RESOLVED",
    "RESOURCE_CHANGED",
    "PASSIVE_POINT_CONSUMED",
    "RESOURCE_CHANGED",
    "EXTRA_GAUGE_INCREASED",
    "COOLDOWN_STARTED",
    "PASSIVE_ACTIVATED",
    "RUNTIME_COUNTER_CHANGED",
    "EFFECT_STEP_STARTING",
    "EFFECT_ACTION_STARTING",
    "UNIT_BEING_ATTACKED",
    "HIT_CONFIRMED",
    "CRITICAL_CHECK_RESOLVED",
    "DAMAGE_CALCULATED",
    "HIT_POINT_REDUCED",
    "DAMAGE_APPLIED",
    "EFFECT_ACTION_COMPLETED",
    "EFFECT_STEP_COMPLETED",
    "PASSIVE_RESOLVED",
    "ACTION_QUEUE_CREATED",
    "ACTION_STARTED",
    "RESOURCE_CHANGED",
    "RESOURCE_CHANGED",
    "TARGETS_SELECTED",
    "SKILL_USE_STARTING",
    "SKILL_USE_STARTED",
    "EFFECT_STEP_STARTING",
    "EFFECT_ACTION_STARTING",
    "UNIT_BEING_ATTACKED",
    "HIT_CONFIRMED",
    "CRITICAL_CHECK_RESOLVED",
    "DAMAGE_CALCULATED",
    "HIT_POINT_REDUCED",
    "DAMAGE_APPLIED",
    "EFFECT_ACTION_COMPLETED",
    "EFFECT_STEP_COMPLETED",
    "SKILL_USE_COMPLETED",
    "ACTION_COMPLETING",
    "ACTION_COMPLETED",
    "ACTION_STARTED",
    "RESOURCE_CHANGED",
    "RESOURCE_CHANGED",
    "TARGETS_SELECTED",
    "SKILL_USE_STARTING",
    "SKILL_USE_STARTED",
    "EFFECT_STEP_STARTING",
    "EFFECT_ACTION_STARTING",
    "UNIT_BEING_ATTACKED",
    "HIT_CONFIRMED",
    "CRITICAL_CHECK_RESOLVED",
    "DAMAGE_CALCULATED",
    "HIT_POINT_REDUCED",
    "DAMAGE_APPLIED",
    "EFFECT_ACTION_COMPLETED",
    "EFFECT_STEP_COMPLETED",
    "SKILL_USE_COMPLETED",
    "ACTION_COMPLETING",
    "ACTION_COMPLETED",
    "ACTION_QUEUE_CREATED",
    "ACTION_STARTED",
    "RESOURCE_CHANGED",
    "RESOURCE_CHANGED",
    "TARGETS_SELECTED",
    "SKILL_USE_STARTING",
    "SKILL_USE_STARTED",
    "EFFECT_STEP_STARTING",
    "EFFECT_ACTION_STARTING",
    "UNIT_BEING_ATTACKED",
    "HIT_CONFIRMED",
    "CRITICAL_CHECK_RESOLVED",
    "DAMAGE_CALCULATED",
    "HIT_POINT_REDUCED",
    "DAMAGE_APPLIED",
    "EFFECT_ACTION_COMPLETED",
    "EFFECT_STEP_COMPLETED",
    "SKILL_USE_COMPLETED",
    "ACTION_COMPLETING",
    "ACTION_COMPLETED",
    "ACTION_STARTED",
    "RESOURCE_CHANGED",
    "RESOURCE_CHANGED",
    "TARGETS_SELECTED",
    "SKILL_USE_STARTING",
    "SKILL_USE_STARTED",
    "EFFECT_STEP_STARTING",
    "EFFECT_ACTION_STARTING",
    "UNIT_BEING_ATTACKED",
    "HIT_CONFIRMED",
    "CRITICAL_CHECK_RESOLVED",
    "DAMAGE_CALCULATED",
    "HIT_POINT_REDUCED",
    "DAMAGE_APPLIED",
    "EFFECT_ACTION_COMPLETED",
    "EFFECT_STEP_COMPLETED",
    "SKILL_USE_COMPLETED",
    "ACTION_COMPLETING",
    "ACTION_COMPLETED",
    "ACTION_QUEUE_CREATED",
    "ACTION_STARTED",
    "RESOURCE_CHANGED",
    "RESOURCE_CHANGED",
    "TARGETS_SELECTED",
    "SKILL_USE_STARTING",
    "SKILL_USE_STARTED",
    "EFFECT_STEP_STARTING",
    "EFFECT_ACTION_STARTING",
    "UNIT_BEING_ATTACKED",
    "HIT_CONFIRMED",
    "CRITICAL_CHECK_RESOLVED",
    "DAMAGE_CALCULATED",
    "HIT_POINT_REDUCED",
    "DAMAGE_APPLIED",
    "EFFECT_ACTION_COMPLETED",
    "EFFECT_STEP_COMPLETED",
    "SKILL_USE_COMPLETED",
    "ACTION_COMPLETING",
    "ACTION_COMPLETED",
    "ACTION_STARTED",
    "RESOURCE_CHANGED",
    "RESOURCE_CHANGED",
    "TARGETS_SELECTED",
    "SKILL_USE_STARTING",
    "SKILL_USE_STARTED",
    "EFFECT_STEP_STARTING",
    "EFFECT_ACTION_STARTING",
    "UNIT_BEING_ATTACKED",
    "HIT_CONFIRMED",
    "CRITICAL_CHECK_RESOLVED",
    "DAMAGE_CALCULATED",
    "HIT_POINT_REDUCED",
    "DAMAGE_APPLIED",
    "EFFECT_ACTION_COMPLETED",
    "EFFECT_STEP_COMPLETED",
    "SKILL_USE_COMPLETED",
    "ACTION_COMPLETING",
    "ACTION_COMPLETED",
    "ACTION_QUEUE_CREATED",
    "ACTION_STARTED",
    "RESOURCE_CHANGED",
    "RESOURCE_CHANGED",
    "TARGETS_SELECTED",
    "SKILL_USE_STARTING",
    "SKILL_USE_STARTED",
    "EFFECT_STEP_STARTING",
    "EFFECT_ACTION_STARTING",
    "UNIT_BEING_ATTACKED",
    "HIT_CONFIRMED",
    "CRITICAL_CHECK_RESOLVED",
    "DAMAGE_CALCULATED",
    "HIT_POINT_REDUCED",
    "DAMAGE_APPLIED",
    "EFFECT_ACTION_COMPLETED",
    "EFFECT_STEP_COMPLETED",
    "SKILL_USE_COMPLETED",
    "ACTION_COMPLETING",
    "ACTION_COMPLETED",
    "ACTION_STARTED",
    "RESOURCE_CHANGED",
    "RESOURCE_CHANGED",
    "TARGETS_SELECTED",
    "SKILL_USE_STARTING",
    "SKILL_USE_STARTED",
    "EFFECT_STEP_STARTING",
    "EFFECT_ACTION_STARTING",
    "UNIT_BEING_ATTACKED",
    "HIT_CONFIRMED",
    "CRITICAL_CHECK_RESOLVED",
    "DAMAGE_CALCULATED",
    "HIT_POINT_REDUCED",
    "DAMAGE_APPLIED",
    "EFFECT_ACTION_COMPLETED",
    "EFFECT_STEP_COMPLETED",
    "SKILL_USE_COMPLETED",
    "ACTION_COMPLETING",
    "ACTION_COMPLETED",
    "TURN_COMPLETING",
    "TURN_COMPLETED",
    "TURN_STARTED",
    "RESOURCES_RECOVERED",
    "RESOURCE_CHANGED",
    "RESOURCE_CHANGED",
    "RESOURCE_CHANGED",
    "RESOURCE_CHANGED",
    "ACTION_QUEUE_CREATED",
    "ACTION_STARTED",
    "RESOURCE_CHANGED",
    "RESOURCE_CHANGED",
    "TARGETS_SELECTED",
    "SKILL_USE_STARTING",
    "SKILL_USE_STARTED",
    "EFFECT_STEP_STARTING",
    "EFFECT_ACTION_STARTING",
    "UNIT_BEING_ATTACKED",
    "HIT_CONFIRMED",
    "CRITICAL_CHECK_RESOLVED",
    "DAMAGE_CALCULATED",
    "HIT_POINT_REDUCED",
    "DAMAGE_APPLIED",
    "EFFECT_ACTION_COMPLETED",
    "EFFECT_STEP_COMPLETED",
    "SKILL_USE_COMPLETED",
    "ACTION_COMPLETING",
    "ACTION_COMPLETED",
    "ACTION_STARTED",
    "RESOURCE_CHANGED",
    "RESOURCE_CHANGED",
    "TARGETS_SELECTED",
    "SKILL_USE_STARTING",
    "SKILL_USE_STARTED",
    "EFFECT_STEP_STARTING",
    "EFFECT_ACTION_STARTING",
    "UNIT_BEING_ATTACKED",
    "HIT_CONFIRMED",
    "CRITICAL_CHECK_RESOLVED",
    "DAMAGE_CALCULATED",
    "HIT_POINT_REDUCED",
    "DAMAGE_APPLIED",
    "EFFECT_ACTION_COMPLETED",
    "EFFECT_STEP_COMPLETED",
    "SKILL_USE_COMPLETED",
    "ACTION_COMPLETING",
    "ACTION_COMPLETED",
    "ACTION_QUEUE_CREATED",
    "ACTION_STARTED",
    "RESOURCE_CHANGED",
    "RESOURCE_CHANGED",
    "TARGETS_SELECTED",
    "SKILL_USE_STARTING",
    "SKILL_USE_STARTED",
    "EFFECT_STEP_STARTING",
    "EFFECT_ACTION_STARTING",
    "UNIT_BEING_ATTACKED",
    "HIT_CONFIRMED",
    "CRITICAL_CHECK_RESOLVED",
    "DAMAGE_CALCULATED",
    "HIT_POINT_REDUCED",
    "DAMAGE_APPLIED",
    "EFFECT_ACTION_COMPLETED",
    "EFFECT_STEP_COMPLETED",
    "SKILL_USE_COMPLETED",
    "ACTION_COMPLETING",
    "ACTION_COMPLETED",
    "ACTION_STARTED",
    "RESOURCE_CHANGED",
    "RESOURCE_CHANGED",
    "TARGETS_SELECTED",
    "SKILL_USE_STARTING",
    "SKILL_USE_STARTED",
    "EFFECT_STEP_STARTING",
    "EFFECT_ACTION_STARTING",
    "UNIT_BEING_ATTACKED",
    "HIT_CONFIRMED",
    "CRITICAL_CHECK_RESOLVED",
    "DAMAGE_CALCULATED",
    "HIT_POINT_REDUCED",
    "DAMAGE_APPLIED",
    "EFFECT_ACTION_COMPLETED",
    "EFFECT_STEP_COMPLETED",
    "SKILL_USE_COMPLETED",
    "ACTION_COMPLETING",
    "ACTION_COMPLETED",
    "ACTION_QUEUE_CREATED",
    "ACTION_STARTED",
    "RESOURCE_CHANGED",
    "TARGETS_SELECTED",
    "SKILL_USE_STARTING",
    "SKILL_USE_STARTED",
    "EFFECT_STEP_STARTING",
    "EFFECT_ACTION_STARTING",
    "UNIT_BEING_ATTACKED",
    "HIT_CONFIRMED",
    "CRITICAL_CHECK_RESOLVED",
    "DAMAGE_CALCULATED",
    "HIT_POINT_REDUCED",
    "DAMAGE_APPLIED",
    "EFFECT_ACTION_COMPLETED",
    "EFFECT_STEP_COMPLETED",
    "SKILL_USE_COMPLETED",
    "ACTION_COMPLETING",
    "ACTION_COMPLETED",
    "ACTION_STARTED",
    "RESOURCE_CHANGED",
    "TARGETS_SELECTED",
    "SKILL_USE_STARTING",
    "SKILL_USE_STARTED",
    "EFFECT_STEP_STARTING",
    "EFFECT_ACTION_STARTING",
    "UNIT_BEING_ATTACKED",
    "HIT_CONFIRMED",
    "CRITICAL_CHECK_RESOLVED",
    "DAMAGE_CALCULATED",
    "HIT_POINT_REDUCED",
    "DAMAGE_APPLIED",
    "EFFECT_ACTION_COMPLETED",
    "EFFECT_STEP_COMPLETED",
    "SKILL_USE_COMPLETED",
    "ACTION_COMPLETING",
    "ACTION_COMPLETED",
    "ACTION_QUEUE_CREATED",
    "ACTION_STARTED",
    "RESOURCE_CHANGED",
    "RESOURCE_CHANGED",
    "TARGETS_SELECTED",
    "SKILL_USE_STARTING",
    "SKILL_USE_STARTED",
    "EFFECT_STEP_STARTING",
    "EFFECT_ACTION_STARTING",
    "UNIT_BEING_ATTACKED",
    "HIT_CONFIRMED",
    "CRITICAL_CHECK_RESOLVED",
    "DAMAGE_CALCULATED",
    "HIT_POINT_REDUCED",
    "DAMAGE_APPLIED",
    "EFFECT_ACTION_COMPLETED",
    "EFFECT_STEP_COMPLETED",
    "SKILL_USE_COMPLETED",
    "ACTION_COMPLETING",
    "ACTION_COMPLETED",
    "ACTION_STARTED",
    "RESOURCE_CHANGED",
    "RESOURCE_CHANGED",
    "TARGETS_SELECTED",
    "SKILL_USE_STARTING",
    "SKILL_USE_STARTED",
    "EFFECT_STEP_STARTING",
    "EFFECT_ACTION_STARTING",
    "UNIT_BEING_ATTACKED",
    "HIT_CONFIRMED",
    "CRITICAL_CHECK_RESOLVED",
    "DAMAGE_CALCULATED",
    "HIT_POINT_REDUCED",
    "DAMAGE_APPLIED",
    "EFFECT_ACTION_COMPLETED",
    "EFFECT_STEP_COMPLETED",
    "SKILL_USE_COMPLETED",
    "ACTION_COMPLETING",
    "ACTION_COMPLETED",
    "ACTION_QUEUE_CREATED",
    "ACTION_STARTED",
    "RESOURCE_CHANGED",
    "RESOURCE_CHANGED",
    "TARGETS_SELECTED",
    "SKILL_USE_STARTING",
    "SKILL_USE_STARTED",
    "EFFECT_STEP_STARTING",
    "EFFECT_ACTION_STARTING",
    "UNIT_BEING_ATTACKED",
    "HIT_CONFIRMED",
    "CRITICAL_CHECK_RESOLVED",
    "DAMAGE_CALCULATED",
    "HIT_POINT_REDUCED",
    "DAMAGE_APPLIED",
    "EFFECT_ACTION_COMPLETED",
    "EFFECT_STEP_COMPLETED",
    "SKILL_USE_COMPLETED",
    "ACTION_COMPLETING",
    "ACTION_COMPLETED",
    "ACTION_STARTED",
    "RESOURCE_CHANGED",
    "RESOURCE_CHANGED",
    "TARGETS_SELECTED",
    "SKILL_USE_STARTING",
    "SKILL_USE_STARTED",
    "EFFECT_STEP_STARTING",
    "EFFECT_ACTION_STARTING",
    "UNIT_BEING_ATTACKED",
    "HIT_CONFIRMED",
    "CRITICAL_CHECK_RESOLVED",
    "DAMAGE_CALCULATED",
    "HIT_POINT_REDUCED",
    "DAMAGE_APPLIED",
    "EFFECT_ACTION_COMPLETED",
    "EFFECT_STEP_COMPLETED",
    "SKILL_USE_COMPLETED",
    "ACTION_COMPLETING",
    "ACTION_COMPLETED",
    "TURN_COMPLETING",
    "COOLDOWN_REDUCED",
    "COOLDOWN_REDUCED",
    "TURN_COMPLETED",
    "TURN_STARTED",
    "RESOURCES_RECOVERED",
    "RESOURCE_CHANGED",
    "RESOURCE_CHANGED",
    "ACTION_QUEUE_CREATED",
    "ACTION_STARTED",
    "RESOURCE_CHANGED",
    "RESOURCE_CHANGED",
    "TARGETS_SELECTED",
    "SKILL_USE_STARTING",
    "SKILL_USE_STARTED",
    "EFFECT_STEP_STARTING",
    "EFFECT_ACTION_STARTING",
    "UNIT_BEING_ATTACKED",
    "HIT_CONFIRMED",
    "CRITICAL_CHECK_RESOLVED",
    "DAMAGE_CALCULATED",
    "HIT_POINT_REDUCED",
    "DAMAGE_APPLIED",
    "EFFECT_ACTION_COMPLETED",
    "EFFECT_STEP_COMPLETED",
    "SKILL_USE_COMPLETED",
    "ACTION_COMPLETING",
    "ACTION_COMPLETED",
    "ACTION_STARTED",
    "RESOURCE_CHANGED",
    "RESOURCE_CHANGED",
    "TARGETS_SELECTED",
    "SKILL_USE_STARTING",
    "SKILL_USE_STARTED",
    "EFFECT_STEP_STARTING",
    "EFFECT_ACTION_STARTING",
    "UNIT_BEING_ATTACKED",
    "HIT_CONFIRMED",
    "CRITICAL_CHECK_RESOLVED",
    "DAMAGE_CALCULATED",
    "HIT_POINT_REDUCED",
    "DAMAGE_APPLIED",
    "EFFECT_ACTION_COMPLETED",
    "EFFECT_STEP_COMPLETED",
    "SKILL_USE_COMPLETED",
    "ACTION_COMPLETING",
    "ACTION_COMPLETED",
    "ACTION_QUEUE_CREATED",
    "ACTION_STARTED",
    "RESOURCE_CHANGED",
    "RESOURCE_CHANGED",
    "TARGETS_SELECTED",
    "SKILL_USE_STARTING",
    "SKILL_USE_STARTED",
    "EFFECT_STEP_STARTING",
    "EFFECT_ACTION_STARTING",
    "UNIT_BEING_ATTACKED",
    "HIT_CONFIRMED",
    "CRITICAL_CHECK_RESOLVED",
    "DAMAGE_CALCULATED",
    "HIT_POINT_REDUCED",
    "DAMAGE_APPLIED",
    "EFFECT_ACTION_COMPLETED",
    "EFFECT_STEP_COMPLETED",
    "SKILL_USE_COMPLETED",
    "ACTION_COMPLETING",
    "ACTION_COMPLETED",
    "ACTION_STARTED",
    "RESOURCE_CHANGED",
    "RESOURCE_CHANGED",
    "TARGETS_SELECTED",
    "SKILL_USE_STARTING",
    "SKILL_USE_STARTED",
    "EFFECT_STEP_STARTING",
    "EFFECT_ACTION_STARTING",
    "UNIT_BEING_ATTACKED",
    "HIT_CONFIRMED",
    "CRITICAL_CHECK_RESOLVED",
    "DAMAGE_CALCULATED",
    "HIT_POINT_REDUCED",
    "DAMAGE_APPLIED",
    "EFFECT_ACTION_COMPLETED",
    "EFFECT_STEP_COMPLETED",
    "SKILL_USE_COMPLETED",
    "ACTION_COMPLETING",
    "ACTION_COMPLETED",
    "ACTION_QUEUE_CREATED",
    "ACTION_STARTED",
    "RESOURCE_CHANGED",
    "RESOURCE_CHANGED",
    "TARGETS_SELECTED",
    "SKILL_USE_STARTING",
    "SKILL_USE_STARTED",
    "EFFECT_STEP_STARTING",
    "EFFECT_ACTION_STARTING",
    "UNIT_BEING_ATTACKED",
    "HIT_CONFIRMED",
    "CRITICAL_CHECK_RESOLVED",
    "DAMAGE_CALCULATED",
    "HIT_POINT_REDUCED",
    "DAMAGE_APPLIED",
    "EFFECT_ACTION_COMPLETED",
    "EFFECT_STEP_COMPLETED",
    "SKILL_USE_COMPLETED",
    "ACTION_COMPLETING",
    "ACTION_COMPLETED",
    "ACTION_STARTED",
    "RESOURCE_CHANGED",
    "RESOURCE_CHANGED",
    "TARGETS_SELECTED",
    "SKILL_USE_STARTING",
    "SKILL_USE_STARTED",
    "EFFECT_STEP_STARTING",
    "EFFECT_ACTION_STARTING",
    "UNIT_BEING_ATTACKED",
    "HIT_CONFIRMED",
    "CRITICAL_CHECK_RESOLVED",
    "DAMAGE_CALCULATED",
    "HIT_POINT_REDUCED",
    "DAMAGE_APPLIED",
    "EFFECT_ACTION_COMPLETED",
    "EFFECT_STEP_COMPLETED",
    "SKILL_USE_COMPLETED",
    "ACTION_COMPLETING",
    "ACTION_COMPLETED",
    "ACTION_QUEUE_CREATED",
    "ACTION_STARTED",
    "RESOURCE_CHANGED",
    "RESOURCE_CHANGED",
    "TARGETS_SELECTED",
    "SKILL_USE_STARTING",
    "SKILL_USE_STARTED",
    "EFFECT_STEP_STARTING",
    "EFFECT_ACTION_STARTING",
    "UNIT_BEING_ATTACKED",
    "HIT_CONFIRMED",
    "CRITICAL_CHECK_RESOLVED",
    "DAMAGE_CALCULATED",
    "HIT_POINT_REDUCED",
    "DAMAGE_APPLIED",
    "EFFECT_ACTION_COMPLETED",
    "EFFECT_STEP_COMPLETED",
    "SKILL_USE_COMPLETED",
    "ACTION_COMPLETING",
    "ACTION_COMPLETED",
    "ACTION_STARTED",
    "RESOURCE_CHANGED",
    "RESOURCE_CHANGED",
    "TARGETS_SELECTED",
    "SKILL_USE_STARTING",
    "SKILL_USE_STARTED",
    "EFFECT_STEP_STARTING",
    "EFFECT_ACTION_STARTING",
    "UNIT_BEING_ATTACKED",
    "HIT_CONFIRMED",
    "CRITICAL_CHECK_RESOLVED",
    "DAMAGE_CALCULATED",
    "HIT_POINT_REDUCED",
    "DAMAGE_APPLIED",
    "EFFECT_ACTION_COMPLETED",
    "EFFECT_STEP_COMPLETED",
    "SKILL_USE_COMPLETED",
    "ACTION_COMPLETING",
    "ACTION_COMPLETED",
    "TURN_COMPLETING",
    "COOLDOWN_REDUCED",
    "COOLDOWN_REDUCED",
    "TURN_COMPLETED",
    "TURN_STARTED",
    "RESOURCES_RECOVERED",
    "RESOURCE_CHANGED",
    "RESOURCE_CHANGED",
    "ACTION_QUEUE_CREATED",
    "ACTION_STARTED",
    "RESOURCE_CHANGED",
    "RESOURCE_CHANGED",
    "TARGETS_SELECTED",
    "SKILL_USE_STARTING",
    "SKILL_USE_STARTED",
    "EFFECT_STEP_STARTING",
    "EFFECT_ACTION_STARTING",
    "UNIT_BEING_ATTACKED",
    "HIT_CONFIRMED",
    "CRITICAL_CHECK_RESOLVED",
    "DAMAGE_CALCULATED",
    "HIT_POINT_REDUCED",
    "DAMAGE_APPLIED",
    "EFFECT_ACTION_COMPLETED",
    "EFFECT_STEP_COMPLETED",
    "SKILL_USE_COMPLETED",
    "ACTION_COMPLETING",
    "ACTION_COMPLETED",
    "ACTION_STARTED",
    "RESOURCE_CHANGED",
    "RESOURCE_CHANGED",
    "TARGETS_SELECTED",
    "SKILL_USE_STARTING",
    "SKILL_USE_STARTED",
    "EFFECT_STEP_STARTING",
    "EFFECT_ACTION_STARTING",
    "UNIT_BEING_ATTACKED",
    "HIT_CONFIRMED",
    "CRITICAL_CHECK_RESOLVED",
    "DAMAGE_CALCULATED",
    "HIT_POINT_REDUCED",
    "DAMAGE_APPLIED",
    "EFFECT_ACTION_COMPLETED",
    "EFFECT_STEP_COMPLETED",
    "SKILL_USE_COMPLETED",
    "ACTION_COMPLETING",
    "ACTION_COMPLETED",
    "ACTION_QUEUE_CREATED",
    "ACTION_STARTED",
    "RESOURCE_CHANGED",
    "TARGETS_SELECTED",
    "SKILL_USE_STARTING",
    "SKILL_USE_STARTED",
    "EFFECT_STEP_STARTING",
    "EFFECT_ACTION_STARTING",
    "UNIT_BEING_ATTACKED",
    "HIT_CONFIRMED",
    "CRITICAL_CHECK_RESOLVED",
    "DAMAGE_CALCULATED",
    "HIT_POINT_REDUCED",
    "DAMAGE_APPLIED",
    "EFFECT_ACTION_COMPLETED",
    "EFFECT_STEP_COMPLETED",
    "SKILL_USE_COMPLETED",
    "ACTION_COMPLETING",
    "ACTION_COMPLETED",
    "ACTION_STARTED",
    "RESOURCE_CHANGED",
    "TARGETS_SELECTED",
    "SKILL_USE_STARTING",
    "SKILL_USE_STARTED",
    "EFFECT_STEP_STARTING",
    "EFFECT_ACTION_STARTING",
    "UNIT_BEING_ATTACKED",
    "HIT_CONFIRMED",
    "CRITICAL_CHECK_RESOLVED",
    "DAMAGE_CALCULATED",
    "HIT_POINT_REDUCED",
    "DAMAGE_APPLIED",
    "EFFECT_ACTION_COMPLETED",
    "EFFECT_STEP_COMPLETED",
    "SKILL_USE_COMPLETED",
    "ACTION_COMPLETING",
    "ACTION_COMPLETED",
    "ACTION_QUEUE_CREATED",
    "ACTION_STARTED",
    "RESOURCE_CHANGED",
    "RESOURCE_CHANGED",
    "TARGETS_SELECTED",
    "SKILL_USE_STARTING",
    "SKILL_USE_STARTED",
    "EFFECT_STEP_STARTING",
    "EFFECT_ACTION_STARTING",
    "UNIT_BEING_ATTACKED",
    "HIT_CONFIRMED",
    "CRITICAL_CHECK_RESOLVED",
    "DAMAGE_CALCULATED",
    "HIT_POINT_REDUCED",
    "DAMAGE_APPLIED",
    "EFFECT_ACTION_COMPLETED",
    "EFFECT_STEP_COMPLETED",
    "SKILL_USE_COMPLETED",
    "ACTION_COMPLETING",
    "ACTION_COMPLETED",
    "ACTION_STARTED",
    "RESOURCE_CHANGED",
    "RESOURCE_CHANGED",
    "TARGETS_SELECTED",
    "SKILL_USE_STARTING",
    "SKILL_USE_STARTED",
    "EFFECT_STEP_STARTING",
    "EFFECT_ACTION_STARTING",
    "UNIT_BEING_ATTACKED",
    "HIT_CONFIRMED",
    "CRITICAL_CHECK_RESOLVED",
    "DAMAGE_CALCULATED",
    "HIT_POINT_REDUCED",
    "DAMAGE_APPLIED",
    "EFFECT_ACTION_COMPLETED",
    "EFFECT_STEP_COMPLETED",
    "SKILL_USE_COMPLETED",
    "ACTION_COMPLETING",
    "ACTION_COMPLETED",
    "ACTION_QUEUE_CREATED",
    "ACTION_STARTED",
    "RESOURCE_CHANGED",
    "RESOURCE_CHANGED",
    "TARGETS_SELECTED",
    "SKILL_USE_STARTING",
    "SKILL_USE_STARTED",
    "EFFECT_STEP_STARTING",
    "EFFECT_ACTION_STARTING",
    "UNIT_BEING_ATTACKED",
    "HIT_CONFIRMED",
    "CRITICAL_CHECK_RESOLVED",
    "DAMAGE_CALCULATED",
    "HIT_POINT_REDUCED",
    "DAMAGE_APPLIED",
    "EFFECT_ACTION_COMPLETED",
    "EFFECT_STEP_COMPLETED",
    "SKILL_USE_COMPLETED",
    "ACTION_COMPLETING",
    "ACTION_COMPLETED",
    "ACTION_STARTED",
    "RESOURCE_CHANGED",
    "RESOURCE_CHANGED",
    "TARGETS_SELECTED",
    "SKILL_USE_STARTING",
    "SKILL_USE_STARTED",
    "EFFECT_STEP_STARTING",
    "EFFECT_ACTION_STARTING",
    "UNIT_BEING_ATTACKED",
    "HIT_CONFIRMED",
    "CRITICAL_CHECK_RESOLVED",
    "DAMAGE_CALCULATED",
    "HIT_POINT_REDUCED",
    "DAMAGE_APPLIED",
    "EFFECT_ACTION_COMPLETED",
    "EFFECT_STEP_COMPLETED",
    "SKILL_USE_COMPLETED",
    "ACTION_COMPLETING",
    "ACTION_COMPLETED",
    "ACTION_QUEUE_CREATED",
    "ACTION_STARTED",
    "RESOURCE_CHANGED",
    "RESOURCE_CHANGED",
    "TARGETS_SELECTED",
    "SKILL_USE_STARTING",
    "SKILL_USE_STARTED",
    "EFFECT_STEP_STARTING",
    "EFFECT_ACTION_STARTING",
    "UNIT_BEING_ATTACKED",
    "HIT_CONFIRMED",
    "CRITICAL_CHECK_RESOLVED",
    "DAMAGE_CALCULATED",
    "HIT_POINT_REDUCED",
    "DAMAGE_APPLIED",
    "EFFECT_ACTION_COMPLETED",
    "EFFECT_STEP_COMPLETED",
    "SKILL_USE_COMPLETED",
    "ACTION_COMPLETING",
    "ACTION_COMPLETED",
    "ACTION_STARTED",
    "RESOURCE_CHANGED",
    "RESOURCE_CHANGED",
    "TARGETS_SELECTED",
    "SKILL_USE_STARTING",
    "SKILL_USE_STARTED",
    "EFFECT_STEP_STARTING",
    "EFFECT_ACTION_STARTING",
    "UNIT_BEING_ATTACKED",
    "HIT_CONFIRMED",
    "CRITICAL_CHECK_RESOLVED",
    "DAMAGE_CALCULATED",
    "HIT_POINT_REDUCED",
    "DAMAGE_APPLIED",
    "EFFECT_ACTION_COMPLETED",
    "EFFECT_STEP_COMPLETED",
    "SKILL_USE_COMPLETED",
    "ACTION_COMPLETING",
    "ACTION_COMPLETED",
    "TURN_COMPLETING",
    "COOLDOWN_REDUCED",
    "COOLDOWN_REDUCED",
    "TURN_COMPLETED",
    "TURN_STARTED",
    "RESOURCES_RECOVERED",
    "RESOURCE_CHANGED",
    "RESOURCE_CHANGED",
    "ACTION_QUEUE_CREATED",
    "ACTION_STARTED",
    "RESOURCE_CHANGED",
    "RESOURCE_CHANGED",
    "TARGETS_SELECTED",
    "SKILL_USE_STARTING",
    "SKILL_USE_STARTED",
    "EFFECT_STEP_STARTING",
    "EFFECT_ACTION_STARTING",
    "UNIT_BEING_ATTACKED",
    "HIT_CONFIRMED",
    "CRITICAL_CHECK_RESOLVED",
    "DAMAGE_CALCULATED",
    "HIT_POINT_REDUCED",
    "DAMAGE_APPLIED",
    "UNIT_DEFEATED",
    "EFFECT_ACTION_COMPLETED",
    "EFFECT_STEP_COMPLETED",
    "SKILL_USE_COMPLETED",
    "ACTION_COMPLETING",
    "ACTION_COMPLETED",
    "ACTION_RESERVATION_REMOVED",
    "BATTLE_COMPLETED",
  ],
  "outcome": "ALLY_WIN",
  "unitDefinitionId": "UNIT_CI_SMOKE_TEST",
}
`;

exports[`production Unit golden battles > E2E-GOLDEN: UNIT_KEI_JACKKNIFE completes a deterministic mirror battle and holds battle invariants 1`] = `
{
  "completedTurn": 2,
  "completionReason": "ENEMY_DEFEATED",
  "eventTypes": [
    "BATTLE_STARTED",
    "TURN_STARTED",
    "RESOURCES_RECOVERED",
    "RESOURCE_CHANGED",
    "RESOURCE_CHANGED",
    "RESOURCE_CHANGED",
    "RESOURCE_CHANGED",
    "RESOURCE_CHANGED",
    "PASSIVE_POINT_CONSUMED",
    "RESOURCE_CHANGED",
    "EXTRA_GAUGE_INCREASED",
    "PASSIVE_ACTIVATED",
    "RUNTIME_COUNTER_CHANGED",
    "EFFECT_STEP_STARTING",
    "EFFECT_ACTION_STARTING",
    "EFFECT_APPLIED",
    "COMBAT_STAT_CHANGED",
    "EFFECT_ACTION_COMPLETED",
    "EFFECT_STEP_COMPLETED",
    "PASSIVE_RESOLVED",
    "RESOURCE_CHANGED",
    "PASSIVE_POINT_CONSUMED",
    "RESOURCE_CHANGED",
    "EXTRA_GAUGE_INCREASED",
    "PASSIVE_ACTIVATED",
    "RUNTIME_COUNTER_CHANGED",
    "EFFECT_STEP_STARTING",
    "EFFECT_ACTION_STARTING",
    "EFFECT_APPLIED",
    "COMBAT_STAT_CHANGED",
    "EFFECT_ACTION_COMPLETED",
    "EFFECT_STEP_COMPLETED",
    "PASSIVE_RESOLVED",
    "ACTION_QUEUE_CREATED",
    "ACTION_STARTED",
    "RESOURCE_CHANGED",
    "RESOURCE_CHANGED",
    "TARGETS_SELECTED",
    "SKILL_USE_STARTING",
    "SKILL_USE_STARTED",
    "EFFECT_STEP_STARTING",
    "EFFECT_STEP_STARTING",
    "EFFECT_ACTION_STARTING",
    "UNIT_BEING_ATTACKED",
    "HIT_CONFIRMED",
    "CRITICAL_CHECK_RESOLVED",
    "DAMAGE_CALCULATED",
    "HIT_POINT_REDUCED",
    "DAMAGE_APPLIED",
    "EFFECT_ACTION_COMPLETED",
    "EFFECT_STEP_COMPLETED",
    "EFFECT_STEP_COMPLETED",
    "SKILL_USE_COMPLETED",
    "ACTION_COMPLETING",
    "ACTION_COMPLETED",
    "ACTION_STARTED",
    "RESOURCE_CHANGED",
    "RESOURCE_CHANGED",
    "TARGETS_SELECTED",
    "SKILL_USE_STARTING",
    "SKILL_USE_STARTED",
    "EFFECT_STEP_STARTING",
    "EFFECT_STEP_STARTING",
    "EFFECT_ACTION_STARTING",
    "UNIT_BEING_ATTACKED",
    "HIT_CONFIRMED",
    "CRITICAL_CHECK_RESOLVED",
    "DAMAGE_CALCULATED",
    "HIT_POINT_REDUCED",
    "DAMAGE_APPLIED",
    "EFFECT_ACTION_COMPLETED",
    "EFFECT_STEP_COMPLETED",
    "EFFECT_STEP_COMPLETED",
    "SKILL_USE_COMPLETED",
    "ACTION_COMPLETING",
    "ACTION_COMPLETED",
    "ACTION_QUEUE_CREATED",
    "ACTION_STARTED",
    "RESOURCE_CHANGED",
    "RESOURCE_CHANGED",
    "TARGETS_SELECTED",
    "SKILL_USE_STARTING",
    "SKILL_USE_STARTED",
    "EFFECT_STEP_STARTING",
    "EFFECT_STEP_STARTING",
    "EFFECT_ACTION_STARTING",
    "UNIT_BEING_ATTACKED",
    "HIT_CONFIRMED",
    "CRITICAL_CHECK_RESOLVED",
    "DAMAGE_CALCULATED",
    "HIT_POINT_REDUCED",
    "DAMAGE_APPLIED",
    "EFFECT_ACTION_COMPLETED",
    "EFFECT_STEP_COMPLETED",
    "EFFECT_STEP_COMPLETED",
    "SKILL_USE_COMPLETED",
    "ACTION_COMPLETING",
    "ACTION_COMPLETED",
    "ACTION_STARTED",
    "RESOURCE_CHANGED",
    "RESOURCE_CHANGED",
    "TARGETS_SELECTED",
    "SKILL_USE_STARTING",
    "SKILL_USE_STARTED",
    "EFFECT_STEP_STARTING",
    "EFFECT_STEP_STARTING",
    "EFFECT_ACTION_STARTING",
    "UNIT_BEING_ATTACKED",
    "HIT_CONFIRMED",
    "CRITICAL_CHECK_RESOLVED",
    "DAMAGE_CALCULATED",
    "HIT_POINT_REDUCED",
    "DAMAGE_APPLIED",
    "EFFECT_ACTION_COMPLETED",
    "EFFECT_STEP_COMPLETED",
    "EFFECT_STEP_COMPLETED",
    "SKILL_USE_COMPLETED",
    "ACTION_COMPLETING",
    "ACTION_COMPLETED",
    "ACTION_QUEUE_CREATED",
    "ACTION_STARTED",
    "RESOURCE_CHANGED",
    "RESOURCE_CHANGED",
    "TARGETS_SELECTED",
    "SKILL_USE_STARTING",
    "SKILL_USE_STARTED",
    "EFFECT_STEP_STARTING",
    "EFFECT_STEP_STARTING",
    "EFFECT_ACTION_STARTING",
    "UNIT_BEING_ATTACKED",
    "HIT_CONFIRMED",
    "CRITICAL_CHECK_RESOLVED",
    "DAMAGE_CALCULATED",
    "HIT_POINT_REDUCED",
    "DAMAGE_APPLIED",
    "EFFECT_ACTION_COMPLETED",
    "EFFECT_STEP_COMPLETED",
    "EFFECT_STEP_COMPLETED",
    "SKILL_USE_COMPLETED",
    "ACTION_COMPLETING",
    "ACTION_COMPLETED",
    "ACTION_STARTED",
    "RESOURCE_CHANGED",
    "RESOURCE_CHANGED",
    "TARGETS_SELECTED",
    "SKILL_USE_STARTING",
    "SKILL_USE_STARTED",
    "EFFECT_STEP_STARTING",
    "EFFECT_STEP_STARTING",
    "EFFECT_ACTION_STARTING",
    "UNIT_BEING_ATTACKED",
    "HIT_CONFIRMED",
    "CRITICAL_CHECK_RESOLVED",
    "DAMAGE_CALCULATED",
    "HIT_POINT_REDUCED",
    "DAMAGE_APPLIED",
    "EFFECT_ACTION_COMPLETED",
    "EFFECT_STEP_COMPLETED",
    "EFFECT_STEP_COMPLETED",
    "SKILL_USE_COMPLETED",
    "ACTION_COMPLETING",
    "ACTION_COMPLETED",
    "ACTION_QUEUE_CREATED",
    "ACTION_STARTED",
    "RESOURCE_CHANGED",
    "RESOURCE_CHANGED",
    "TARGETS_SELECTED",
    "SKILL_USE_STARTING",
    "SKILL_USE_STARTED",
    "EFFECT_STEP_STARTING",
    "EFFECT_STEP_STARTING",
    "EFFECT_ACTION_STARTING",
    "UNIT_BEING_ATTACKED",
    "HIT_CONFIRMED",
    "CRITICAL_CHECK_RESOLVED",
    "DAMAGE_CALCULATED",
    "HIT_POINT_REDUCED",
    "DAMAGE_APPLIED",
    "EFFECT_ACTION_COMPLETED",
    "EFFECT_STEP_COMPLETED",
    "EFFECT_STEP_COMPLETED",
    "SKILL_USE_COMPLETED",
    "ACTION_COMPLETING",
    "ACTION_COMPLETED",
    "ACTION_STARTED",
    "RESOURCE_CHANGED",
    "RESOURCE_CHANGED",
    "TARGETS_SELECTED",
    "SKILL_USE_STARTING",
    "SKILL_USE_STARTED",
    "EFFECT_STEP_STARTING",
    "EFFECT_STEP_STARTING",
    "EFFECT_ACTION_STARTING",
    "UNIT_BEING_ATTACKED",
    "HIT_CONFIRMED",
    "CRITICAL_CHECK_RESOLVED",
    "DAMAGE_CALCULATED",
    "HIT_POINT_REDUCED",
    "DAMAGE_APPLIED",
    "EFFECT_ACTION_COMPLETED",
    "EFFECT_STEP_COMPLETED",
    "EFFECT_STEP_COMPLETED",
    "SKILL_USE_COMPLETED",
    "ACTION_COMPLETING",
    "ACTION_COMPLETED",
    "TURN_COMPLETING",
    "TURN_COMPLETED",
    "TURN_STARTED",
    "RESOURCES_RECOVERED",
    "RESOURCE_CHANGED",
    "RESOURCE_CHANGED",
    "RESOURCE_CHANGED",
    "RESOURCE_CHANGED",
    "ACTION_QUEUE_CREATED",
    "ACTION_STARTED",
    "RESOURCE_CHANGED",
    "RESOURCE_CHANGED",
    "TARGETS_SELECTED",
    "SKILL_USE_STARTING",
    "SKILL_USE_STARTED",
    "EFFECT_STEP_STARTING",
    "EFFECT_STEP_STARTING",
    "EFFECT_ACTION_STARTING",
    "UNIT_BEING_ATTACKED",
    "HIT_CONFIRMED",
    "CRITICAL_CHECK_RESOLVED",
    "DAMAGE_CALCULATED",
    "HIT_POINT_REDUCED",
    "DAMAGE_APPLIED",
    "UNIT_DEFEATED",
    "EFFECT_ACTION_COMPLETED",
    "EFFECT_STEP_COMPLETED",
    "EFFECT_STEP_COMPLETED",
    "SKILL_USE_COMPLETED",
    "ACTION_COMPLETING",
    "ACTION_COMPLETED",
    "ACTION_RESERVATION_REMOVED",
    "BATTLE_COMPLETED",
  ],
  "outcome": "ALLY_WIN",
  "unitDefinitionId": "UNIT_KEI_JACKKNIFE",
}
`;
