// Vitest Snapshot v1, https://vitest.dev/guide/snapshot.html

exports[`production party golden battles > E2E-GOLDEN-PARTY: matchup +0 completes a deterministic mixed-party battle and holds battle invariants 1`] = `
{
  "ally": [
    "UNIT_ANIS_SWEETDEVIL",
    "UNIT_ANIS_TROUBLEMAKER",
    "UNIT_AOI_ELEGANT",
    "UNIT_AOI_GUARDIAN",
    "UNIT_CHIYURU_MAZE",
  ],
  "completedTurn": 1,
  "completionReason": "ALLY_DEFEATED",
  "enemy": [
    "UNIT_CHIYURU_NEWYEAR",
    "UNIT_CHIZURU_DOMESTIC",
    "UNIT_CLARA_SANTA",
    "UNIT_CLARA_TSUNDERE",
    "UNIT_DOROTHEA_GRACE",
  ],
  "eventTypeCounts": {
    "ACTION_COMPLETED": 12,
    "ACTION_COMPLETING": 12,
    "ACTION_QUEUE_CREATED": 2,
    "ACTION_RESERVATION_REMOVED": 4,
    "ACTION_STARTED": 12,
    "BATTLE_COMPLETED": 1,
    "BATTLE_STARTED": 1,
    "COMBAT_STAT_CHANGED": 20,
    "COOLDOWN_COMPLETED": 6,
    "COOLDOWN_REDUCED": 8,
    "COOLDOWN_STARTED": 20,
    "CRITICAL_CHECK_RESOLVED": 24,
    "DAMAGE_APPLIED": 24,
    "DAMAGE_CALCULATED": 24,
    "DAMAGE_WILL_BE_APPLIED": 24,
    "EFFECTIVE_EFFECT_CHANGED": 5,
    "EFFECT_ACTION_COMPLETED": 76,
    "EFFECT_ACTION_STARTING": 76,
    "EFFECT_APPLIED": 27,
    "EFFECT_CONSUMPTION_CHANGED": 5,
    "EFFECT_DURATION_REDUCED": 7,
    "EFFECT_EXPIRED": 9,
    "EFFECT_STEP_COMPLETED": 57,
    "EFFECT_STEP_STARTING": 57,
    "EVASION_ACTIVATED": 1,
    "EXTRA_GAUGE_INCREASED": 16,
    "HEAL_APPLIED": 8,
    "HIT_CONFIRMED": 24,
    "HIT_POINT_REDUCED": 24,
    "MARKER_APPLIED": 5,
    "MARKER_UPDATED": 7,
    "PASSIVE_ACTIVATED": 16,
    "PASSIVE_POINT_CONSUMED": 16,
    "PASSIVE_RESOLVED": 16,
    "RESOURCES_RECOVERED": 1,
    "RESOURCE_CHANGED": 82,
    "RUNTIME_COUNTER_CHANGED": 10,
    "RUNTIME_COUNTER_RESET": 2,
    "SHIELD_CONSUMED": 1,
    "SKILL_USE_COMPLETED": 12,
    "SKILL_USE_STARTED": 12,
    "SKILL_USE_STARTING": 12,
    "TARGETS_SELECTED": 12,
    "TURN_STARTED": 1,
    "UNIT_BEING_ATTACKED": 18,
    "UNIT_DEFEATED": 5,
  },
  "outcome": "ALLY_LOSE",
}
`;

exports[`production party golden battles > E2E-GOLDEN-PARTY: matchup 1 completes a deterministic mixed-party battle and holds battle invariants 1`] = `
{
  "ally": [
    "UNIT_CHIYURU_NEWYEAR",
    "UNIT_CHIZURU_DOMESTIC",
    "UNIT_CLARA_SANTA",
    "UNIT_CLARA_TSUNDERE",
    "UNIT_DOROTHEA_GRACE",
  ],
  "completedTurn": 1,
  "completionReason": "ALLY_DEFEATED",
  "enemy": [
    "UNIT_DOROTHEA_PIONEER",
    "UNIT_ELENA_MOODMAKER",
    "UNIT_EVIE_ECO",
    "UNIT_EVIE_KYONSHI",
    "UNIT_FEE_ACTOR",
  ],
  "eventTypeCounts": {
    "ACTION_COMPLETED": 21,
    "ACTION_COMPLETING": 21,
    "ACTION_QUEUE_CREATED": 4,
    "ACTION_RESERVATION_REMOVED": 5,
    "ACTION_STARTED": 21,
    "ACTION_WAITED": 1,
    "BATTLE_COMPLETED": 1,
    "BATTLE_STARTED": 1,
    "COMBAT_STAT_CHANGED": 39,
    "COOLDOWN_COMPLETED": 12,
    "COOLDOWN_REDUCED": 13,
    "COOLDOWN_STARTED": 18,
    "CRITICAL_CHECK_RESOLVED": 47,
    "DAMAGE_APPLIED": 60,
    "DAMAGE_CALCULATED": 47,
    "DAMAGE_REDIRECTED": 11,
    "DAMAGE_WILL_BE_APPLIED": 47,
    "EFFECTIVE_EFFECT_CHANGED": 3,
    "EFFECT_ACTION_COMPLETED": 125,
    "EFFECT_ACTION_STARTING": 125,
    "EFFECT_APPLIED": 66,
    "EFFECT_CONSUMPTION_CHANGED": 7,
    "EFFECT_DURATION_REDUCED": 23,
    "EFFECT_EXPIRED": 27,
    "EFFECT_REMOVED": 1,
    "EFFECT_STEP_COMPLETED": 69,
    "EFFECT_STEP_STARTING": 69,
    "EXTRA_GAUGE_INCREASED": 22,
    "EXTRA_GAUGE_OVERFLOW_DISCARDED": 1,
    "HEAL_APPLIED": 5,
    "HIT_CONFIRMED": 47,
    "HIT_POINT_REDUCED": 60,
    "LETHAL_DAMAGE_SURVIVED": 1,
    "LINKED_DAMAGE_GENERATED": 13,
    "MARKER_APPLIED": 3,
    "MARKER_REMOVED": 1,
    "MARKER_UPDATED": 2,
    "PASSIVE_ACTIVATED": 22,
    "PASSIVE_POINT_CONSUMED": 22,
    "PASSIVE_RESOLVED": 22,
    "RESOURCES_RECOVERED": 1,
    "RESOURCE_CHANGED": 113,
    "RUNTIME_COUNTER_CHANGED": 21,
    "SHIELD_CONSUMED": 3,
    "SKILL_USE_COMPLETED": 20,
    "SKILL_USE_STARTED": 20,
    "SKILL_USE_STARTING": 20,
    "TARGETS_SELECTED": 20,
    "TURN_STARTED": 1,
    "UNIT_BEING_ATTACKED": 34,
    "UNIT_DEFEATED": 8,
  },
  "outcome": "ALLY_LOSE",
}
`;

exports[`production party golden battles > E2E-GOLDEN-PARTY: matchup 2 completes a deterministic mixed-party battle and holds battle invariants 1`] = `
{
  "ally": [
    "UNIT_DOROTHEA_PIONEER",
    "UNIT_ELENA_MOODMAKER",
    "UNIT_EVIE_ECO",
    "UNIT_EVIE_KYONSHI",
    "UNIT_FEE_ACTOR",
  ],
  "completedTurn": 2,
  "completionReason": "ALLY_DEFEATED",
  "enemy": [
    "UNIT_FEE_BATH",
    "UNIT_FLUTE_INFLUENCER",
    "UNIT_FLUTE_VAMPIRE",
    "UNIT_HARRIET_SAGE",
    "UNIT_HIIRO_LONEWOLF",
  ],
  "eventTypeCounts": {
    "ACTION_COMPLETED": 39,
    "ACTION_COMPLETING": 39,
    "ACTION_QUEUE_CREATED": 6,
    "ACTION_RESERVATION_REMOVED": 6,
    "ACTION_STARTED": 39,
    "ACTION_WAITED": 2,
    "BATTLE_COMPLETED": 1,
    "BATTLE_STARTED": 1,
    "COMBAT_STAT_CHANGED": 22,
    "COOLDOWN_COMPLETED": 19,
    "COOLDOWN_REDUCED": 23,
    "COOLDOWN_STARTED": 25,
    "CRITICAL_CHECK_RESOLVED": 72,
    "DAMAGE_APPLIED": 76,
    "DAMAGE_CALCULATED": 72,
    "DAMAGE_REDIRECTED": 13,
    "DAMAGE_WILL_BE_APPLIED": 72,
    "EFFECTIVE_EFFECT_CHANGED": 2,
    "EFFECT_ACTION_COMPLETED": 181,
    "EFFECT_ACTION_STARTING": 181,
    "EFFECT_APPLIED": 81,
    "EFFECT_CONSUMPTION_CHANGED": 18,
    "EFFECT_DURATION_REDUCED": 37,
    "EFFECT_EXPIRED": 40,
    "EFFECT_REMOVED": 1,
    "EFFECT_STEP_COMPLETED": 117,
    "EFFECT_STEP_STARTING": 117,
    "EVASION_ACTIVATED": 1,
    "EXTRA_GAUGE_INCREASED": 27,
    "EXTRA_GAUGE_OVERFLOW_DISCARDED": 3,
    "HEALING_TRANSFERRED": 6,
    "HEAL_APPLIED": 60,
    "HIT_CONFIRMED": 72,
    "HIT_POINT_REDUCED": 76,
    "LINKED_DAMAGE_GENERATED": 4,
    "MARKER_APPLIED": 6,
    "MARKER_UPDATED": 1,
    "PASSIVE_ACTIVATED": 29,
    "PASSIVE_POINT_CONSUMED": 29,
    "PASSIVE_RESOLVED": 29,
    "RESOURCES_RECOVERED": 2,
    "RESOURCE_CHANGED": 162,
    "RUNTIME_COUNTER_CHANGED": 7,
    "SHIELD_CONSUMED": 2,
    "SKILL_USE_COMPLETED": 37,
    "SKILL_USE_STARTED": 37,
    "SKILL_USE_STARTING": 37,
    "TARGETS_SELECTED": 37,
    "TURN_COMPLETED": 1,
    "TURN_COMPLETING": 1,
    "TURN_STARTED": 2,
    "UNIT_BEING_ATTACKED": 65,
    "UNIT_DEFEATED": 6,
  },
  "outcome": "ALLY_LOSE",
}
`;

exports[`production party golden battles > E2E-GOLDEN-PARTY: matchup 3 completes a deterministic mixed-party battle and holds battle invariants 1`] = `
{
  "ally": [
    "UNIT_FEE_BATH",
    "UNIT_FLUTE_INFLUENCER",
    "UNIT_FLUTE_VAMPIRE",
    "UNIT_HARRIET_SAGE",
    "UNIT_HIIRO_LONEWOLF",
  ],
  "completedTurn": 1,
  "completionReason": "ALLY_DEFEATED",
  "enemy": [
    "UNIT_JULIE_SNOW",
    "UNIT_JUNKA_CHILDHOOD",
    "UNIT_KARINA_DOWNER",
    "UNIT_KATE_PALADIN",
    "UNIT_KEI_JACKKNIFE",
  ],
  "eventTypeCounts": {
    "ACTION_COMPLETED": 24,
    "ACTION_COMPLETING": 24,
    "ACTION_QUEUE_CREATED": 4,
    "ACTION_RESERVATION_REMOVED": 4,
    "ACTION_STARTED": 24,
    "BATTLE_COMPLETED": 1,
    "BATTLE_STARTED": 1,
    "COMBAT_STAT_CHANGED": 49,
    "CONTINUOUS_DAMAGE_APPLIED": 5,
    "COOLDOWN_COMPLETED": 17,
    "COOLDOWN_REDUCED": 23,
    "COOLDOWN_STARTED": 22,
    "CRITICAL_CHECK_RESOLVED": 56,
    "DAMAGE_APPLIED": 56,
    "DAMAGE_CALCULATED": 56,
    "DAMAGE_REDIRECTED": 4,
    "DAMAGE_WILL_BE_APPLIED": 56,
    "EFFECT_ACTION_COMPLETED": 160,
    "EFFECT_ACTION_STARTING": 160,
    "EFFECT_APPLIED": 84,
    "EFFECT_CONSUMPTION_CHANGED": 13,
    "EFFECT_DURATION_REDUCED": 38,
    "EFFECT_EXPIRED": 34,
    "EFFECT_REMOVED": 4,
    "EFFECT_STEP_COMPLETED": 92,
    "EFFECT_STEP_STARTING": 92,
    "EVASION_ACTIVATED": 1,
    "EXTRA_GAUGE_INCREASED": 26,
    "HEAL_APPLIED": 22,
    "HIT_CONFIRMED": 56,
    "HIT_POINT_REDUCED": 56,
    "LETHAL_DAMAGE_SURVIVED": 1,
    "MARKER_APPLIED": 7,
    "MARKER_REMOVED": 1,
    "MARKER_UPDATED": 3,
    "PASSIVE_ACTIVATED": 26,
    "PASSIVE_POINT_CONSUMED": 26,
    "PASSIVE_RESOLVED": 26,
    "RESOURCES_RECOVERED": 1,
    "RESOURCE_CHANGED": 130,
    "RUNTIME_COUNTER_CHANGED": 6,
    "SHIELD_CONSUMED": 3,
    "SKILL_USE_COMPLETED": 24,
    "SKILL_USE_STARTED": 24,
    "SKILL_USE_STARTING": 24,
    "TARGETS_SELECTED": 24,
    "TURN_STARTED": 1,
    "UNIT_BEING_ATTACKED": 48,
    "UNIT_DEFEATED": 6,
  },
  "outcome": "ALLY_LOSE",
}
`;

exports[`production party golden battles > E2E-GOLDEN-PARTY: matchup 4 completes a deterministic mixed-party battle and holds battle invariants 1`] = `
{
  "ally": [
    "UNIT_JULIE_SNOW",
    "UNIT_JUNKA_CHILDHOOD",
    "UNIT_KARINA_DOWNER",
    "UNIT_KATE_PALADIN",
    "UNIT_KEI_JACKKNIFE",
  ],
  "completedTurn": 1,
  "completionReason": "ALLY_DEFEATED",
  "enemy": [
    "UNIT_KOKORO_SPORTSDAY",
    "UNIT_KOTOHA_REBEL",
    "UNIT_LAURA_MOUNTAIN",
    "UNIT_LAYLA_ENTREPRENEUR",
    "UNIT_LILY_HERO",
  ],
  "eventTypeCounts": {
    "ACTION_COMPLETED": 13,
    "ACTION_COMPLETING": 13,
    "ACTION_QUEUE_CREATED": 2,
    "ACTION_RESERVATION_REMOVED": 2,
    "ACTION_STARTED": 13,
    "BATTLE_COMPLETED": 1,
    "BATTLE_STARTED": 1,
    "COMBAT_STAT_CHANGED": 22,
    "CONTINUOUS_DAMAGE_APPLIED": 3,
    "COOLDOWN_COMPLETED": 2,
    "COOLDOWN_REDUCED": 6,
    "COOLDOWN_STARTED": 12,
    "CRITICAL_CHECK_RESOLVED": 54,
    "DAMAGE_APPLIED": 54,
    "DAMAGE_CALCULATED": 54,
    "DAMAGE_REDIRECTED": 7,
    "DAMAGE_WILL_BE_APPLIED": 54,
    "EFFECT_ACTION_COMPLETED": 94,
    "EFFECT_ACTION_STARTING": 94,
    "EFFECT_APPLIED": 38,
    "EFFECT_CONSUMPTION_CHANGED": 3,
    "EFFECT_DURATION_REDUCED": 28,
    "EFFECT_EXPIRED": 18,
    "EFFECT_STEP_COMPLETED": 67,
    "EFFECT_STEP_STARTING": 67,
    "EXTRA_GAUGE_INCREASED": 18,
    "HEAL_APPLIED": 3,
    "HIT_CONFIRMED": 54,
    "HIT_POINT_REDUCED": 54,
    "MARKER_APPLIED": 4,
    "MARKER_REMOVED": 1,
    "MARKER_UPDATED": 1,
    "PASSIVE_ACTIVATED": 18,
    "PASSIVE_POINT_CONSUMED": 18,
    "PASSIVE_RESOLVED": 18,
    "RANDOM_BRANCH_SELECTED": 4,
    "RESOURCES_RECOVERED": 1,
    "RESOURCE_CHANGED": 84,
    "RUNTIME_COUNTER_CHANGED": 8,
    "SKILL_USE_COMPLETED": 12,
    "SKILL_USE_STARTED": 12,
    "SKILL_USE_STARTING": 12,
    "TARGETS_SELECTED": 12,
    "TURN_STARTED": 1,
    "UNIT_BEING_ATTACKED": 35,
    "UNIT_DEFEATED": 8,
  },
  "outcome": "ALLY_LOSE",
}
`;

exports[`production party golden battles > E2E-GOLDEN-PARTY: matchup 5 completes a deterministic mixed-party battle and holds battle invariants 1`] = `
{
  "ally": [
    "UNIT_KOKORO_SPORTSDAY",
    "UNIT_KOTOHA_REBEL",
    "UNIT_LAURA_MOUNTAIN",
    "UNIT_LAYLA_ENTREPRENEUR",
    "UNIT_LILY_HERO",
  ],
  "completedTurn": 1,
  "completionReason": "ENEMY_DEFEATED",
  "enemy": [
    "UNIT_LILY_SINGER",
    "UNIT_LUCIE_COMPANION",
    "UNIT_LUCIE_MAID",
    "UNIT_LUNA_HUNGRY",
    "UNIT_LYDIA_GENIUS",
  ],
  "eventTypeCounts": {
    "ACTION_COMPLETED": 11,
    "ACTION_COMPLETING": 11,
    "ACTION_QUEUE_CREATED": 2,
    "ACTION_RESERVATION_REMOVED": 3,
    "ACTION_STARTED": 11,
    "BATTLE_COMPLETED": 1,
    "BATTLE_STARTED": 1,
    "COMBAT_STAT_CHANGED": 18,
    "CONTINUOUS_DAMAGE_APPLIED": 1,
    "COOLDOWN_COMPLETED": 3,
    "COOLDOWN_REDUCED": 4,
    "COOLDOWN_STARTED": 14,
    "CRITICAL_CHECK_RESOLVED": 33,
    "DAMAGE_APPLIED": 37,
    "DAMAGE_CALCULATED": 33,
    "DAMAGE_REDIRECTED": 2,
    "DAMAGE_WILL_BE_APPLIED": 33,
    "EFFECT_ACTION_COMPLETED": 75,
    "EFFECT_ACTION_STARTING": 75,
    "EFFECT_APPLIED": 39,
    "EFFECT_CONSUMPTION_CHANGED": 10,
    "EFFECT_DURATION_REDUCED": 11,
    "EFFECT_EXPIRED": 23,
    "EFFECT_STEP_COMPLETED": 50,
    "EFFECT_STEP_STARTING": 50,
    "EXTRA_GAUGE_INCREASED": 15,
    "HIT_CONFIRMED": 33,
    "HIT_POINT_REDUCED": 37,
    "MARKER_APPLIED": 1,
    "PASSIVE_ACTIVATED": 15,
    "PASSIVE_POINT_CONSUMED": 15,
    "PASSIVE_RESOLVED": 15,
    "RANDOM_BRANCH_SELECTED": 2,
    "REFLECTED_DAMAGE_GENERATED": 4,
    "RESOURCES_RECOVERED": 1,
    "RESOURCE_CHANGED": 75,
    "RUNTIME_COUNTER_CHANGED": 3,
    "SHIELD_CONSUMED": 2,
    "SKILL_USE_COMPLETED": 11,
    "SKILL_USE_STARTED": 11,
    "SKILL_USE_STARTING": 11,
    "TARGETS_SELECTED": 11,
    "TURN_STARTED": 1,
    "UNIT_BEING_ATTACKED": 26,
    "UNIT_DEFEATED": 6,
  },
  "outcome": "ALLY_WIN",
}
`;

exports[`production party golden battles > E2E-GOLDEN-PARTY: matchup 6 completes a deterministic mixed-party battle and holds battle invariants 1`] = `
{
  "ally": [
    "UNIT_LILY_SINGER",
    "UNIT_LUCIE_COMPANION",
    "UNIT_LUCIE_MAID",
    "UNIT_LUNA_HUNGRY",
    "UNIT_LYDIA_GENIUS",
  ],
  "completedTurn": 1,
  "completionReason": "ALLY_DEFEATED",
  "enemy": [
    "UNIT_MAIA_LAZY",
    "UNIT_MAIA_SALON",
    "UNIT_MAO_COMMITTEE",
    "UNIT_MAO_SUMMER",
    "UNIT_MEIYA_FATED",
  ],
  "eventTypeCounts": {
    "ACTION_COMPLETED": 19,
    "ACTION_COMPLETING": 19,
    "ACTION_QUEUE_CREATED": 3,
    "ACTION_QUEUE_REORDERED": 1,
    "ACTION_RESERVATION_REMOVED": 3,
    "ACTION_STARTED": 19,
    "ACTION_WAITED": 1,
    "BATTLE_COMPLETED": 1,
    "BATTLE_STARTED": 1,
    "COMBAT_STAT_CHANGED": 24,
    "COOLDOWN_COMPLETED": 7,
    "COOLDOWN_REDUCED": 12,
    "COOLDOWN_STARTED": 19,
    "CRITICAL_CHECK_RESOLVED": 35,
    "DAMAGE_APPLIED": 37,
    "DAMAGE_CALCULATED": 35,
    "DAMAGE_REDIRECTED": 1,
    "DAMAGE_WILL_BE_APPLIED": 35,
    "EFFECT_ACTION_COMPLETED": 108,
    "EFFECT_ACTION_STARTING": 108,
    "EFFECT_APPLICATION_REJECTED": 4,
    "EFFECT_APPLIED": 54,
    "EFFECT_CONSUMPTION_CHANGED": 19,
    "EFFECT_DURATION_REDUCED": 18,
    "EFFECT_EXPIRED": 42,
    "EFFECT_REMOVED": 2,
    "EFFECT_STEP_COMPLETED": 59,
    "EFFECT_STEP_STARTING": 59,
    "EXTRA_GAUGE_INCREASED": 15,
    "HEAL_APPLIED": 5,
    "HIT_CONFIRMED": 35,
    "HIT_POINT_REDUCED": 37,
    "MARKER_APPLIED": 2,
    "PASSIVE_ACTIVATED": 15,
    "PASSIVE_POINT_CONSUMED": 15,
    "PASSIVE_RESOLVED": 15,
    "REFLECTED_DAMAGE_GENERATED": 2,
    "RESOURCES_RECOVERED": 1,
    "RESOURCE_CHANGED": 92,
    "RUNTIME_COUNTER_CHANGED": 4,
    "SHIELD_CONSUMED": 10,
    "SKILL_USE_COMPLETED": 18,
    "SKILL_USE_STARTED": 18,
    "SKILL_USE_STARTING": 18,
    "TARGETS_SELECTED": 18,
    "TURN_STARTED": 1,
    "UNIT_BEING_ATTACKED": 37,
    "UNIT_DEFEATED": 6,
  },
  "outcome": "ALLY_LOSE",
}
`;

exports[`production party golden battles > E2E-GOLDEN-PARTY: matchup 7 completes a deterministic mixed-party battle and holds battle invariants 1`] = `
{
  "ally": [
    "UNIT_MAIA_LAZY",
    "UNIT_MAIA_SALON",
    "UNIT_MAO_COMMITTEE",
    "UNIT_MAO_SUMMER",
    "UNIT_MEIYA_FATED",
  ],
  "completedTurn": 1,
  "completionReason": "ALLY_DEFEATED",
  "enemy": [
    "UNIT_MERU_FLATSPIN",
    "UNIT_MERU_SIRIUS",
    "UNIT_MIHIME_SNIPER",
    "UNIT_MIKOTO_SURVIVOR",
    "UNIT_MIRIAM_MAGE",
  ],
  "eventTypeCounts": {
    "ACTION_COMPLETED": 7,
    "ACTION_COMPLETING": 7,
    "ACTION_QUEUE_CREATED": 2,
    "ACTION_RESERVATION_REMOVED": 5,
    "ACTION_STARTED": 7,
    "BATTLE_COMPLETED": 1,
    "BATTLE_STARTED": 1,
    "COMBAT_STAT_CHANGED": 17,
    "COOLDOWN_COMPLETED": 2,
    "COOLDOWN_REDUCED": 2,
    "COOLDOWN_STARTED": 10,
    "CRITICAL_CHECK_RESOLVED": 15,
    "DAMAGE_APPLIED": 15,
    "DAMAGE_CALCULATED": 15,
    "DAMAGE_WILL_BE_APPLIED": 15,
    "EFFECT_ACTION_COMPLETED": 47,
    "EFFECT_ACTION_STARTING": 47,
    "EFFECT_APPLIED": 24,
    "EFFECT_CONSUMPTION_CHANGED": 4,
    "EFFECT_DURATION_REDUCED": 2,
    "EFFECT_EXPIRED": 9,
    "EFFECT_REMOVED": 1,
    "EFFECT_STEP_COMPLETED": 24,
    "EFFECT_STEP_STARTING": 24,
    "EXTRA_GAUGE_INCREASED": 7,
    "HEAL_APPLIED": 1,
    "HIT_CONFIRMED": 15,
    "HIT_POINT_REDUCED": 15,
    "PASSIVE_ACTIVATED": 7,
    "PASSIVE_POINT_CONSUMED": 7,
    "PASSIVE_RESOLVED": 7,
    "RESOURCES_RECOVERED": 1,
    "RESOURCE_CHANGED": 50,
    "RUNTIME_COUNTER_CHANGED": 3,
    "SHIELD_CONSUMED": 1,
    "SKILL_USE_COMPLETED": 7,
    "SKILL_USE_STARTED": 7,
    "SKILL_USE_STARTING": 7,
    "TARGETS_SELECTED": 7,
    "TURN_STARTED": 1,
    "UNIT_BEING_ATTACKED": 14,
    "UNIT_DEFEATED": 6,
  },
  "outcome": "ALLY_LOSE",
}
`;

exports[`production party golden battles > E2E-GOLDEN-PARTY: matchup 8 completes a deterministic mixed-party battle and holds battle invariants 1`] = `
{
  "ally": [
    "UNIT_MERU_FLATSPIN",
    "UNIT_MERU_SIRIUS",
    "UNIT_MIHIME_SNIPER",
    "UNIT_MIKOTO_SURVIVOR",
    "UNIT_MIRIAM_MAGE",
  ],
  "completedTurn": 1,
  "completionReason": "ENEMY_DEFEATED",
  "enemy": [
    "UNIT_NADYA_SUCCESSOR",
    "UNIT_NANAE_COMMANDER",
    "UNIT_NOEL_RUMBLE",
    "UNIT_OLGA_VETERAN",
    "UNIT_RAMI_NEWYEAR",
  ],
  "eventTypeCounts": {
    "ACTION_COMPLETED": 10,
    "ACTION_COMPLETING": 10,
    "ACTION_QUEUE_CREATED": 2,
    "ACTION_QUEUE_REORDERED": 1,
    "ACTION_RESERVATION_REMOVED": 4,
    "ACTION_STARTED": 10,
    "BATTLE_COMPLETED": 1,
    "BATTLE_STARTED": 1,
    "COMBAT_STAT_CHANGED": 14,
    "COOLDOWN_COMPLETED": 5,
    "COOLDOWN_REDUCED": 7,
    "COOLDOWN_STARTED": 15,
    "CRITICAL_CHECK_RESOLVED": 25,
    "DAMAGE_APPLIED": 25,
    "DAMAGE_CALCULATED": 25,
    "DAMAGE_WILL_BE_APPLIED": 25,
    "EFFECT_ACTION_COMPLETED": 47,
    "EFFECT_ACTION_STARTING": 47,
    "EFFECT_APPLIED": 21,
    "EFFECT_CONSUMPTION_CHANGED": 5,
    "EFFECT_DURATION_REDUCED": 3,
    "EFFECT_EXPIRED": 11,
    "EFFECT_STEP_COMPLETED": 36,
    "EFFECT_STEP_STARTING": 36,
    "EXTRA_GAUGE_INCREASED": 9,
    "HEAL_APPLIED": 1,
    "HIT_CONFIRMED": 25,
    "HIT_POINT_REDUCED": 25,
    "LETHAL_DAMAGE_SURVIVED": 1,
    "PASSIVE_ACTIVATED": 9,
    "PASSIVE_POINT_CONSUMED": 9,
    "PASSIVE_RESOLVED": 9,
    "RANDOM_BRANCH_SELECTED": 1,
    "RESOURCES_RECOVERED": 1,
    "RESOURCE_CHANGED": 59,
    "RUNTIME_COUNTER_CHANGED": 2,
    "SKILL_USE_COMPLETED": 10,
    "SKILL_USE_STARTED": 10,
    "SKILL_USE_STARTING": 10,
    "SUB_UNIT_DAMAGED": 4,
    "TARGETS_SELECTED": 10,
    "TURN_STARTED": 1,
    "UNIT_BEING_ATTACKED": 21,
    "UNIT_DEFEATED": 5,
  },
  "outcome": "ALLY_WIN",
}
`;

exports[`production party golden battles > E2E-GOLDEN-PARTY: matchup 9 completes a deterministic mixed-party battle and holds battle invariants 1`] = `
{
  "ally": [
    "UNIT_NADYA_SUCCESSOR",
    "UNIT_NANAE_COMMANDER",
    "UNIT_NOEL_RUMBLE",
    "UNIT_OLGA_VETERAN",
    "UNIT_RAMI_NEWYEAR",
  ],
  "completedTurn": 1,
  "completionReason": "ENEMY_DEFEATED",
  "enemy": [
    "UNIT_RAMI_UNYIELDING",
    "UNIT_RAVEL_MODEL",
    "UNIT_ROSIE_ARTIST",
    "UNIT_SAYA_BUNNY",
    "UNIT_SAYA_LONGING",
  ],
  "eventTypeCounts": {
    "ACTION_COMPLETED": 8,
    "ACTION_COMPLETING": 8,
    "ACTION_QUEUE_CREATED": 2,
    "ACTION_RESERVATION_REMOVED": 4,
    "ACTION_STARTED": 8,
    "BATTLE_COMPLETED": 1,
    "BATTLE_STARTED": 1,
    "COMBAT_STAT_CHANGED": 7,
    "COOLDOWN_COMPLETED": 2,
    "COOLDOWN_REDUCED": 4,
    "COOLDOWN_STARTED": 15,
    "CRITICAL_CHECK_RESOLVED": 26,
    "DAMAGE_APPLIED": 26,
    "DAMAGE_CALCULATED": 26,
    "DAMAGE_WILL_BE_APPLIED": 26,
    "EFFECT_ACTION_COMPLETED": 48,
    "EFFECT_ACTION_STARTING": 48,
    "EFFECT_APPLIED": 23,
    "EFFECT_CONSUMPTION_CHANGED": 6,
    "EFFECT_DURATION_REDUCED": 3,
    "EFFECT_EXPIRED": 7,
    "EFFECT_STEP_COMPLETED": 39,
    "EFFECT_STEP_STARTING": 39,
    "EXTRA_GAUGE_INCREASED": 10,
    "HEAL_APPLIED": 3,
    "HIT_CONFIRMED": 26,
    "HIT_POINT_REDUCED": 26,
    "LETHAL_DAMAGE_SURVIVED": 1,
    "PASSIVE_ACTIVATED": 10,
    "PASSIVE_POINT_CONSUMED": 10,
    "PASSIVE_RESOLVED": 10,
    "RANDOM_BRANCH_SELECTED": 1,
    "RESOURCES_RECOVERED": 1,
    "RESOURCE_CHANGED": 59,
    "RUNTIME_COUNTER_CHANGED": 3,
    "SKILL_USE_COMPLETED": 8,
    "SKILL_USE_STARTED": 8,
    "SKILL_USE_STARTING": 8,
    "SUB_UNIT_DAMAGED": 1,
    "TARGETS_SELECTED": 8,
    "TURN_STARTED": 1,
    "UNIT_BEING_ATTACKED": 16,
    "UNIT_DEFEATED": 7,
  },
  "outcome": "ALLY_WIN",
}
`;

exports[`production party golden battles > E2E-GOLDEN-PARTY: matchup 10 completes a deterministic mixed-party battle and holds battle invariants 1`] = `
{
  "ally": [
    "UNIT_RAMI_UNYIELDING",
    "UNIT_RAVEL_MODEL",
    "UNIT_ROSIE_ARTIST",
    "UNIT_SAYA_BUNNY",
    "UNIT_SAYA_LONGING",
  ],
  "completedTurn": 1,
  "completionReason": "ENEMY_DEFEATED",
  "enemy": [
    "UNIT_SENKA_CHRISTMAS",
    "UNIT_SENKA_SCHEMER",
    "UNIT_SHIRANA_LUCKY",
    "UNIT_SHIRANA_SORA",
    "UNIT_SHOUKA_BEACH",
  ],
  "eventTypeCounts": {
    "ACTION_COMPLETED": 13,
    "ACTION_COMPLETING": 13,
    "ACTION_QUEUE_CREATED": 2,
    "ACTION_RESERVATION_REMOVED": 5,
    "ACTION_STARTED": 13,
    "BATTLE_COMPLETED": 1,
    "BATTLE_STARTED": 1,
    "COMBAT_STAT_CHANGED": 7,
    "CONTINUOUS_DAMAGE_APPLIED": 2,
    "COOLDOWN_COMPLETED": 7,
    "COOLDOWN_REDUCED": 8,
    "COOLDOWN_STARTED": 15,
    "CRITICAL_CHECK_RESOLVED": 17,
    "DAMAGE_APPLIED": 24,
    "DAMAGE_CALCULATED": 17,
    "DAMAGE_WILL_BE_APPLIED": 17,
    "EFFECT_ACTION_COMPLETED": 51,
    "EFFECT_ACTION_STARTING": 51,
    "EFFECT_APPLIED": 32,
    "EFFECT_CONSUMPTION_CHANGED": 12,
    "EFFECT_DURATION_REDUCED": 10,
    "EFFECT_EXPIRED": 10,
    "EFFECT_STEP_COMPLETED": 41,
    "EFFECT_STEP_STARTING": 41,
    "EXTRA_GAUGE_INCREASED": 10,
    "HEAL_APPLIED": 1,
    "HIT_CONFIRMED": 17,
    "HIT_POINT_REDUCED": 24,
    "LINKED_DAMAGE_GENERATED": 7,
    "MARKER_APPLIED": 1,
    "PASSIVE_ACTIVATED": 10,
    "PASSIVE_POINT_CONSUMED": 10,
    "PASSIVE_RESOLVED": 10,
    "RESOURCES_RECOVERED": 1,
    "RESOURCE_CHANGED": 66,
    "RUNTIME_COUNTER_CHANGED": 2,
    "SKILL_USE_COMPLETED": 13,
    "SKILL_USE_STARTED": 13,
    "SKILL_USE_STARTING": 13,
    "SUB_UNIT_DAMAGED": 2,
    "TARGETS_SELECTED": 13,
    "TURN_STARTED": 1,
    "UNIT_BEING_ATTACKED": 14,
    "UNIT_DEFEATED": 5,
  },
  "outcome": "ALLY_WIN",
}
`;

exports[`production party golden battles > E2E-GOLDEN-PARTY: matchup 11 completes a deterministic mixed-party battle and holds battle invariants 1`] = `
{
  "ally": [
    "UNIT_SENKA_CHRISTMAS",
    "UNIT_SENKA_SCHEMER",
    "UNIT_SHIRANA_LUCKY",
    "UNIT_SHIRANA_SORA",
    "UNIT_SHOUKA_BEACH",
  ],
  "completedTurn": 2,
  "completionReason": "ALLY_DEFEATED",
  "enemy": [
    "UNIT_SHOUKA_SCHEMER",
    "UNIT_SIENA_DIVA",
    "UNIT_SIENA_OFFSTAGE",
    "UNIT_STELLA_STATUE",
    "UNIT_SUIRAN_CASINO",
  ],
  "eventTypeCounts": {
    "ACTION_COMPLETED": 33,
    "ACTION_COMPLETING": 33,
    "ACTION_QUEUE_CREATED": 7,
    "ACTION_RESERVATION_REMOVED": 3,
    "ACTION_STARTED": 33,
    "ACTION_WAITED": 4,
    "BATTLE_COMPLETED": 1,
    "BATTLE_STARTED": 1,
    "BLINDNESS_CHECK_RESOLVED": 1,
    "CHARGE_RELEASED": 1,
    "CHARGE_RELEASE_COMPLETED": 1,
    "CHARGE_STARTED": 2,
    "COMBAT_STAT_CHANGED": 45,
    "CONTINUOUS_DAMAGE_APPLIED": 5,
    "COOLDOWN_COMPLETED": 13,
    "COOLDOWN_REDUCED": 24,
    "COOLDOWN_STARTED": 25,
    "CRITICAL_CHECK_RESOLVED": 42,
    "DAMAGE_APPLIED": 53,
    "DAMAGE_CALCULATED": 42,
    "DAMAGE_WILL_BE_APPLIED": 42,
    "EFFECTIVE_EFFECT_CHANGED": 13,
    "EFFECT_ACTION_COMPLETED": 137,
    "EFFECT_ACTION_STARTING": 137,
    "EFFECT_APPLICATION_REJECTED": 1,
    "EFFECT_APPLIED": 84,
    "EFFECT_CONSUMPTION_CHANGED": 20,
    "EFFECT_DURATION_REDUCED": 36,
    "EFFECT_EXPIRED": 48,
    "EFFECT_REMOVED": 8,
    "EFFECT_STEP_COMPLETED": 95,
    "EFFECT_STEP_STARTING": 95,
    "EVASION_ACTIVATED": 2,
    "EXTRA_GAUGE_INCREASED": 19,
    "EXTRA_GAUGE_OVERFLOW_DISCARDED": 1,
    "HEAL_APPLIED": 6,
    "HIT_CONFIRMED": 42,
    "HIT_POINT_REDUCED": 53,
    "LINKED_DAMAGE_GENERATED": 11,
    "MARKER_APPLIED": 3,
    "MARKER_REMOVED": 1,
    "MARKER_UPDATED": 3,
    "PASSIVE_ACTIVATED": 20,
    "PASSIVE_POINT_CONSUMED": 20,
    "PASSIVE_RESOLVED": 20,
    "RESOURCES_RECOVERED": 2,
    "RESOURCE_CHANGED": 128,
    "RUNTIME_COUNTER_CHANGED": 6,
    "SHIELD_CONSUMED": 8,
    "SKILL_MISSED": 1,
    "SKILL_USE_COMPLETED": 25,
    "SKILL_USE_STARTED": 25,
    "SKILL_USE_STARTING": 25,
    "SUB_UNIT_DAMAGED": 5,
    "TARGETS_SELECTED": 26,
    "TURN_COMPLETED": 1,
    "TURN_COMPLETING": 1,
    "TURN_STARTED": 2,
    "UNIT_BEING_ATTACKED": 29,
    "UNIT_DEFEATED": 8,
  },
  "outcome": "ALLY_LOSE",
}
`;

exports[`production party golden battles > E2E-GOLDEN-PARTY: matchup 12 completes a deterministic mixed-party battle and holds battle invariants 1`] = `
{
  "ally": [
    "UNIT_SHOUKA_SCHEMER",
    "UNIT_SIENA_DIVA",
    "UNIT_SIENA_OFFSTAGE",
    "UNIT_STELLA_STATUE",
    "UNIT_SUIRAN_CASINO",
  ],
  "completedTurn": 1,
  "completionReason": "ALLY_DEFEATED",
  "enemy": [
    "UNIT_SUIRAN_CHAOS",
    "UNIT_TARISA_TROUBLEMAKER",
    "UNIT_TATIANA_SAGE",
    "UNIT_URUU_SUMMER",
    "UNIT_URUU_TIMID",
  ],
  "eventTypeCounts": {
    "ACTION_COMPLETED": 22,
    "ACTION_COMPLETING": 22,
    "ACTION_QUEUE_CREATED": 3,
    "ACTION_RESERVATION_REMOVED": 1,
    "ACTION_STARTED": 22,
    "BATTLE_COMPLETED": 1,
    "BATTLE_STARTED": 1,
    "BLINDNESS_CHECK_RESOLVED": 6,
    "COMBAT_STAT_CHANGED": 32,
    "COOLDOWN_COMPLETED": 7,
    "COOLDOWN_REDUCED": 14,
    "COOLDOWN_STARTED": 14,
    "CRITICAL_CHECK_RESOLVED": 23,
    "DAMAGE_APPLIED": 24,
    "DAMAGE_CALCULATED": 23,
    "DAMAGE_WILL_BE_APPLIED": 23,
    "EFFECTIVE_EFFECT_CHANGED": 11,
    "EFFECT_ACTION_COMPLETED": 86,
    "EFFECT_ACTION_STARTING": 86,
    "EFFECT_APPLIED": 51,
    "EFFECT_CONSUMPTION_CHANGED": 6,
    "EFFECT_DURATION_REDUCED": 24,
    "EFFECT_EXPIRED": 28,
    "EFFECT_STEP_COMPLETED": 66,
    "EFFECT_STEP_SKIPPED": 1,
    "EFFECT_STEP_STARTING": 67,
    "EVASION_ACTIVATED": 2,
    "EXTRA_GAUGE_INCREASED": 13,
    "EXTRA_GAUGE_OVERFLOW_DISCARDED": 1,
    "HEAL_APPLIED": 2,
    "HIT_CONFIRMED": 23,
    "HIT_POINT_REDUCED": 24,
    "LINKED_DAMAGE_GENERATED": 1,
    "MARKER_APPLIED": 5,
    "MARKER_REMOVED": 1,
    "MARKER_UPDATED": 1,
    "PASSIVE_ACTIVATED": 14,
    "PASSIVE_POINT_CONSUMED": 14,
    "PASSIVE_RESOLVED": 14,
    "RESOURCES_RECOVERED": 1,
    "RESOURCE_CHANGED": 94,
    "RUNTIME_COUNTER_CHANGED": 1,
    "SHIELD_CONSUMED": 4,
    "SKILL_MISSED": 6,
    "SKILL_USE_COMPLETED": 22,
    "SKILL_USE_STARTED": 22,
    "SKILL_USE_STARTING": 22,
    "TARGETS_SELECTED": 22,
    "TURN_STARTED": 1,
    "UNIT_BEING_ATTACKED": 27,
    "UNIT_DEFEATED": 6,
  },
  "outcome": "ALLY_LOSE",
}
`;

exports[`production party golden battles > E2E-GOLDEN-PARTY: matchup 13 completes a deterministic mixed-party battle and holds battle invariants 1`] = `
{
  "ally": [
    "UNIT_SUIRAN_CHAOS",
    "UNIT_TARISA_TROUBLEMAKER",
    "UNIT_TATIANA_SAGE",
    "UNIT_URUU_SUMMER",
    "UNIT_URUU_TIMID",
  ],
  "completedTurn": 1,
  "completionReason": "ENEMY_DEFEATED",
  "enemy": [
    "UNIT_YUI_HEIR",
    "UNIT_YURIA_WILDCARD",
    "UNIT_YURIA_YUKATA",
  ],
  "eventTypeCounts": {
    "ACTION_COMPLETED": 10,
    "ACTION_COMPLETING": 10,
    "ACTION_QUEUE_CREATED": 2,
    "ACTION_RESERVATION_REMOVED": 1,
    "ACTION_STARTED": 10,
    "BATTLE_COMPLETED": 1,
    "BATTLE_STARTED": 1,
    "COMBAT_STAT_CHANGED": 13,
    "CONTINUOUS_DAMAGE_APPLIED": 1,
    "COOLDOWN_COMPLETED": 3,
    "COOLDOWN_REDUCED": 4,
    "COOLDOWN_STARTED": 11,
    "CRITICAL_CHECK_RESOLVED": 27,
    "DAMAGE_APPLIED": 27,
    "DAMAGE_CALCULATED": 27,
    "DAMAGE_WILL_BE_APPLIED": 27,
    "EFFECTIVE_EFFECT_CHANGED": 1,
    "EFFECT_ACTION_COMPLETED": 51,
    "EFFECT_ACTION_STARTING": 51,
    "EFFECT_APPLIED": 24,
    "EFFECT_CONSUMPTION_CHANGED": 1,
    "EFFECT_DURATION_REDUCED": 6,
    "EFFECT_EXPIRED": 9,
    "EFFECT_STEP_COMPLETED": 35,
    "EFFECT_STEP_SKIPPED": 2,
    "EFFECT_STEP_STARTING": 37,
    "EXTRA_GAUGE_INCREASED": 11,
    "HEAL_APPLIED": 1,
    "HIT_CONFIRMED": 27,
    "HIT_POINT_REDUCED": 27,
    "MARKER_APPLIED": 5,
    "MARKER_REMOVED": 2,
    "MARKER_UPDATED": 3,
    "PASSIVE_ACTIVATED": 11,
    "PASSIVE_POINT_CONSUMED": 11,
    "PASSIVE_RESOLVED": 11,
    "RESOURCES_RECOVERED": 1,
    "RESOURCE_CHANGED": 60,
    "RUNTIME_COUNTER_CHANGED": 4,
    "SHIELD_CONSUMED": 10,
    "SKILL_USE_COMPLETED": 10,
    "SKILL_USE_STARTED": 10,
    "SKILL_USE_STARTING": 10,
    "TARGETS_SELECTED": 10,
    "TURN_STARTED": 1,
    "UNIT_BEING_ATTACKED": 16,
    "UNIT_DEFEATED": 3,
  },
  "outcome": "ALLY_WIN",
}
`;

exports[`production party golden battles > E2E-GOLDEN-PARTY: matchup 14 completes a deterministic mixed-party battle and holds battle invariants 1`] = `
{
  "ally": [
    "UNIT_YUI_HEIR",
    "UNIT_YURIA_WILDCARD",
    "UNIT_YURIA_YUKATA",
  ],
  "completedTurn": 1,
  "completionReason": "ALLY_DEFEATED",
  "enemy": [
    "UNIT_ANIS_SWEETDEVIL",
    "UNIT_ANIS_TROUBLEMAKER",
    "UNIT_AOI_ELEGANT",
    "UNIT_AOI_GUARDIAN",
    "UNIT_CHIYURU_MAZE",
  ],
  "eventTypeCounts": {
    "ACTION_COMPLETED": 16,
    "ACTION_COMPLETING": 16,
    "ACTION_QUEUE_CREATED": 3,
    "ACTION_RESERVATION_REMOVED": 3,
    "ACTION_STARTED": 16,
    "BATTLE_COMPLETED": 1,
    "BATTLE_STARTED": 1,
    "COMBAT_STAT_CHANGED": 14,
    "CONTINUOUS_DAMAGE_APPLIED": 4,
    "COOLDOWN_COMPLETED": 9,
    "COOLDOWN_REDUCED": 12,
    "COOLDOWN_STARTED": 20,
    "CRITICAL_CHECK_RESOLVED": 36,
    "DAMAGE_APPLIED": 36,
    "DAMAGE_CALCULATED": 36,
    "DAMAGE_WILL_BE_APPLIED": 36,
    "EFFECTIVE_EFFECT_CHANGED": 4,
    "EFFECT_ACTION_COMPLETED": 82,
    "EFFECT_ACTION_STARTING": 82,
    "EFFECT_APPLIED": 32,
    "EFFECT_CONSUMPTION_CHANGED": 7,
    "EFFECT_DURATION_REDUCED": 14,
    "EFFECT_EXPIRED": 16,
    "EFFECT_STEP_COMPLETED": 73,
    "EFFECT_STEP_STARTING": 73,
    "EVASION_ACTIVATED": 1,
    "EXTRA_GAUGE_INCREASED": 16,
    "HEAL_APPLIED": 7,
    "HIT_CONFIRMED": 36,
    "HIT_POINT_REDUCED": 36,
    "MARKER_APPLIED": 5,
    "MARKER_REMOVED": 1,
    "MARKER_UPDATED": 8,
    "PASSIVE_ACTIVATED": 16,
    "PASSIVE_POINT_CONSUMED": 16,
    "PASSIVE_RESOLVED": 16,
    "RESOURCES_RECOVERED": 1,
    "RESOURCE_CHANGED": 89,
    "RUNTIME_COUNTER_CHANGED": 11,
    "RUNTIME_COUNTER_RESET": 1,
    "SHIELD_CONSUMED": 16,
    "SKILL_USE_COMPLETED": 15,
    "SKILL_USE_STARTED": 15,
    "SKILL_USE_STARTING": 15,
    "TARGETS_SELECTED": 15,
    "TURN_STARTED": 1,
    "UNIT_BEING_ATTACKED": 22,
    "UNIT_DEFEATED": 5,
  },
  "outcome": "ALLY_LOSE",
}
`;
