// Vitest Snapshot v1, https://vitest.dev/guide/snapshot.html

exports[`production tactical exercise golden battles > E2E-GOLDEN-TEX: exercise against 'UNIT_AOI_GUARDIAN_TEX' completes deterministically and holds battle invariants 1`] = `
{
  "ally": [
    "UNIT_ANIS_SWEETDEVIL",
    "UNIT_ANIS_TROUBLEMAKER",
    "UNIT_AOI_ELEGANT",
    "UNIT_AOI_GUARDIAN",
    "UNIT_CHIYURU_MAZE",
  ],
  "breakCount": 4,
  "breaks": [
    {
      "breakNumber": 1,
      "cumulativeScoreAtBreak": 404158,
      "turnNumber": 1,
    },
    {
      "breakNumber": 2,
      "cumulativeScoreAtBreak": 921283,
      "turnNumber": 2,
    },
    {
      "breakNumber": 3,
      "cumulativeScoreAtBreak": 1537419,
      "turnNumber": 3,
    },
    {
      "breakNumber": 4,
      "cumulativeScoreAtBreak": 2250722,
      "turnNumber": 4,
    },
  ],
  "completedTurn": 5,
  "completionReason": "TURN_LIMIT_REACHED",
  "enemyUnitDefinitionId": "UNIT_AOI_GUARDIAN_TEX",
  "eventTypeCounts": {
    "ACTION_COMPLETED": 139,
    "ACTION_COMPLETING": 139,
    "ACTION_QUEUE_CREATED": 25,
    "ACTION_QUEUE_REORDERED": 2,
    "ACTION_RESERVATION_REMOVED": 1,
    "ACTION_STARTED": 139,
    "ACTION_WAITED": 20,
    "BATTLE_COMPLETED": 1,
    "BATTLE_STARTED": 1,
    "COMBAT_STAT_CHANGED": 84,
    "CONTINUOUS_DAMAGE_APPLIED": 44,
    "COOLDOWN_COMPLETED": 86,
    "COOLDOWN_REDUCED": 111,
    "COOLDOWN_STARTED": 89,
    "CRITICAL_CHECK_RESOLVED": 357,
    "DAMAGE_APPLIED": 357,
    "DAMAGE_CALCULATED": 357,
    "DAMAGE_WILL_BE_APPLIED": 357,
    "EFFECT_ACTION_COMPLETED": 375,
    "EFFECT_ACTION_STARTING": 375,
    "EFFECT_APPLIED": 138,
    "EFFECT_CONSUMPTION_CHANGED": 15,
    "EFFECT_DURATION_REDUCED": 127,
    "EFFECT_EXPIRED": 96,
    "EFFECT_MERGED": 3,
    "EFFECT_REMOVED": 17,
    "EFFECT_STEP_COMPLETED": 332,
    "EFFECT_STEP_STARTING": 332,
    "EVASION_ACTIVATED": 8,
    "EXERCISE_SCORE_ACCUMULATED": 341,
    "EXTRA_GAUGE_INCREASED": 48,
    "EXTRA_GAUGE_OVERFLOW_DISCARDED": 7,
    "HEAL_APPLIED": 45,
    "HIT_CONFIRMED": 357,
    "HIT_POINT_REDUCED": 357,
    "MARKER_APPLIED": 11,
    "MARKER_REMOVED": 8,
    "MARKER_UPDATED": 11,
    "PASSIVE_ACTIVATED": 52,
    "PASSIVE_POINT_CONSUMED": 52,
    "PASSIVE_RESOLVED": 52,
    "RANDOM_BRANCH_SELECTED": 15,
    "RESOURCES_RECOVERED": 5,
    "RESOURCE_CHANGED": 445,
    "RUNTIME_COUNTER_CHANGED": 1,
    "SHIELD_CONSUMED": 38,
    "SKILL_USE_COMPLETED": 119,
    "SKILL_USE_STARTED": 119,
    "SKILL_USE_STARTING": 119,
    "TARGETS_SELECTED": 119,
    "TURN_COMPLETED": 5,
    "TURN_COMPLETING": 5,
    "TURN_STARTED": 5,
    "UNIT_BEING_ATTACKED": 365,
    "UNIT_BROKEN": 4,
    "UNIT_REVIVED": 4,
  },
  "totalScore": 2808738,
}
`;
