// Vitest Snapshot v1, https://vitest.dev/guide/snapshot.html

exports[`production party golden battles > E2E-GOLDEN-PARTY: matchup +0 completes a deterministic mixed-party battle and holds battle invariants 1`] = `
{
  "ally": [
    "UNIT_ANIS_SWEETDEVIL",
    "UNIT_ANIS_TROUBLEMAKER",
    "UNIT_AOI_ELEGANT",
    "UNIT_AOI_GUARDIAN",
    "UNIT_CHIYURU_MAZE",
  ],
  "completedTurn": 1,
  "completionReason": "ALLY_DEFEATED",
  "enemy": [
    "UNIT_CHIYURU_NEWYEAR",
    "UNIT_CHIZURU_DOMESTIC",
    "UNIT_CLARA_SANTA",
    "UNIT_CLARA_TSUNDERE",
    "UNIT_DOROTHEA_GRACE",
  ],
  "eventTypeCounts": {
    "ACTION_COMPLETED": 12,
    "ACTION_COMPLETING": 12,
    "ACTION_QUEUE_CREATED": 2,
    "ACTION_RESERVATION_REMOVED": 4,
    "ACTION_STARTED": 12,
    "BATTLE_COMPLETED": 1,
    "BATTLE_STARTED": 1,
    "COMBAT_STAT_CHANGED": 20,
    "COOLDOWN_COMPLETED": 6,
    "COOLDOWN_REDUCED": 8,
    "COOLDOWN_STARTED": 20,
    "CRITICAL_CHECK_RESOLVED": 23,
    "DAMAGE_APPLIED": 23,
    "DAMAGE_CALCULATED": 23,
    "DAMAGE_WILL_BE_APPLIED": 23,
    "EFFECT_ACTION_COMPLETED": 76,
    "EFFECT_ACTION_STARTING": 76,
    "EFFECT_APPLIED": 27,
    "EFFECT_CONSUMPTION_CHANGED": 5,
    "EFFECT_DURATION_REDUCED": 7,
    "EFFECT_EXPIRED": 9,
    "EFFECT_STEP_COMPLETED": 56,
    "EFFECT_STEP_STARTING": 56,
    "EVASION_ACTIVATED": 1,
    "EXTRA_GAUGE_INCREASED": 16,
    "HEAL_APPLIED": 8,
    "HIT_CONFIRMED": 23,
    "HIT_POINT_REDUCED": 23,
    "MARKER_APPLIED": 5,
    "MARKER_UPDATED": 7,
    "PASSIVE_ACTIVATED": 16,
    "PASSIVE_POINT_CONSUMED": 16,
    "PASSIVE_RESOLVED": 16,
    "RESOURCES_RECOVERED": 1,
    "RESOURCE_CHANGED": 82,
    "RUNTIME_COUNTER_CHANGED": 10,
    "RUNTIME_COUNTER_RESET": 2,
    "SHIELD_CONSUMED": 1,
    "SKILL_USE_COMPLETED": 12,
    "SKILL_USE_STARTED": 12,
    "SKILL_USE_STARTING": 12,
    "TARGETS_SELECTED": 12,
    "TURN_STARTED": 1,
    "UNIT_BEING_ATTACKED": 24,
    "UNIT_DEFEATED": 5,
  },
  "outcome": "ALLY_LOSE",
}
`;

exports[`production party golden battles > E2E-GOLDEN-PARTY: matchup 1 completes a deterministic mixed-party battle and holds battle invariants 1`] = `
{
  "ally": [
    "UNIT_CHIYURU_NEWYEAR",
    "UNIT_CHIZURU_DOMESTIC",
    "UNIT_CLARA_SANTA",
    "UNIT_CLARA_TSUNDERE",
    "UNIT_DOROTHEA_GRACE",
  ],
  "completedTurn": 1,
  "completionReason": "ALLY_DEFEATED",
  "enemy": [
    "UNIT_DOROTHEA_PIONEER",
    "UNIT_ELENA_MOODMAKER",
    "UNIT_EVIE_ECO",
    "UNIT_EVIE_KYONSHI",
    "UNIT_FEE_ACTOR",
  ],
  "eventTypeCounts": {
    "ACTION_COMPLETED": 19,
    "ACTION_COMPLETING": 19,
    "ACTION_QUEUE_CREATED": 4,
    "ACTION_RESERVATION_REMOVED": 5,
    "ACTION_STARTED": 19,
    "ACTION_WAITED": 1,
    "BATTLE_COMPLETED": 1,
    "BATTLE_STARTED": 1,
    "COMBAT_STAT_CHANGED": 44,
    "COOLDOWN_COMPLETED": 11,
    "COOLDOWN_REDUCED": 13,
    "COOLDOWN_STARTED": 17,
    "CRITICAL_CHECK_RESOLVED": 42,
    "DAMAGE_APPLIED": 51,
    "DAMAGE_CALCULATED": 42,
    "DAMAGE_REDIRECTED": 11,
    "DAMAGE_WILL_BE_APPLIED": 42,
    "EFFECT_ACTION_COMPLETED": 119,
    "EFFECT_ACTION_STARTING": 119,
    "EFFECT_APPLIED": 65,
    "EFFECT_CONSUMPTION_CHANGED": 4,
    "EFFECT_DURATION_REDUCED": 22,
    "EFFECT_EXPIRED": 23,
    "EFFECT_REMOVED": 1,
    "EFFECT_STEP_COMPLETED": 59,
    "EFFECT_STEP_STARTING": 60,
    "EXTRA_GAUGE_INCREASED": 21,
    "HEAL_APPLIED": 4,
    "HIT_CONFIRMED": 42,
    "HIT_POINT_REDUCED": 51,
    "LETHAL_DAMAGE_SURVIVED": 1,
    "LINKED_DAMAGE_GENERATED": 9,
    "MARKER_APPLIED": 2,
    "MARKER_UPDATED": 2,
    "PASSIVE_ACTIVATED": 21,
    "PASSIVE_POINT_CONSUMED": 21,
    "PASSIVE_RESOLVED": 21,
    "RESOURCES_RECOVERED": 1,
    "RESOURCE_CHANGED": 108,
    "RUNTIME_COUNTER_CHANGED": 14,
    "SHIELD_CONSUMED": 3,
    "SKILL_USE_COMPLETED": 17,
    "SKILL_USE_INTERRUPTED": 1,
    "SKILL_USE_STARTED": 18,
    "SKILL_USE_STARTING": 18,
    "TARGETS_SELECTED": 18,
    "TURN_STARTED": 1,
    "UNIT_BEING_ATTACKED": 42,
    "UNIT_DEFEATED": 8,
  },
  "outcome": "ALLY_LOSE",
}
`;

exports[`production party golden battles > E2E-GOLDEN-PARTY: matchup 2 completes a deterministic mixed-party battle and holds battle invariants 1`] = `
{
  "ally": [
    "UNIT_DOROTHEA_PIONEER",
    "UNIT_ELENA_MOODMAKER",
    "UNIT_EVIE_ECO",
    "UNIT_EVIE_KYONSHI",
    "UNIT_FEE_ACTOR",
  ],
  "completedTurn": 2,
  "completionReason": "ALLY_DEFEATED",
  "enemy": [
    "UNIT_FEE_BATH",
    "UNIT_FLUTE_INFLUENCER",
    "UNIT_FLUTE_VAMPIRE",
    "UNIT_HARRIET_SAGE",
    "UNIT_HIIRO_LONEWOLF",
  ],
  "eventTypeCounts": {
    "ACTION_COMPLETED": 39,
    "ACTION_COMPLETING": 39,
    "ACTION_QUEUE_CREATED": 6,
    "ACTION_RESERVATION_REMOVED": 6,
    "ACTION_STARTED": 39,
    "ACTION_WAITED": 3,
    "BATTLE_COMPLETED": 1,
    "BATTLE_STARTED": 1,
    "COMBAT_STAT_CHANGED": 22,
    "COOLDOWN_COMPLETED": 19,
    "COOLDOWN_REDUCED": 23,
    "COOLDOWN_STARTED": 25,
    "CRITICAL_CHECK_RESOLVED": 69,
    "DAMAGE_APPLIED": 72,
    "DAMAGE_CALCULATED": 69,
    "DAMAGE_REDIRECTED": 13,
    "DAMAGE_WILL_BE_APPLIED": 69,
    "EFFECT_ACTION_COMPLETED": 179,
    "EFFECT_ACTION_STARTING": 179,
    "EFFECT_APPLIED": 81,
    "EFFECT_CONSUMPTION_CHANGED": 18,
    "EFFECT_DURATION_REDUCED": 37,
    "EFFECT_EXPIRED": 40,
    "EFFECT_REMOVED": 1,
    "EFFECT_STEP_COMPLETED": 106,
    "EFFECT_STEP_STARTING": 106,
    "EVASION_ACTIVATED": 1,
    "EXTRA_GAUGE_INCREASED": 27,
    "HEALING_TRANSFERRED": 6,
    "HEAL_APPLIED": 60,
    "HIT_CONFIRMED": 69,
    "HIT_POINT_REDUCED": 72,
    "LINKED_DAMAGE_GENERATED": 3,
    "MARKER_APPLIED": 6,
    "MARKER_UPDATED": 1,
    "PASSIVE_ACTIVATED": 29,
    "PASSIVE_POINT_CONSUMED": 29,
    "PASSIVE_RESOLVED": 29,
    "RESOURCES_RECOVERED": 2,
    "RESOURCE_CHANGED": 162,
    "RUNTIME_COUNTER_CHANGED": 7,
    "SKILL_USE_COMPLETED": 36,
    "SKILL_USE_STARTED": 36,
    "SKILL_USE_STARTING": 36,
    "TARGETS_SELECTED": 36,
    "TURN_COMPLETED": 1,
    "TURN_COMPLETING": 1,
    "TURN_STARTED": 2,
    "UNIT_BEING_ATTACKED": 70,
    "UNIT_DEFEATED": 6,
  },
  "outcome": "ALLY_LOSE",
}
`;

exports[`production party golden battles > E2E-GOLDEN-PARTY: matchup 3 completes a deterministic mixed-party battle and holds battle invariants 1`] = `
{
  "ally": [
    "UNIT_FEE_BATH",
    "UNIT_FLUTE_INFLUENCER",
    "UNIT_FLUTE_VAMPIRE",
    "UNIT_HARRIET_SAGE",
    "UNIT_HIIRO_LONEWOLF",
  ],
  "completedTurn": 1,
  "completionReason": "ALLY_DEFEATED",
  "enemy": [
    "UNIT_JULIE_SNOW",
    "UNIT_JUNKA_CHILDHOOD",
    "UNIT_KARINA_DOWNER",
    "UNIT_KATE_PALADIN",
    "UNIT_KEI_JACKKNIFE",
  ],
  "eventTypeCounts": {
    "ACTION_COMPLETED": 16,
    "ACTION_COMPLETING": 16,
    "ACTION_QUEUE_CREATED": 2,
    "ACTION_RESERVATION_REMOVED": 3,
    "ACTION_STARTED": 16,
    "BATTLE_COMPLETED": 1,
    "BATTLE_STARTED": 1,
    "COMBAT_STAT_CHANGED": 34,
    "CONTINUOUS_DAMAGE_APPLIED": 2,
    "COOLDOWN_COMPLETED": 6,
    "COOLDOWN_REDUCED": 12,
    "COOLDOWN_STARTED": 16,
    "CRITICAL_CHECK_RESOLVED": 45,
    "DAMAGE_APPLIED": 45,
    "DAMAGE_CALCULATED": 45,
    "DAMAGE_REDIRECTED": 5,
    "DAMAGE_WILL_BE_APPLIED": 45,
    "EFFECT_ACTION_COMPLETED": 125,
    "EFFECT_ACTION_STARTING": 125,
    "EFFECT_APPLIED": 63,
    "EFFECT_CONSUMPTION_CHANGED": 9,
    "EFFECT_DURATION_REDUCED": 18,
    "EFFECT_EXPIRED": 25,
    "EFFECT_REMOVED": 1,
    "EFFECT_STEP_COMPLETED": 67,
    "EFFECT_STEP_STARTING": 67,
    "EVASION_ACTIVATED": 1,
    "EXTRA_GAUGE_INCREASED": 18,
    "HEAL_APPLIED": 11,
    "HIT_CONFIRMED": 45,
    "HIT_POINT_REDUCED": 45,
    "LETHAL_DAMAGE_SURVIVED": 1,
    "MARKER_APPLIED": 6,
    "MARKER_REMOVED": 1,
    "MARKER_UPDATED": 1,
    "PASSIVE_ACTIVATED": 18,
    "PASSIVE_POINT_CONSUMED": 18,
    "PASSIVE_RESOLVED": 18,
    "RANDOM_BRANCH_SELECTED": 3,
    "RESOURCES_RECOVERED": 1,
    "RESOURCE_CHANGED": 95,
    "RUNTIME_COUNTER_CHANGED": 5,
    "SKILL_USE_COMPLETED": 16,
    "SKILL_USE_STARTED": 16,
    "SKILL_USE_STARTING": 16,
    "TARGETS_SELECTED": 16,
    "TURN_STARTED": 1,
    "UNIT_BEING_ATTACKED": 46,
    "UNIT_DEFEATED": 5,
  },
  "outcome": "ALLY_LOSE",
}
`;

exports[`production party golden battles > E2E-GOLDEN-PARTY: matchup 4 completes a deterministic mixed-party battle and holds battle invariants 1`] = `
{
  "ally": [
    "UNIT_JULIE_SNOW",
    "UNIT_JUNKA_CHILDHOOD",
    "UNIT_KARINA_DOWNER",
    "UNIT_KATE_PALADIN",
    "UNIT_KEI_JACKKNIFE",
  ],
  "completedTurn": 1,
  "completionReason": "ALLY_DEFEATED",
  "enemy": [
    "UNIT_KOKORO_SPORTSDAY",
    "UNIT_KOTOHA_REBEL",
    "UNIT_LAURA_MOUNTAIN",
    "UNIT_LAYLA_ENTREPRENEUR",
    "UNIT_LILY_HERO",
  ],
  "eventTypeCounts": {
    "ACTION_COMPLETED": 14,
    "ACTION_COMPLETING": 14,
    "ACTION_QUEUE_CREATED": 3,
    "ACTION_RESERVATION_REMOVED": 4,
    "ACTION_STARTED": 14,
    "ACTION_WAITED": 1,
    "BATTLE_COMPLETED": 1,
    "BATTLE_STARTED": 1,
    "COMBAT_STAT_CHANGED": 21,
    "CONTINUOUS_DAMAGE_APPLIED": 2,
    "COOLDOWN_COMPLETED": 2,
    "COOLDOWN_REDUCED": 7,
    "COOLDOWN_STARTED": 13,
    "CRITICAL_CHECK_RESOLVED": 57,
    "DAMAGE_APPLIED": 57,
    "DAMAGE_CALCULATED": 57,
    "DAMAGE_REDIRECTED": 7,
    "DAMAGE_WILL_BE_APPLIED": 57,
    "EFFECT_ACTION_COMPLETED": 97,
    "EFFECT_ACTION_STARTING": 97,
    "EFFECT_APPLIED": 36,
    "EFFECT_CONSUMPTION_CHANGED": 3,
    "EFFECT_DURATION_REDUCED": 29,
    "EFFECT_EXPIRED": 21,
    "EFFECT_STEP_COMPLETED": 65,
    "EFFECT_STEP_STARTING": 65,
    "EXTRA_GAUGE_INCREASED": 17,
    "HEAL_APPLIED": 3,
    "HIT_CONFIRMED": 57,
    "HIT_POINT_REDUCED": 57,
    "MARKER_APPLIED": 4,
    "MARKER_REMOVED": 1,
    "MARKER_UPDATED": 1,
    "PASSIVE_ACTIVATED": 17,
    "PASSIVE_POINT_CONSUMED": 17,
    "PASSIVE_RESOLVED": 17,
    "RANDOM_BRANCH_SELECTED": 5,
    "RESOURCES_RECOVERED": 1,
    "RESOURCE_CHANGED": 85,
    "RUNTIME_COUNTER_CHANGED": 4,
    "SKILL_USE_COMPLETED": 13,
    "SKILL_USE_STARTED": 13,
    "SKILL_USE_STARTING": 13,
    "TARGETS_SELECTED": 13,
    "TURN_STARTED": 1,
    "UNIT_BEING_ATTACKED": 57,
    "UNIT_DEFEATED": 8,
  },
  "outcome": "ALLY_LOSE",
}
`;

exports[`production party golden battles > E2E-GOLDEN-PARTY: matchup 6 completes a deterministic mixed-party battle and holds battle invariants 1`] = `
{
  "ally": [
    "UNIT_LILY_SINGER",
    "UNIT_LUCIE_COMPANION",
    "UNIT_LUCIE_MAID",
    "UNIT_LUNA_HUNGRY",
    "UNIT_LYDIA_GENIUS",
  ],
  "completedTurn": 1,
  "completionReason": "ALLY_DEFEATED",
  "enemy": [
    "UNIT_MAIA_LAZY",
    "UNIT_MAIA_SALON",
    "UNIT_MAO_COMMITTEE",
    "UNIT_MAO_SUMMER",
    "UNIT_MEIYA_FATED",
  ],
  "eventTypeCounts": {
    "ACTION_COMPLETED": 18,
    "ACTION_COMPLETING": 18,
    "ACTION_QUEUE_CREATED": 3,
    "ACTION_QUEUE_REORDERED": 2,
    "ACTION_RESERVATION_REMOVED": 3,
    "ACTION_STARTED": 18,
    "ACTION_WAITED": 1,
    "BATTLE_COMPLETED": 1,
    "BATTLE_STARTED": 1,
    "COMBAT_STAT_CHANGED": 25,
    "COOLDOWN_COMPLETED": 8,
    "COOLDOWN_REDUCED": 12,
    "COOLDOWN_STARTED": 19,
    "CRITICAL_CHECK_RESOLVED": 36,
    "DAMAGE_APPLIED": 39,
    "DAMAGE_CALCULATED": 36,
    "DAMAGE_REDIRECTED": 1,
    "DAMAGE_WILL_BE_APPLIED": 36,
    "EFFECT_ACTION_COMPLETED": 110,
    "EFFECT_ACTION_STARTING": 110,
    "EFFECT_APPLICATION_REJECTED": 5,
    "EFFECT_APPLIED": 56,
    "EFFECT_CONSUMPTION_CHANGED": 22,
    "EFFECT_DURATION_REDUCED": 16,
    "EFFECT_EXPIRED": 44,
    "EFFECT_REMOVED": 2,
    "EFFECT_STEP_COMPLETED": 58,
    "EFFECT_STEP_STARTING": 58,
    "EXTRA_GAUGE_INCREASED": 16,
    "HEAL_APPLIED": 2,
    "HIT_CONFIRMED": 36,
    "HIT_POINT_REDUCED": 39,
    "MARKER_APPLIED": 3,
    "PASSIVE_ACTIVATED": 16,
    "PASSIVE_POINT_CONSUMED": 16,
    "PASSIVE_RESOLVED": 16,
    "REFLECTED_DAMAGE_GENERATED": 3,
    "RESOURCES_RECOVERED": 1,
    "RESOURCE_CHANGED": 92,
    "RUNTIME_COUNTER_CHANGED": 4,
    "SHIELD_CONSUMED": 10,
    "SKILL_USE_COMPLETED": 17,
    "SKILL_USE_STARTED": 17,
    "SKILL_USE_STARTING": 17,
    "TARGETS_SELECTED": 17,
    "TURN_STARTED": 1,
    "UNIT_BEING_ATTACKED": 36,
    "UNIT_DEFEATED": 6,
  },
  "outcome": "ALLY_LOSE",
}
`;

exports[`production party golden battles > E2E-GOLDEN-PARTY: matchup 7 completes a deterministic mixed-party battle and holds battle invariants 1`] = `
{
  "ally": [
    "UNIT_MAIA_LAZY",
    "UNIT_MAIA_SALON",
    "UNIT_MAO_COMMITTEE",
    "UNIT_MAO_SUMMER",
    "UNIT_MEIYA_FATED",
  ],
  "completedTurn": 1,
  "completionReason": "ALLY_DEFEATED",
  "enemy": [
    "UNIT_MERU_FLATSPIN",
    "UNIT_MERU_SIRIUS",
    "UNIT_MIHIME_SNIPER",
    "UNIT_MIKOTO_SURVIVOR",
    "UNIT_MIRIAM_MAGE",
  ],
  "eventTypeCounts": {
    "ACTION_COMPLETED": 7,
    "ACTION_COMPLETING": 7,
    "ACTION_QUEUE_CREATED": 1,
    "ACTION_QUEUE_REORDERED": 1,
    "ACTION_RESERVATION_REMOVED": 3,
    "ACTION_STARTED": 7,
    "BATTLE_COMPLETED": 1,
    "BATTLE_STARTED": 1,
    "COMBAT_STAT_CHANGED": 15,
    "COOLDOWN_REDUCED": 1,
    "COOLDOWN_STARTED": 11,
    "CRITICAL_CHECK_RESOLVED": 15,
    "DAMAGE_APPLIED": 15,
    "DAMAGE_CALCULATED": 15,
    "DAMAGE_WILL_BE_APPLIED": 15,
    "EFFECT_ACTION_COMPLETED": 43,
    "EFFECT_ACTION_STARTING": 43,
    "EFFECT_APPLIED": 23,
    "EFFECT_CONSUMPTION_CHANGED": 4,
    "EFFECT_DURATION_REDUCED": 3,
    "EFFECT_EXPIRED": 10,
    "EFFECT_REMOVED": 1,
    "EFFECT_STEP_COMPLETED": 22,
    "EFFECT_STEP_STARTING": 22,
    "EXTRA_GAUGE_INCREASED": 7,
    "HEAL_APPLIED": 1,
    "HIT_CONFIRMED": 15,
    "HIT_POINT_REDUCED": 15,
    "MARKER_APPLIED": 1,
    "PASSIVE_ACTIVATED": 7,
    "PASSIVE_POINT_CONSUMED": 7,
    "PASSIVE_RESOLVED": 7,
    "RESOURCES_RECOVERED": 1,
    "RESOURCE_CHANGED": 49,
    "RUNTIME_COUNTER_CHANGED": 3,
    "SHIELD_CONSUMED": 1,
    "SKILL_USE_COMPLETED": 7,
    "SKILL_USE_STARTED": 7,
    "SKILL_USE_STARTING": 7,
    "TARGETS_SELECTED": 7,
    "TURN_STARTED": 1,
    "UNIT_BEING_ATTACKED": 15,
    "UNIT_DEFEATED": 5,
  },
  "outcome": "ALLY_LOSE",
}
`;

exports[`production party golden battles > E2E-GOLDEN-PARTY: matchup 8 completes a deterministic mixed-party battle and holds battle invariants 1`] = `
{
  "ally": [
    "UNIT_MERU_FLATSPIN",
    "UNIT_MERU_SIRIUS",
    "UNIT_MIHIME_SNIPER",
    "UNIT_MIKOTO_SURVIVOR",
    "UNIT_MIRIAM_MAGE",
  ],
  "completedTurn": 1,
  "completionReason": "ENEMY_DEFEATED",
  "enemy": [
    "UNIT_NADYA_SUCCESSOR",
    "UNIT_NANAE_COMMANDER",
    "UNIT_NOEL_RUMBLE",
    "UNIT_OLGA_VETERAN",
    "UNIT_RAMI_NEWYEAR",
  ],
  "eventTypeCounts": {
    "ACTION_COMPLETED": 11,
    "ACTION_COMPLETING": 11,
    "ACTION_QUEUE_CREATED": 2,
    "ACTION_QUEUE_REORDERED": 1,
    "ACTION_RESERVATION_REMOVED": 4,
    "ACTION_STARTED": 11,
    "ACTION_WAITED": 1,
    "BATTLE_COMPLETED": 1,
    "BATTLE_STARTED": 1,
    "COMBAT_STAT_CHANGED": 12,
    "COOLDOWN_COMPLETED": 6,
    "COOLDOWN_REDUCED": 9,
    "COOLDOWN_STARTED": 16,
    "CRITICAL_CHECK_RESOLVED": 23,
    "DAMAGE_APPLIED": 23,
    "DAMAGE_CALCULATED": 23,
    "DAMAGE_WILL_BE_APPLIED": 23,
    "EFFECT_ACTION_COMPLETED": 44,
    "EFFECT_ACTION_STARTING": 44,
    "EFFECT_APPLIED": 19,
    "EFFECT_CONSUMPTION_CHANGED": 5,
    "EFFECT_DURATION_REDUCED": 4,
    "EFFECT_EXPIRED": 12,
    "EFFECT_STEP_COMPLETED": 35,
    "EFFECT_STEP_STARTING": 35,
    "EXTRA_GAUGE_INCREASED": 9,
    "HEAL_APPLIED": 1,
    "HIT_CONFIRMED": 23,
    "HIT_POINT_REDUCED": 23,
    "LETHAL_DAMAGE_SURVIVED": 1,
    "PASSIVE_ACTIVATED": 9,
    "PASSIVE_POINT_CONSUMED": 9,
    "PASSIVE_RESOLVED": 9,
    "RANDOM_BRANCH_SELECTED": 1,
    "RESOURCES_RECOVERED": 1,
    "RESOURCE_CHANGED": 61,
    "RUNTIME_COUNTER_CHANGED": 2,
    "SKILL_USE_COMPLETED": 10,
    "SKILL_USE_STARTED": 10,
    "SKILL_USE_STARTING": 10,
    "SUB_UNIT_DAMAGED": 4,
    "TARGETS_SELECTED": 10,
    "TURN_STARTED": 1,
    "UNIT_BEING_ATTACKED": 23,
    "UNIT_DEFEATED": 5,
  },
  "outcome": "ALLY_WIN",
}
`;

exports[`production party golden battles > E2E-GOLDEN-PARTY: matchup 9 completes a deterministic mixed-party battle and holds battle invariants 1`] = `
{
  "ally": [
    "UNIT_NADYA_SUCCESSOR",
    "UNIT_NANAE_COMMANDER",
    "UNIT_NOEL_RUMBLE",
    "UNIT_OLGA_VETERAN",
    "UNIT_RAMI_NEWYEAR",
  ],
  "completedTurn": 1,
  "completionReason": "ENEMY_DEFEATED",
  "enemy": [
    "UNIT_RAMI_UNYIELDING",
    "UNIT_RAVEL_MODEL",
    "UNIT_ROSIE_ARTIST",
    "UNIT_SAYA_BUNNY",
    "UNIT_SAYA_LONGING",
  ],
  "eventTypeCounts": {
    "ACTION_COMPLETED": 9,
    "ACTION_COMPLETING": 9,
    "ACTION_QUEUE_CREATED": 2,
    "ACTION_RESERVATION_REMOVED": 4,
    "ACTION_STARTED": 9,
    "BATTLE_COMPLETED": 1,
    "BATTLE_STARTED": 1,
    "COMBAT_STAT_CHANGED": 7,
    "COOLDOWN_COMPLETED": 3,
    "COOLDOWN_REDUCED": 6,
    "COOLDOWN_STARTED": 17,
    "CRITICAL_CHECK_RESOLVED": 27,
    "DAMAGE_APPLIED": 27,
    "DAMAGE_CALCULATED": 27,
    "DAMAGE_WILL_BE_APPLIED": 27,
    "EFFECT_ACTION_COMPLETED": 54,
    "EFFECT_ACTION_STARTING": 54,
    "EFFECT_APPLIED": 25,
    "EFFECT_CONSUMPTION_CHANGED": 7,
    "EFFECT_DURATION_REDUCED": 3,
    "EFFECT_EXPIRED": 11,
    "EFFECT_STEP_COMPLETED": 41,
    "EFFECT_STEP_STARTING": 41,
    "EXTRA_GAUGE_INCREASED": 12,
    "HEAL_APPLIED": 3,
    "HIT_CONFIRMED": 27,
    "HIT_POINT_REDUCED": 27,
    "LETHAL_DAMAGE_SURVIVED": 1,
    "MARKER_APPLIED": 2,
    "PASSIVE_ACTIVATED": 12,
    "PASSIVE_POINT_CONSUMED": 12,
    "PASSIVE_RESOLVED": 12,
    "RANDOM_BRANCH_SELECTED": 1,
    "RESOURCES_RECOVERED": 1,
    "RESOURCE_CHANGED": 65,
    "RUNTIME_COUNTER_CHANGED": 4,
    "SHIELD_CONSUMED": 1,
    "SKILL_USE_COMPLETED": 9,
    "SKILL_USE_STARTED": 9,
    "SKILL_USE_STARTING": 9,
    "SUB_UNIT_DAMAGED": 4,
    "TARGETS_SELECTED": 9,
    "TURN_STARTED": 1,
    "UNIT_BEING_ATTACKED": 27,
    "UNIT_DEFEATED": 7,
  },
  "outcome": "ALLY_WIN",
}
`;

exports[`production party golden battles > E2E-GOLDEN-PARTY: matchup 10 completes a deterministic mixed-party battle and holds battle invariants 1`] = `
{
  "ally": [
    "UNIT_RAMI_UNYIELDING",
    "UNIT_RAVEL_MODEL",
    "UNIT_ROSIE_ARTIST",
    "UNIT_SAYA_BUNNY",
    "UNIT_SAYA_LONGING",
  ],
  "completedTurn": 1,
  "completionReason": "ENEMY_DEFEATED",
  "enemy": [
    "UNIT_SENKA_CHRISTMAS",
    "UNIT_SENKA_SCHEMER",
    "UNIT_SHIRANA_LUCKY",
    "UNIT_SHIRANA_SORA",
    "UNIT_SHOUKA_BEACH",
  ],
  "eventTypeCounts": {
    "ACTION_COMPLETED": 12,
    "ACTION_COMPLETING": 12,
    "ACTION_QUEUE_CREATED": 2,
    "ACTION_RESERVATION_REMOVED": 5,
    "ACTION_STARTED": 12,
    "BATTLE_COMPLETED": 1,
    "BATTLE_STARTED": 1,
    "COMBAT_STAT_CHANGED": 6,
    "CONTINUOUS_DAMAGE_APPLIED": 2,
    "COOLDOWN_COMPLETED": 7,
    "COOLDOWN_REDUCED": 8,
    "COOLDOWN_STARTED": 15,
    "CRITICAL_CHECK_RESOLVED": 17,
    "DAMAGE_APPLIED": 23,
    "DAMAGE_CALCULATED": 17,
    "DAMAGE_WILL_BE_APPLIED": 17,
    "EFFECT_ACTION_COMPLETED": 48,
    "EFFECT_ACTION_STARTING": 48,
    "EFFECT_APPLIED": 31,
    "EFFECT_CONSUMPTION_CHANGED": 12,
    "EFFECT_DURATION_REDUCED": 10,
    "EFFECT_EXPIRED": 10,
    "EFFECT_STEP_COMPLETED": 40,
    "EFFECT_STEP_STARTING": 40,
    "EXTRA_GAUGE_INCREASED": 10,
    "HEAL_APPLIED": 1,
    "HIT_CONFIRMED": 17,
    "HIT_POINT_REDUCED": 23,
    "LINKED_DAMAGE_GENERATED": 6,
    "PASSIVE_ACTIVATED": 10,
    "PASSIVE_POINT_CONSUMED": 10,
    "PASSIVE_RESOLVED": 10,
    "RESOURCES_RECOVERED": 1,
    "RESOURCE_CHANGED": 64,
    "RUNTIME_COUNTER_CHANGED": 2,
    "SKILL_USE_COMPLETED": 12,
    "SKILL_USE_STARTED": 12,
    "SKILL_USE_STARTING": 12,
    "SUB_UNIT_DAMAGED": 2,
    "TARGETS_SELECTED": 12,
    "TURN_STARTED": 1,
    "UNIT_BEING_ATTACKED": 17,
    "UNIT_DEFEATED": 5,
  },
  "outcome": "ALLY_WIN",
}
`;

exports[`production party golden battles > E2E-GOLDEN-PARTY: matchup 11 completes a deterministic mixed-party battle and holds battle invariants 1`] = `
{
  "ally": [
    "UNIT_SENKA_CHRISTMAS",
    "UNIT_SENKA_SCHEMER",
    "UNIT_SHIRANA_LUCKY",
    "UNIT_SHIRANA_SORA",
    "UNIT_SHOUKA_BEACH",
  ],
  "completedTurn": 1,
  "completionReason": "ALLY_DEFEATED",
  "enemy": [
    "UNIT_SHOUKA_SCHEMER",
    "UNIT_SIENA_DIVA",
    "UNIT_SIENA_OFFSTAGE",
    "UNIT_STELLA_STATUE",
    "UNIT_SUIRAN_CASINO",
  ],
  "eventTypeCounts": {
    "ACTION_COMPLETED": 22,
    "ACTION_COMPLETING": 22,
    "ACTION_QUEUE_CREATED": 3,
    "ACTION_RESERVATION_REMOVED": 2,
    "ACTION_STARTED": 22,
    "ACTION_WAITED": 3,
    "BATTLE_COMPLETED": 1,
    "BATTLE_STARTED": 1,
    "BLINDNESS_CHECK_RESOLVED": 3,
    "CHARGE_RELEASED": 1,
    "CHARGE_RELEASE_COMPLETED": 1,
    "CHARGE_STARTED": 1,
    "COMBAT_STAT_CHANGED": 38,
    "CONTINUOUS_DAMAGE_APPLIED": 4,
    "COOLDOWN_COMPLETED": 7,
    "COOLDOWN_REDUCED": 15,
    "COOLDOWN_STARTED": 18,
    "CRITICAL_CHECK_RESOLVED": 28,
    "DAMAGE_APPLIED": 35,
    "DAMAGE_CALCULATED": 28,
    "DAMAGE_WILL_BE_APPLIED": 28,
    "EFFECT_ACTION_COMPLETED": 95,
    "EFFECT_ACTION_STARTING": 95,
    "EFFECT_APPLIED": 61,
    "EFFECT_CONSUMPTION_CHANGED": 14,
    "EFFECT_DURATION_REDUCED": 26,
    "EFFECT_EXPIRED": 30,
    "EFFECT_REMOVED": 4,
    "EFFECT_STEP_COMPLETED": 56,
    "EFFECT_STEP_STARTING": 56,
    "EVASION_ACTIVATED": 1,
    "EXTRA_GAUGE_INCREASED": 15,
    "HEAL_APPLIED": 4,
    "HIT_CONFIRMED": 28,
    "HIT_POINT_REDUCED": 35,
    "LINKED_DAMAGE_GENERATED": 7,
    "MARKER_APPLIED": 2,
    "PASSIVE_ACTIVATED": 15,
    "PASSIVE_POINT_CONSUMED": 15,
    "PASSIVE_RESOLVED": 15,
    "RESOURCES_RECOVERED": 1,
    "RESOURCE_CHANGED": 93,
    "RUNTIME_COUNTER_CHANGED": 4,
    "SHIELD_CONSUMED": 3,
    "SKILL_MISSED": 3,
    "SKILL_USE_COMPLETED": 16,
    "SKILL_USE_STARTED": 16,
    "SKILL_USE_STARTING": 16,
    "SUB_UNIT_DAMAGED": 1,
    "TARGETS_SELECTED": 17,
    "TURN_STARTED": 1,
    "UNIT_BEING_ATTACKED": 29,
    "UNIT_DEFEATED": 7,
  },
  "outcome": "ALLY_LOSE",
}
`;

exports[`production party golden battles > E2E-GOLDEN-PARTY: matchup 12 completes a deterministic mixed-party battle and holds battle invariants 1`] = `
{
  "ally": [
    "UNIT_SHOUKA_SCHEMER",
    "UNIT_SIENA_DIVA",
    "UNIT_SIENA_OFFSTAGE",
    "UNIT_STELLA_STATUE",
    "UNIT_SUIRAN_CASINO",
  ],
  "completedTurn": 1,
  "completionReason": "ALLY_DEFEATED",
  "enemy": [
    "UNIT_SUIRAN_CHAOS",
    "UNIT_TARISA_TROUBLEMAKER",
    "UNIT_TATIANA_SAGE",
    "UNIT_URUU_SUMMER",
    "UNIT_URUU_TIMID",
  ],
  "eventTypeCounts": {
    "ACTION_COMPLETED": 18,
    "ACTION_COMPLETING": 18,
    "ACTION_QUEUE_CREATED": 3,
    "ACTION_RESERVATION_REMOVED": 2,
    "ACTION_STARTED": 18,
    "BATTLE_COMPLETED": 1,
    "BATTLE_STARTED": 1,
    "BLINDNESS_CHECK_RESOLVED": 6,
    "COMBAT_STAT_CHANGED": 28,
    "COOLDOWN_COMPLETED": 3,
    "COOLDOWN_REDUCED": 8,
    "COOLDOWN_STARTED": 13,
    "CRITICAL_CHECK_RESOLVED": 18,
    "DAMAGE_APPLIED": 19,
    "DAMAGE_CALCULATED": 18,
    "DAMAGE_WILL_BE_APPLIED": 18,
    "EFFECTIVE_EFFECT_CHANGED": 1,
    "EFFECT_ACTION_COMPLETED": 64,
    "EFFECT_ACTION_STARTING": 64,
    "EFFECT_APPLIED": 41,
    "EFFECT_CONSUMPTION_CHANGED": 3,
    "EFFECT_DURATION_REDUCED": 22,
    "EFFECT_EXPIRED": 22,
    "EFFECT_STEP_COMPLETED": 49,
    "EFFECT_STEP_STARTING": 50,
    "EVASION_ACTIVATED": 1,
    "EXTRA_GAUGE_INCREASED": 10,
    "HIT_CONFIRMED": 18,
    "HIT_POINT_REDUCED": 19,
    "LINKED_DAMAGE_GENERATED": 1,
    "MARKER_APPLIED": 3,
    "MARKER_REMOVED": 1,
    "MARKER_UPDATED": 1,
    "PASSIVE_ACTIVATED": 10,
    "PASSIVE_POINT_CONSUMED": 10,
    "PASSIVE_RESOLVED": 10,
    "RESOURCES_RECOVERED": 1,
    "RESOURCE_CHANGED": 78,
    "RUNTIME_COUNTER_CHANGED": 1,
    "SHIELD_CONSUMED": 2,
    "SKILL_MISSED": 6,
    "SKILL_USE_COMPLETED": 18,
    "SKILL_USE_STARTED": 18,
    "SKILL_USE_STARTING": 18,
    "TARGETS_SELECTED": 18,
    "TURN_STARTED": 1,
    "UNIT_BEING_ATTACKED": 19,
    "UNIT_DEFEATED": 5,
  },
  "outcome": "ALLY_LOSE",
}
`;

exports[`production party golden battles > E2E-GOLDEN-PARTY: matchup 13 completes a deterministic mixed-party battle and holds battle invariants 1`] = `
{
  "ally": [
    "UNIT_SUIRAN_CHAOS",
    "UNIT_TARISA_TROUBLEMAKER",
    "UNIT_TATIANA_SAGE",
    "UNIT_URUU_SUMMER",
    "UNIT_URUU_TIMID",
  ],
  "completedTurn": 1,
  "completionReason": "ALLY_DEFEATED",
  "enemy": [
    "UNIT_YUI_HEIR",
    "UNIT_YURIA_WILDCARD",
    "UNIT_YURIA_YUKATA",
  ],
  "eventTypeCounts": {
    "ACTION_COMPLETED": 18,
    "ACTION_COMPLETING": 18,
    "ACTION_QUEUE_CREATED": 5,
    "ACTION_RESERVATION_REMOVED": 1,
    "ACTION_STARTED": 18,
    "BATTLE_COMPLETED": 1,
    "BATTLE_STARTED": 1,
    "COMBAT_STAT_CHANGED": 22,
    "CONTINUOUS_DAMAGE_APPLIED": 2,
    "COOLDOWN_COMPLETED": 7,
    "COOLDOWN_REDUCED": 12,
    "COOLDOWN_STARTED": 14,
    "CRITICAL_CHECK_RESOLVED": 42,
    "DAMAGE_APPLIED": 42,
    "DAMAGE_CALCULATED": 42,
    "DAMAGE_WILL_BE_APPLIED": 42,
    "EFFECTIVE_EFFECT_CHANGED": 1,
    "EFFECT_ACTION_COMPLETED": 84,
    "EFFECT_ACTION_STARTING": 84,
    "EFFECT_APPLIED": 37,
    "EFFECT_CONSUMPTION_CHANGED": 6,
    "EFFECT_DURATION_REDUCED": 17,
    "EFFECT_EXPIRED": 26,
    "EFFECT_STEP_COMPLETED": 48,
    "EFFECT_STEP_STARTING": 51,
    "EXTRA_GAUGE_INCREASED": 14,
    "HEAL_APPLIED": 2,
    "HIT_CONFIRMED": 42,
    "HIT_POINT_REDUCED": 42,
    "LETHAL_DAMAGE_SURVIVED": 1,
    "MARKER_APPLIED": 6,
    "MARKER_REMOVED": 2,
    "MARKER_UPDATED": 2,
    "PASSIVE_ACTIVATED": 14,
    "PASSIVE_POINT_CONSUMED": 14,
    "PASSIVE_RESOLVED": 14,
    "RESOURCES_RECOVERED": 1,
    "RESOURCE_CHANGED": 85,
    "RUNTIME_COUNTER_CHANGED": 6,
    "SHIELD_CONSUMED": 13,
    "SKILL_USE_COMPLETED": 17,
    "SKILL_USE_INTERRUPTED": 1,
    "SKILL_USE_STARTED": 18,
    "SKILL_USE_STARTING": 18,
    "TARGETS_SELECTED": 18,
    "TURN_STARTED": 1,
    "UNIT_BEING_ATTACKED": 42,
    "UNIT_DEFEATED": 7,
  },
  "outcome": "ALLY_LOSE",
}
`;

exports[`production party golden battles > E2E-GOLDEN-PARTY: matchup 14 completes a deterministic mixed-party battle and holds battle invariants 1`] = `
{
  "ally": [
    "UNIT_YUI_HEIR",
    "UNIT_YURIA_WILDCARD",
    "UNIT_YURIA_YUKATA",
  ],
  "completedTurn": 1,
  "completionReason": "ALLY_DEFEATED",
  "enemy": [
    "UNIT_ANIS_SWEETDEVIL",
    "UNIT_ANIS_TROUBLEMAKER",
    "UNIT_AOI_ELEGANT",
    "UNIT_AOI_GUARDIAN",
    "UNIT_CHIYURU_MAZE",
  ],
  "eventTypeCounts": {
    "ACTION_COMPLETED": 13,
    "ACTION_COMPLETING": 13,
    "ACTION_QUEUE_CREATED": 3,
    "ACTION_RESERVATION_REMOVED": 4,
    "ACTION_STARTED": 13,
    "ACTION_WAITED": 1,
    "BATTLE_COMPLETED": 1,
    "BATTLE_STARTED": 1,
    "COMBAT_STAT_CHANGED": 8,
    "CONTINUOUS_DAMAGE_APPLIED": 3,
    "COOLDOWN_COMPLETED": 8,
    "COOLDOWN_REDUCED": 11,
    "COOLDOWN_STARTED": 18,
    "CRITICAL_CHECK_RESOLVED": 32,
    "DAMAGE_APPLIED": 32,
    "DAMAGE_CALCULATED": 32,
    "DAMAGE_WILL_BE_APPLIED": 32,
    "EFFECT_ACTION_COMPLETED": 64,
    "EFFECT_ACTION_STARTING": 64,
    "EFFECT_APPLIED": 26,
    "EFFECT_CONSUMPTION_CHANGED": 5,
    "EFFECT_DURATION_REDUCED": 8,
    "EFFECT_EXPIRED": 9,
    "EFFECT_STEP_COMPLETED": 52,
    "EFFECT_STEP_STARTING": 52,
    "EVASION_ACTIVATED": 1,
    "EXTRA_GAUGE_INCREASED": 14,
    "HEAL_APPLIED": 5,
    "HIT_CONFIRMED": 32,
    "HIT_POINT_REDUCED": 32,
    "MARKER_APPLIED": 3,
    "MARKER_UPDATED": 5,
    "PASSIVE_ACTIVATED": 14,
    "PASSIVE_POINT_CONSUMED": 14,
    "PASSIVE_RESOLVED": 14,
    "RESOURCES_RECOVERED": 1,
    "RESOURCE_CHANGED": 77,
    "RUNTIME_COUNTER_CHANGED": 4,
    "RUNTIME_COUNTER_RESET": 1,
    "SHIELD_CONSUMED": 10,
    "SKILL_USE_COMPLETED": 12,
    "SKILL_USE_STARTED": 12,
    "SKILL_USE_STARTING": 12,
    "TARGETS_SELECTED": 12,
    "TURN_STARTED": 1,
    "UNIT_BEING_ATTACKED": 33,
    "UNIT_DEFEATED": 4,
  },
  "outcome": "ALLY_LOSE",
}
`;
