// Vitest Snapshot v1, https://vitest.dev/guide/snapshot.html

exports[`production tactical exercise golden battles > E2E-GOLDEN-TEX: exercise against 'UNIT_ANIS_SWEETDEVIL_TEX' completes deterministically and holds battle invariants 1`] = `
{
  "ally": [
    "UNIT_ANIS_SWEETDEVIL",
    "UNIT_ANIS_TROUBLEMAKER",
    "UNIT_AOI_ELEGANT",
    "UNIT_AOI_GUARDIAN",
    "UNIT_CHIYURU_MAZE",
  ],
  "breakCount": 4,
  "breaks": [
    {
      "breakNumber": 1,
      "cumulativeScoreAtBreak": 344346,
      "turnNumber": 1,
    },
    {
      "breakNumber": 2,
      "cumulativeScoreAtBreak": 816037,
      "turnNumber": 2,
    },
    {
      "breakNumber": 3,
      "cumulativeScoreAtBreak": 1314976,
      "turnNumber": 3,
    },
    {
      "breakNumber": 4,
      "cumulativeScoreAtBreak": 1953828,
      "turnNumber": 5,
    },
  ],
  "completedTurn": 5,
  "completionReason": "TURN_LIMIT_REACHED",
  "enemyUnitDefinitionId": "UNIT_ANIS_SWEETDEVIL_TEX",
  "eventTypeCounts": {
    "ACTION_COMPLETED": 140,
    "ACTION_COMPLETING": 140,
    "ACTION_QUEUE_CREATED": 25,
    "ACTION_QUEUE_REORDERED": 3,
    "ACTION_RESERVATION_REMOVED": 1,
    "ACTION_STARTED": 140,
    "ACTION_WAITED": 13,
    "BATTLE_COMPLETED": 1,
    "BATTLE_STARTED": 1,
    "COMBAT_STAT_CHANGED": 103,
    "CONTINUOUS_DAMAGE_APPLIED": 31,
    "COOLDOWN_COMPLETED": 73,
    "COOLDOWN_REDUCED": 99,
    "COOLDOWN_STARTED": 77,
    "CRITICAL_CHECK_RESOLVED": 413,
    "DAMAGE_APPLIED": 413,
    "DAMAGE_CALCULATED": 413,
    "DAMAGE_WILL_BE_APPLIED": 413,
    "EFFECT_ACTION_COMPLETED": 476,
    "EFFECT_ACTION_STARTING": 476,
    "EFFECT_APPLIED": 133,
    "EFFECT_CONSUMPTION_CHANGED": 28,
    "EFFECT_DURATION_REDUCED": 117,
    "EFFECT_EXPIRED": 98,
    "EFFECT_MERGED": 7,
    "EFFECT_REMOVED": 20,
    "EFFECT_STEP_COMPLETED": 481,
    "EFFECT_STEP_STARTING": 481,
    "EVASION_ACTIVATED": 2,
    "EXERCISE_SCORE_ACCUMULATED": 368,
    "EXTRA_GAUGE_INCREASED": 59,
    "EXTRA_GAUGE_OVERFLOW_DISCARDED": 11,
    "HEAL_APPLIED": 56,
    "HIT_CONFIRMED": 413,
    "HIT_POINT_REDUCED": 413,
    "MARKER_APPLIED": 16,
    "MARKER_REMOVED": 13,
    "MARKER_UPDATED": 31,
    "PASSIVE_ACTIVATED": 64,
    "PASSIVE_POINT_CONSUMED": 64,
    "PASSIVE_RESOLVED": 64,
    "RANDOM_BRANCH_SELECTED": 24,
    "RESOURCES_RECOVERED": 5,
    "RESOURCE_CHANGED": 535,
    "RUNTIME_COUNTER_CHANGED": 63,
    "RUNTIME_COUNTER_RESET": 24,
    "SHIELD_CONSUMED": 64,
    "SKILL_USE_COMPLETED": 127,
    "SKILL_USE_STARTED": 127,
    "SKILL_USE_STARTING": 127,
    "TARGETS_SELECTED": 127,
    "TURN_COMPLETED": 5,
    "TURN_COMPLETING": 5,
    "TURN_STARTED": 5,
    "UNIT_BEING_ATTACKED": 131,
    "UNIT_BROKEN": 4,
    "UNIT_REVIVED": 4,
  },
  "totalScore": 2304474,
}
`;

exports[`production tactical exercise golden battles > E2E-GOLDEN-TEX: exercise against 'UNIT_AOI_GUARDIAN_TEX' completes deterministically and holds battle invariants 1`] = `
{
  "ally": [
    "UNIT_ANIS_SWEETDEVIL",
    "UNIT_ANIS_TROUBLEMAKER",
    "UNIT_AOI_ELEGANT",
    "UNIT_AOI_GUARDIAN",
    "UNIT_CHIYURU_MAZE",
  ],
  "breakCount": 4,
  "breaks": [
    {
      "breakNumber": 1,
      "cumulativeScoreAtBreak": 440474,
      "turnNumber": 1,
    },
    {
      "breakNumber": 2,
      "cumulativeScoreAtBreak": 978565,
      "turnNumber": 2,
    },
    {
      "breakNumber": 3,
      "cumulativeScoreAtBreak": 1632141,
      "turnNumber": 3,
    },
    {
      "breakNumber": 4,
      "cumulativeScoreAtBreak": 2322852,
      "turnNumber": 5,
    },
  ],
  "completedTurn": 5,
  "completionReason": "TURN_LIMIT_REACHED",
  "enemyUnitDefinitionId": "UNIT_AOI_GUARDIAN_TEX",
  "eventTypeCounts": {
    "ACTION_COMPLETED": 140,
    "ACTION_COMPLETING": 140,
    "ACTION_QUEUE_CREATED": 25,
    "ACTION_QUEUE_REORDERED": 3,
    "ACTION_RESERVATION_REMOVED": 1,
    "ACTION_STARTED": 140,
    "ACTION_WAITED": 19,
    "BATTLE_COMPLETED": 1,
    "BATTLE_STARTED": 1,
    "COMBAT_STAT_CHANGED": 88,
    "CONTINUOUS_DAMAGE_APPLIED": 32,
    "COOLDOWN_COMPLETED": 87,
    "COOLDOWN_REDUCED": 113,
    "COOLDOWN_STARTED": 89,
    "CRITICAL_CHECK_RESOLVED": 357,
    "DAMAGE_APPLIED": 357,
    "DAMAGE_CALCULATED": 357,
    "DAMAGE_WILL_BE_APPLIED": 357,
    "EFFECT_ACTION_COMPLETED": 370,
    "EFFECT_ACTION_STARTING": 370,
    "EFFECT_APPLICATION_REJECTED": 1,
    "EFFECT_APPLIED": 140,
    "EFFECT_CONSUMPTION_CHANGED": 17,
    "EFFECT_DURATION_REDUCED": 121,
    "EFFECT_EXPIRED": 102,
    "EFFECT_MERGED": 7,
    "EFFECT_REMOVED": 23,
    "EFFECT_STEP_COMPLETED": 338,
    "EFFECT_STEP_STARTING": 338,
    "EVASION_ACTIVATED": 5,
    "EXERCISE_SCORE_ACCUMULATED": 337,
    "EXTRA_GAUGE_INCREASED": 49,
    "EXTRA_GAUGE_OVERFLOW_DISCARDED": 6,
    "HEAL_APPLIED": 50,
    "HIT_CONFIRMED": 357,
    "HIT_POINT_REDUCED": 357,
    "MARKER_APPLIED": 10,
    "MARKER_REMOVED": 7,
    "MARKER_UPDATED": 12,
    "PASSIVE_ACTIVATED": 52,
    "PASSIVE_POINT_CONSUMED": 52,
    "PASSIVE_RESOLVED": 52,
    "RANDOM_BRANCH_SELECTED": 15,
    "RESOURCES_RECOVERED": 5,
    "RESOURCE_CHANGED": 448,
    "RUNTIME_COUNTER_CHANGED": 1,
    "SHIELD_CONSUMED": 48,
    "SKILL_USE_COMPLETED": 121,
    "SKILL_USE_STARTED": 121,
    "SKILL_USE_STARTING": 121,
    "TARGETS_SELECTED": 121,
    "TURN_COMPLETED": 5,
    "TURN_COMPLETING": 5,
    "TURN_STARTED": 5,
    "UNIT_BEING_ATTACKED": 126,
    "UNIT_BROKEN": 4,
    "UNIT_REVIVED": 4,
  },
  "totalScore": 2646644,
}
`;

exports[`production tactical exercise golden battles > E2E-GOLDEN-TEX: exercise against 'UNIT_MAO_SUMMER_TEX' completes deterministically and holds battle invariants 1`] = `
{
  "ally": [
    "UNIT_ANIS_SWEETDEVIL",
    "UNIT_ANIS_TROUBLEMAKER",
    "UNIT_AOI_ELEGANT",
    "UNIT_AOI_GUARDIAN",
    "UNIT_CHIYURU_MAZE",
  ],
  "breakCount": 5,
  "breaks": [
    {
      "breakNumber": 1,
      "cumulativeScoreAtBreak": 274451,
      "turnNumber": 1,
    },
    {
      "breakNumber": 2,
      "cumulativeScoreAtBreak": 749089,
      "turnNumber": 2,
    },
    {
      "breakNumber": 3,
      "cumulativeScoreAtBreak": 1297884,
      "turnNumber": 3,
    },
    {
      "breakNumber": 4,
      "cumulativeScoreAtBreak": 1923587,
      "turnNumber": 4,
    },
    {
      "breakNumber": 5,
      "cumulativeScoreAtBreak": 2632165,
      "turnNumber": 5,
    },
  ],
  "completedTurn": 5,
  "completionReason": "TURN_LIMIT_REACHED",
  "enemyUnitDefinitionId": "UNIT_MAO_SUMMER_TEX",
  "eventTypeCounts": {
    "ACTION_COMPLETED": 138,
    "ACTION_COMPLETING": 138,
    "ACTION_QUEUE_CREATED": 25,
    "ACTION_QUEUE_REORDERED": 3,
    "ACTION_STARTED": 138,
    "ACTION_WAITED": 15,
    "BATTLE_COMPLETED": 1,
    "BATTLE_STARTED": 1,
    "COMBAT_STAT_CHANGED": 99,
    "CONTINUOUS_DAMAGE_APPLIED": 26,
    "COOLDOWN_COMPLETED": 82,
    "COOLDOWN_REDUCED": 108,
    "COOLDOWN_STARTED": 87,
    "CRITICAL_CHECK_RESOLVED": 407,
    "DAMAGE_APPLIED": 407,
    "DAMAGE_CALCULATED": 407,
    "DAMAGE_WILL_BE_APPLIED": 407,
    "EFFECT_ACTION_COMPLETED": 422,
    "EFFECT_ACTION_STARTING": 422,
    "EFFECT_APPLIED": 130,
    "EFFECT_CONSUMPTION_CHANGED": 21,
    "EFFECT_DURATION_REDUCED": 97,
    "EFFECT_EXPIRED": 82,
    "EFFECT_MERGED": 2,
    "EFFECT_REMOVED": 33,
    "EFFECT_STEP_COMPLETED": 383,
    "EFFECT_STEP_STARTING": 383,
    "EVASION_ACTIVATED": 10,
    "EXERCISE_SCORE_ACCUMULATED": 375,
    "EXTRA_GAUGE_INCREASED": 47,
    "EXTRA_GAUGE_OVERFLOW_DISCARDED": 6,
    "HEAL_APPLIED": 34,
    "HIT_CONFIRMED": 407,
    "HIT_POINT_REDUCED": 407,
    "MARKER_APPLIED": 11,
    "MARKER_REMOVED": 8,
    "MARKER_UPDATED": 14,
    "PASSIVE_ACTIVATED": 52,
    "PASSIVE_POINT_CONSUMED": 52,
    "PASSIVE_RESOLVED": 52,
    "RANDOM_BRANCH_SELECTED": 15,
    "RESOURCES_RECOVERED": 5,
    "RESOURCE_CHANGED": 464,
    "RUNTIME_COUNTER_CHANGED": 14,
    "RUNTIME_COUNTER_RESET": 3,
    "SHIELD_CONSUMED": 35,
    "SKILL_USE_COMPLETED": 123,
    "SKILL_USE_STARTED": 123,
    "SKILL_USE_STARTING": 123,
    "TARGETS_SELECTED": 123,
    "TURN_COMPLETED": 5,
    "TURN_COMPLETING": 5,
    "TURN_STARTED": 5,
    "UNIT_BEING_ATTACKED": 160,
    "UNIT_BROKEN": 5,
    "UNIT_DEFEATED": 1,
    "UNIT_REVIVED": 5,
  },
  "totalScore": 2874352,
}
`;

exports[`production tactical exercise golden battles > E2E-GOLDEN-TEX: exercise against 'UNIT_SHOUKA_BEACH_TEX' completes deterministically and holds battle invariants 1`] = `
{
  "ally": [
    "UNIT_ANIS_SWEETDEVIL",
    "UNIT_ANIS_TROUBLEMAKER",
    "UNIT_AOI_ELEGANT",
    "UNIT_AOI_GUARDIAN",
    "UNIT_CHIYURU_MAZE",
  ],
  "breakCount": 4,
  "breaks": [
    {
      "breakNumber": 1,
      "cumulativeScoreAtBreak": 362009,
      "turnNumber": 1,
    },
    {
      "breakNumber": 2,
      "cumulativeScoreAtBreak": 802651,
      "turnNumber": 2,
    },
    {
      "breakNumber": 3,
      "cumulativeScoreAtBreak": 1309872,
      "turnNumber": 3,
    },
    {
      "breakNumber": 4,
      "cumulativeScoreAtBreak": 1888821,
      "turnNumber": 5,
    },
  ],
  "completedTurn": 5,
  "completionReason": "TURN_LIMIT_REACHED",
  "enemyUnitDefinitionId": "UNIT_SHOUKA_BEACH_TEX",
  "eventTypeCounts": {
    "ACTION_COMPLETED": 135,
    "ACTION_COMPLETING": 135,
    "ACTION_QUEUE_CREATED": 25,
    "ACTION_QUEUE_REORDERED": 4,
    "ACTION_RESERVATION_REMOVED": 1,
    "ACTION_STARTED": 135,
    "ACTION_WAITED": 14,
    "BATTLE_COMPLETED": 1,
    "BATTLE_STARTED": 1,
    "COMBAT_STAT_CHANGED": 129,
    "CONTINUOUS_DAMAGE_APPLIED": 27,
    "COOLDOWN_COMPLETED": 64,
    "COOLDOWN_REDUCED": 80,
    "COOLDOWN_STARTED": 66,
    "CRITICAL_CHECK_RESOLVED": 360,
    "DAMAGE_APPLIED": 362,
    "DAMAGE_CALCULATED": 360,
    "DAMAGE_WILL_BE_APPLIED": 360,
    "EFFECT_ACTION_COMPLETED": 393,
    "EFFECT_ACTION_STARTING": 393,
    "EFFECT_APPLIED": 163,
    "EFFECT_CONSUMPTION_CHANGED": 14,
    "EFFECT_DURATION_REDUCED": 139,
    "EFFECT_EXPIRED": 124,
    "EFFECT_MERGED": 6,
    "EFFECT_REMOVED": 21,
    "EFFECT_STEP_COMPLETED": 374,
    "EFFECT_STEP_STARTING": 374,
    "EVASION_ACTIVATED": 2,
    "EXERCISE_SCORE_ACCUMULATED": 358,
    "EXTRA_GAUGE_INCREASED": 50,
    "EXTRA_GAUGE_OVERFLOW_DISCARDED": 5,
    "HEAL_APPLIED": 34,
    "HIT_CONFIRMED": 360,
    "HIT_POINT_REDUCED": 362,
    "LINKED_DAMAGE_GENERATED": 2,
    "MARKER_APPLIED": 13,
    "MARKER_REMOVED": 10,
    "MARKER_UPDATED": 11,
    "PASSIVE_ACTIVATED": 55,
    "PASSIVE_POINT_CONSUMED": 55,
    "PASSIVE_RESOLVED": 55,
    "RANDOM_BRANCH_SELECTED": 15,
    "RESOURCES_RECOVERED": 5,
    "RESOURCE_CHANGED": 454,
    "RUNTIME_COUNTER_CHANGED": 4,
    "SHIELD_CONSUMED": 26,
    "SKILL_USE_COMPLETED": 121,
    "SKILL_USE_STARTED": 121,
    "SKILL_USE_STARTING": 121,
    "TARGETS_SELECTED": 121,
    "TURN_COMPLETED": 5,
    "TURN_COMPLETING": 5,
    "TURN_STARTED": 5,
    "UNIT_BEING_ATTACKED": 125,
    "UNIT_BROKEN": 4,
    "UNIT_REVIVED": 4,
  },
  "totalScore": 2257454,
}
`;
