// Vitest Snapshot v1, https://vitest.dev/guide/snapshot.html

exports[`production party golden battles > E2E-GOLDEN-PARTY: matchup +0 completes a deterministic mixed-party battle and holds battle invariants 1`] = `
{
  "ally": [
    "UNIT_ANIS_SWEETDEVIL",
    "UNIT_ANIS_TROUBLEMAKER",
    "UNIT_AOI_ELEGANT",
    "UNIT_AOI_GUARDIAN",
    "UNIT_CHIYURU_MAZE",
  ],
  "completedTurn": 1,
  "completionReason": "ALLY_DEFEATED",
  "enemy": [
    "UNIT_CHIYURU_NEWYEAR",
    "UNIT_CHIZURU_DOMESTIC",
    "UNIT_CLARA_SANTA",
    "UNIT_CLARA_TSUNDERE",
    "UNIT_DOROTHEA_GRACE",
  ],
  "eventCount": 814,
  "eventSequenceHash": "sha256:0195d1dde3b51efc",
  "eventTypeCounts": {
    "ACTION_COMPLETED": 12,
    "ACTION_COMPLETING": 12,
    "ACTION_QUEUE_CREATED": 2,
    "ACTION_RESERVATION_REMOVED": 4,
    "ACTION_STARTED": 12,
    "BATTLE_COMPLETED": 1,
    "BATTLE_STARTED": 1,
    "COMBAT_STAT_CHANGED": 20,
    "COOLDOWN_COMPLETED": 6,
    "COOLDOWN_REDUCED": 8,
    "COOLDOWN_STARTED": 20,
    "CRITICAL_CHECK_RESOLVED": 24,
    "DAMAGE_APPLIED": 24,
    "DAMAGE_CALCULATED": 24,
    "DAMAGE_WILL_BE_APPLIED": 24,
    "EFFECTIVE_EFFECT_CHANGED": 5,
    "EFFECT_ACTION_COMPLETED": 76,
    "EFFECT_ACTION_STARTING": 76,
    "EFFECT_APPLIED": 27,
    "EFFECT_CONSUMPTION_CHANGED": 5,
    "EFFECT_DURATION_REDUCED": 7,
    "EFFECT_EXPIRED": 9,
    "EFFECT_STEP_COMPLETED": 57,
    "EFFECT_STEP_STARTING": 57,
    "EVASION_ACTIVATED": 1,
    "EXTRA_GAUGE_INCREASED": 16,
    "HEAL_APPLIED": 8,
    "HIT_CONFIRMED": 24,
    "HIT_POINT_REDUCED": 24,
    "MARKER_APPLIED": 5,
    "MARKER_UPDATED": 7,
    "PASSIVE_ACTIVATED": 16,
    "PASSIVE_POINT_CONSUMED": 16,
    "PASSIVE_RESOLVED": 16,
    "RESOURCES_RECOVERED": 1,
    "RESOURCE_CHANGED": 82,
    "RUNTIME_COUNTER_CHANGED": 10,
    "RUNTIME_COUNTER_RESET": 2,
    "SHIELD_CONSUMED": 1,
    "SKILL_USE_COMPLETED": 12,
    "SKILL_USE_STARTED": 12,
    "SKILL_USE_STARTING": 12,
    "TARGETS_SELECTED": 12,
    "TURN_STARTED": 1,
    "UNIT_BEING_ATTACKED": 18,
    "UNIT_DEFEATED": 5,
  },
  "outcome": "ALLY_LOSE",
}
`;

exports[`production party golden battles > E2E-GOLDEN-PARTY: matchup 1 completes a deterministic mixed-party battle and holds battle invariants 1`] = `
{
  "ally": [
    "UNIT_CHIYURU_NEWYEAR",
    "UNIT_CHIZURU_DOMESTIC",
    "UNIT_CLARA_SANTA",
    "UNIT_CLARA_TSUNDERE",
    "UNIT_DOROTHEA_GRACE",
  ],
  "completedTurn": 1,
  "completionReason": "ALLY_DEFEATED",
  "enemy": [
    "UNIT_DOROTHEA_PIONEER",
    "UNIT_ELENA_MOODMAKER",
    "UNIT_EVIE_ECO",
    "UNIT_EVIE_KYONSHI",
    "UNIT_FEE_ACTOR",
  ],
  "eventCount": 1367,
  "eventSequenceHash": "sha256:6d088ee4f56598af",
  "eventTypeCounts": {
    "ACTION_COMPLETED": 21,
    "ACTION_COMPLETING": 21,
    "ACTION_QUEUE_CREATED": 4,
    "ACTION_RESERVATION_REMOVED": 5,
    "ACTION_STARTED": 21,
    "ACTION_WAITED": 1,
    "BATTLE_COMPLETED": 1,
    "BATTLE_STARTED": 1,
    "COMBAT_STAT_CHANGED": 39,
    "COOLDOWN_COMPLETED": 12,
    "COOLDOWN_REDUCED": 13,
    "COOLDOWN_STARTED": 18,
    "CRITICAL_CHECK_RESOLVED": 47,
    "DAMAGE_APPLIED": 60,
    "DAMAGE_CALCULATED": 47,
    "DAMAGE_REDIRECTED": 11,
    "DAMAGE_WILL_BE_APPLIED": 47,
    "EFFECTIVE_EFFECT_CHANGED": 3,
    "EFFECT_ACTION_COMPLETED": 125,
    "EFFECT_ACTION_STARTING": 125,
    "EFFECT_APPLIED": 66,
    "EFFECT_CONSUMPTION_CHANGED": 7,
    "EFFECT_DURATION_REDUCED": 23,
    "EFFECT_EXPIRED": 27,
    "EFFECT_REMOVED": 1,
    "EFFECT_STEP_COMPLETED": 69,
    "EFFECT_STEP_STARTING": 69,
    "EXTRA_GAUGE_INCREASED": 22,
    "EXTRA_GAUGE_OVERFLOW_DISCARDED": 1,
    "HEAL_APPLIED": 5,
    "HIT_CONFIRMED": 47,
    "HIT_POINT_REDUCED": 60,
    "LETHAL_DAMAGE_SURVIVED": 1,
    "LINKED_DAMAGE_GENERATED": 13,
    "MARKER_APPLIED": 3,
    "MARKER_REMOVED": 1,
    "MARKER_UPDATED": 2,
    "PASSIVE_ACTIVATED": 22,
    "PASSIVE_POINT_CONSUMED": 22,
    "PASSIVE_RESOLVED": 22,
    "RESOURCES_RECOVERED": 1,
    "RESOURCE_CHANGED": 113,
    "RUNTIME_COUNTER_CHANGED": 21,
    "SHIELD_CONSUMED": 3,
    "SKILL_USE_COMPLETED": 20,
    "SKILL_USE_STARTED": 20,
    "SKILL_USE_STARTING": 20,
    "TARGETS_SELECTED": 20,
    "TURN_STARTED": 1,
    "UNIT_BEING_ATTACKED": 34,
    "UNIT_DEFEATED": 9,
  },
  "outcome": "ALLY_LOSE",
}
`;

exports[`production party golden battles > E2E-GOLDEN-PARTY: matchup 2 completes a deterministic mixed-party battle and holds battle invariants 1`] = `
{
  "ally": [
    "UNIT_DOROTHEA_PIONEER",
    "UNIT_ELENA_MOODMAKER",
    "UNIT_EVIE_ECO",
    "UNIT_EVIE_KYONSHI",
    "UNIT_FEE_ACTOR",
  ],
  "completedTurn": 1,
  "completionReason": "ENEMY_DEFEATED",
  "enemy": [
    "UNIT_FEE_BATH",
    "UNIT_FLUTE_INFLUENCER",
    "UNIT_FLUTE_VAMPIRE",
    "UNIT_HARRIET_SAGE",
    "UNIT_HIIRO_FREEWOLF",
  ],
  "eventCount": 1592,
  "eventSequenceHash": "sha256:679d34bc1e8f7146",
  "eventTypeCounts": {
    "ACTION_COMPLETED": 26,
    "ACTION_COMPLETING": 26,
    "ACTION_QUEUE_CREATED": 4,
    "ACTION_RESERVATION_REMOVED": 5,
    "ACTION_STARTED": 26,
    "ACTION_WAITED": 1,
    "BATTLE_COMPLETED": 1,
    "BATTLE_STARTED": 1,
    "COMBAT_STAT_CHANGED": 36,
    "COOLDOWN_COMPLETED": 12,
    "COOLDOWN_REDUCED": 14,
    "COOLDOWN_STARTED": 19,
    "CRITICAL_CHECK_RESOLVED": 56,
    "DAMAGE_APPLIED": 61,
    "DAMAGE_CALCULATED": 56,
    "DAMAGE_REDIRECTED": 10,
    "DAMAGE_WILL_BE_APPLIED": 56,
    "EFFECTIVE_EFFECT_CHANGED": 2,
    "EFFECT_ACTION_COMPLETED": 148,
    "EFFECT_ACTION_STARTING": 148,
    "EFFECT_APPLICATION_REJECTED": 2,
    "EFFECT_APPLIED": 72,
    "EFFECT_CONSUMPTION_CHANGED": 13,
    "EFFECT_DURATION_REDUCED": 24,
    "EFFECT_EXPIRED": 38,
    "EFFECT_REMOVED": 6,
    "EFFECT_STEP_COMPLETED": 91,
    "EFFECT_STEP_STARTING": 91,
    "EXTRA_GAUGE_INCREASED": 24,
    "HEALING_TRANSFERRED": 5,
    "HEAL_APPLIED": 24,
    "HIT_CONFIRMED": 56,
    "HIT_POINT_REDUCED": 61,
    "LETHAL_DAMAGE_SURVIVED": 1,
    "LINKED_DAMAGE_GENERATED": 5,
    "MARKER_APPLIED": 8,
    "MARKER_REMOVED": 2,
    "MARKER_UPDATED": 2,
    "PASSIVE_ACTIVATED": 24,
    "PASSIVE_POINT_CONSUMED": 24,
    "PASSIVE_RESOLVED": 24,
    "RESOURCES_RECOVERED": 1,
    "RESOURCE_CHANGED": 117,
    "RUNTIME_COUNTER_CHANGED": 7,
    "SHIELD_CONSUMED": 4,
    "SKILL_USE_COMPLETED": 25,
    "SKILL_USE_STARTED": 25,
    "SKILL_USE_STARTING": 25,
    "TARGETS_SELECTED": 25,
    "TURN_STARTED": 1,
    "UNIT_BEING_ATTACKED": 49,
    "UNIT_DEFEATED": 8,
  },
  "outcome": "ALLY_WIN",
}
`;

exports[`production party golden battles > E2E-GOLDEN-PARTY: matchup 3 completes a deterministic mixed-party battle and holds battle invariants 1`] = `
{
  "ally": [
    "UNIT_FEE_BATH",
    "UNIT_FLUTE_INFLUENCER",
    "UNIT_FLUTE_VAMPIRE",
    "UNIT_HARRIET_SAGE",
    "UNIT_HIIRO_FREEWOLF",
  ],
  "completedTurn": 1,
  "completionReason": "ALLY_DEFEATED",
  "enemy": [
    "UNIT_HIIRO_LONEWOLF",
    "UNIT_JULIE_SNOW",
    "UNIT_JUNKA_CHILDHOOD",
    "UNIT_KARINA_DOWNER",
    "UNIT_KATE_PALADIN",
  ],
  "eventCount": 1172,
  "eventSequenceHash": "sha256:a68f882df71dfeb6",
  "eventTypeCounts": {
    "ACTION_COMPLETED": 14,
    "ACTION_COMPLETING": 14,
    "ACTION_QUEUE_CREATED": 2,
    "ACTION_RESERVATION_REMOVED": 2,
    "ACTION_STARTED": 14,
    "BATTLE_COMPLETED": 1,
    "BATTLE_STARTED": 1,
    "COMBAT_STAT_CHANGED": 42,
    "COOLDOWN_COMPLETED": 4,
    "COOLDOWN_REDUCED": 8,
    "COOLDOWN_STARTED": 15,
    "CRITICAL_CHECK_RESOLVED": 37,
    "DAMAGE_APPLIED": 37,
    "DAMAGE_CALCULATED": 37,
    "DAMAGE_REDIRECTED": 4,
    "DAMAGE_WILL_BE_APPLIED": 37,
    "EFFECT_ACTION_COMPLETED": 134,
    "EFFECT_ACTION_STARTING": 134,
    "EFFECT_APPLICATION_REJECTED": 9,
    "EFFECT_APPLIED": 61,
    "EFFECT_CONSUMPTION_CHANGED": 7,
    "EFFECT_DURATION_REDUCED": 14,
    "EFFECT_EXPIRED": 23,
    "EFFECT_REMOVED": 5,
    "EFFECT_STEP_COMPLETED": 71,
    "EFFECT_STEP_STARTING": 71,
    "EXTRA_GAUGE_INCREASED": 20,
    "HEAL_APPLIED": 12,
    "HIT_CONFIRMED": 37,
    "HIT_POINT_REDUCED": 37,
    "MARKER_APPLIED": 9,
    "MARKER_REMOVED": 2,
    "MARKER_UPDATED": 2,
    "PASSIVE_ACTIVATED": 20,
    "PASSIVE_POINT_CONSUMED": 20,
    "PASSIVE_RESOLVED": 20,
    "RANDOM_BRANCH_SELECTED": 3,
    "RESOURCES_RECOVERED": 1,
    "RESOURCE_CHANGED": 94,
    "RUNTIME_COUNTER_CHANGED": 4,
    "SHIELD_CONSUMED": 3,
    "SKILL_USE_COMPLETED": 14,
    "SKILL_USE_STARTED": 14,
    "SKILL_USE_STARTING": 14,
    "TARGETS_SELECTED": 14,
    "TURN_STARTED": 1,
    "UNIT_BEING_ATTACKED": 28,
    "UNIT_DEFEATED": 5,
  },
  "outcome": "ALLY_LOSE",
}
`;

exports[`production party golden battles > E2E-GOLDEN-PARTY: matchup 4 completes a deterministic mixed-party battle and holds battle invariants 1`] = `
{
  "ally": [
    "UNIT_HIIRO_LONEWOLF",
    "UNIT_JULIE_SNOW",
    "UNIT_JUNKA_CHILDHOOD",
    "UNIT_KARINA_DOWNER",
    "UNIT_KATE_PALADIN",
  ],
  "completedTurn": 1,
  "completionReason": "ENEMY_DEFEATED",
  "enemy": [
    "UNIT_KEI_JACKKNIFE",
    "UNIT_KOKORO_SPORTSDAY",
    "UNIT_KOTOHA_REBEL",
    "UNIT_LAURA_MOUNTAIN",
    "UNIT_LAYLA_ENTREPRENEUR",
  ],
  "eventCount": 1222,
  "eventSequenceHash": "sha256:7e4b12d4f143c7cc",
  "eventTypeCounts": {
    "ACTION_COMPLETED": 23,
    "ACTION_COMPLETING": 23,
    "ACTION_QUEUE_CREATED": 3,
    "ACTION_RESERVATION_REMOVED": 2,
    "ACTION_STARTED": 23,
    "ACTION_WAITED": 1,
    "BATTLE_COMPLETED": 1,
    "BATTLE_STARTED": 1,
    "COMBAT_STAT_CHANGED": 26,
    "CONTINUOUS_DAMAGE_APPLIED": 3,
    "COOLDOWN_COMPLETED": 7,
    "COOLDOWN_REDUCED": 16,
    "COOLDOWN_STARTED": 14,
    "CRITICAL_CHECK_RESOLVED": 55,
    "DAMAGE_APPLIED": 55,
    "DAMAGE_CALCULATED": 55,
    "DAMAGE_REDIRECTED": 3,
    "DAMAGE_WILL_BE_APPLIED": 55,
    "EFFECT_ACTION_COMPLETED": 106,
    "EFFECT_ACTION_STARTING": 106,
    "EFFECT_APPLIED": 46,
    "EFFECT_CONSUMPTION_CHANGED": 3,
    "EFFECT_DURATION_REDUCED": 20,
    "EFFECT_EXPIRED": 14,
    "EFFECT_STEP_COMPLETED": 70,
    "EFFECT_STEP_STARTING": 70,
    "EXTRA_GAUGE_INCREASED": 14,
    "HEAL_APPLIED": 7,
    "HIT_CONFIRMED": 55,
    "HIT_POINT_REDUCED": 55,
    "LETHAL_DAMAGE_SURVIVED": 1,
    "MARKER_APPLIED": 4,
    "MARKER_REMOVED": 1,
    "MARKER_UPDATED": 1,
    "PASSIVE_ACTIVATED": 14,
    "PASSIVE_POINT_CONSUMED": 14,
    "PASSIVE_RESOLVED": 14,
    "RANDOM_BRANCH_SELECTED": 3,
    "RESOURCES_RECOVERED": 1,
    "RESOURCE_CHANGED": 102,
    "RUNTIME_COUNTER_CHANGED": 7,
    "SKILL_USE_COMPLETED": 21,
    "SKILL_USE_STARTED": 21,
    "SKILL_USE_STARTING": 21,
    "TARGETS_SELECTED": 21,
    "TURN_STARTED": 1,
    "UNIT_BEING_ATTACKED": 38,
    "UNIT_DEFEATED": 5,
  },
  "outcome": "ALLY_WIN",
}
`;

exports[`production party golden battles > E2E-GOLDEN-PARTY: matchup 5 completes a deterministic mixed-party battle and holds battle invariants 1`] = `
{
  "ally": [
    "UNIT_KEI_JACKKNIFE",
    "UNIT_KOKORO_SPORTSDAY",
    "UNIT_KOTOHA_REBEL",
    "UNIT_LAURA_MOUNTAIN",
    "UNIT_LAYLA_ENTREPRENEUR",
  ],
  "completedTurn": 1,
  "completionReason": "ENEMY_DEFEATED",
  "enemy": [
    "UNIT_LAYLA_NURSE",
    "UNIT_LILY_HERO",
    "UNIT_LILY_SINGER",
    "UNIT_LUCIE_COMPANION",
    "UNIT_LUCIE_MAID",
  ],
  "eventCount": 903,
  "eventSequenceHash": "sha256:e530eb95c9e698ef",
  "eventTypeCounts": {
    "ACTION_COMPLETED": 14,
    "ACTION_COMPLETING": 14,
    "ACTION_QUEUE_CREATED": 2,
    "ACTION_RESERVATION_REMOVED": 2,
    "ACTION_STARTED": 14,
    "ACTION_WAITED": 1,
    "BATTLE_COMPLETED": 1,
    "BATTLE_STARTED": 1,
    "COMBAT_STAT_CHANGED": 25,
    "COOLDOWN_COMPLETED": 5,
    "COOLDOWN_REDUCED": 11,
    "COOLDOWN_STARTED": 16,
    "CRITICAL_CHECK_RESOLVED": 32,
    "DAMAGE_APPLIED": 32,
    "DAMAGE_CALCULATED": 32,
    "DAMAGE_WILL_BE_APPLIED": 32,
    "EFFECT_ACTION_COMPLETED": 75,
    "EFFECT_ACTION_STARTING": 75,
    "EFFECT_APPLIED": 36,
    "EFFECT_CONSUMPTION_CHANGED": 7,
    "EFFECT_DURATION_REDUCED": 16,
    "EFFECT_EXPIRED": 20,
    "EFFECT_REMOVED": 3,
    "EFFECT_STEP_COMPLETED": 56,
    "EFFECT_STEP_STARTING": 56,
    "EXTRA_GAUGE_INCREASED": 17,
    "HIT_CONFIRMED": 32,
    "HIT_POINT_REDUCED": 32,
    "MARKER_APPLIED": 3,
    "MARKER_REMOVED": 2,
    "MARKER_UPDATED": 3,
    "PASSIVE_ACTIVATED": 17,
    "PASSIVE_POINT_CONSUMED": 17,
    "PASSIVE_RESOLVED": 17,
    "RANDOM_BRANCH_SELECTED": 2,
    "RESOURCES_RECOVERED": 1,
    "RESOURCE_CHANGED": 84,
    "RUNTIME_COUNTER_CHANGED": 4,
    "SHIELD_CONSUMED": 4,
    "SKILL_USE_COMPLETED": 13,
    "SKILL_USE_STARTED": 13,
    "SKILL_USE_STARTING": 13,
    "TARGETS_SELECTED": 13,
    "TURN_STARTED": 1,
    "UNIT_BEING_ATTACKED": 31,
    "UNIT_DEFEATED": 6,
  },
  "outcome": "ALLY_WIN",
}
`;

exports[`production party golden battles > E2E-GOLDEN-PARTY: matchup 6 completes a deterministic mixed-party battle and holds battle invariants 1`] = `
{
  "ally": [
    "UNIT_LAYLA_NURSE",
    "UNIT_LILY_HERO",
    "UNIT_LILY_SINGER",
    "UNIT_LUCIE_COMPANION",
    "UNIT_LUCIE_MAID",
  ],
  "completedTurn": 2,
  "completionReason": "ENEMY_DEFEATED",
  "enemy": [
    "UNIT_LUNA_HUNGRY",
    "UNIT_LYDIA_GENIUS",
    "UNIT_LYDIA_SUMMER",
    "UNIT_MAIA_LAZY",
    "UNIT_MAIA_SALON",
  ],
  "eventCount": 1391,
  "eventSequenceHash": "sha256:f221b61cfa718d91",
  "eventTypeCounts": {
    "ACTION_COMPLETED": 25,
    "ACTION_COMPLETING": 25,
    "ACTION_QUEUE_CREATED": 4,
    "ACTION_QUEUE_REORDERED": 1,
    "ACTION_RESERVATION_REMOVED": 3,
    "ACTION_STARTED": 25,
    "ACTION_WAITED": 1,
    "BATTLE_COMPLETED": 1,
    "BATTLE_STARTED": 1,
    "COMBAT_STAT_CHANGED": 28,
    "COOLDOWN_COMPLETED": 12,
    "COOLDOWN_REDUCED": 22,
    "COOLDOWN_STARTED": 23,
    "CRITICAL_CHECK_RESOLVED": 50,
    "DAMAGE_APPLIED": 54,
    "DAMAGE_CALCULATED": 50,
    "DAMAGE_WILL_BE_APPLIED": 50,
    "EFFECT_ACTION_COMPLETED": 118,
    "EFFECT_ACTION_STARTING": 118,
    "EFFECT_APPLIED": 56,
    "EFFECT_CONSUMPTION_CHANGED": 14,
    "EFFECT_DURATION_REDUCED": 28,
    "EFFECT_EXPIRED": 39,
    "EFFECT_REMOVED": 5,
    "EFFECT_STEP_COMPLETED": 75,
    "EFFECT_STEP_STARTING": 76,
    "EXTRA_GAUGE_INCREASED": 19,
    "EXTRA_GAUGE_OVERFLOW_DISCARDED": 1,
    "HEALING_TRANSFERRED": 1,
    "HEAL_APPLIED": 4,
    "HIT_CONFIRMED": 50,
    "HIT_POINT_REDUCED": 54,
    "MARKER_APPLIED": 5,
    "MARKER_REMOVED": 3,
    "MARKER_UPDATED": 5,
    "PASSIVE_ACTIVATED": 21,
    "PASSIVE_POINT_CONSUMED": 21,
    "PASSIVE_RESOLVED": 21,
    "REFLECTED_DAMAGE_GENERATED": 4,
    "RESOURCES_RECOVERED": 2,
    "RESOURCE_CHANGED": 116,
    "RUNTIME_COUNTER_CHANGED": 2,
    "SHIELD_CONSUMED": 2,
    "SKILL_USE_COMPLETED": 23,
    "SKILL_USE_INTERRUPTED": 1,
    "SKILL_USE_STARTED": 24,
    "SKILL_USE_STARTING": 24,
    "SUB_UNIT_DAMAGED": 4,
    "TARGETS_SELECTED": 24,
    "TURN_COMPLETED": 1,
    "TURN_COMPLETING": 1,
    "TURN_STARTED": 2,
    "UNIT_BEING_ATTACKED": 44,
    "UNIT_DEFEATED": 8,
  },
  "outcome": "ALLY_WIN",
}
`;

exports[`production party golden battles > E2E-GOLDEN-PARTY: matchup 7 completes a deterministic mixed-party battle and holds battle invariants 1`] = `
{
  "ally": [
    "UNIT_LUNA_HUNGRY",
    "UNIT_LYDIA_GENIUS",
    "UNIT_LYDIA_SUMMER",
    "UNIT_MAIA_LAZY",
    "UNIT_MAIA_SALON",
  ],
  "completedTurn": 1,
  "completionReason": "ENEMY_DEFEATED",
  "enemy": [
    "UNIT_MAO_COMMITTEE",
    "UNIT_MAO_SUMMER",
    "UNIT_MEIYA_FATED",
    "UNIT_MERU_BESIDE",
    "UNIT_MERU_FLATSPIN",
  ],
  "eventCount": 814,
  "eventSequenceHash": "sha256:5731419995d781b1",
  "eventTypeCounts": {
    "ACTION_COMPLETED": 10,
    "ACTION_COMPLETING": 10,
    "ACTION_QUEUE_CREATED": 2,
    "ACTION_RESERVATION_REMOVED": 3,
    "ACTION_STARTED": 10,
    "BATTLE_COMPLETED": 1,
    "BATTLE_STARTED": 1,
    "COMBAT_STAT_CHANGED": 19,
    "CONTINUOUS_DAMAGE_APPLIED": 1,
    "COOLDOWN_COMPLETED": 3,
    "COOLDOWN_REDUCED": 5,
    "COOLDOWN_STARTED": 14,
    "CRITICAL_CHECK_RESOLVED": 31,
    "DAMAGE_APPLIED": 32,
    "DAMAGE_CALCULATED": 31,
    "DAMAGE_WILL_BE_APPLIED": 31,
    "EFFECT_ACTION_COMPLETED": 81,
    "EFFECT_ACTION_STARTING": 81,
    "EFFECT_APPLICATION_REJECTED": 3,
    "EFFECT_APPLIED": 44,
    "EFFECT_CONSUMPTION_CHANGED": 8,
    "EFFECT_DURATION_REDUCED": 6,
    "EFFECT_EXPIRED": 19,
    "EFFECT_REMOVED": 1,
    "EFFECT_STEP_COMPLETED": 43,
    "EFFECT_STEP_STARTING": 43,
    "EXTRA_GAUGE_INCREASED": 14,
    "HEAL_APPLIED": 1,
    "HIT_CONFIRMED": 31,
    "HIT_POINT_REDUCED": 32,
    "MARKER_APPLIED": 6,
    "PASSIVE_ACTIVATED": 14,
    "PASSIVE_POINT_CONSUMED": 14,
    "PASSIVE_RESOLVED": 14,
    "REFLECTED_DAMAGE_GENERATED": 1,
    "RESOURCES_RECOVERED": 1,
    "RESOURCE_CHANGED": 72,
    "RUNTIME_COUNTER_CHANGED": 4,
    "SHIELD_CONSUMED": 5,
    "SKILL_USE_COMPLETED": 10,
    "SKILL_USE_STARTED": 10,
    "SKILL_USE_STARTING": 10,
    "SUB_UNIT_DAMAGED": 3,
    "TARGETS_SELECTED": 10,
    "TURN_STARTED": 1,
    "UNIT_BEING_ATTACKED": 21,
    "UNIT_DEFEATED": 7,
  },
  "outcome": "ALLY_WIN",
}
`;

exports[`production party golden battles > E2E-GOLDEN-PARTY: matchup 8 completes a deterministic mixed-party battle and holds battle invariants 1`] = `
{
  "ally": [
    "UNIT_MAO_COMMITTEE",
    "UNIT_MAO_SUMMER",
    "UNIT_MEIYA_FATED",
    "UNIT_MERU_BESIDE",
    "UNIT_MERU_FLATSPIN",
  ],
  "completedTurn": 1,
  "completionReason": "ALLY_DEFEATED",
  "enemy": [
    "UNIT_MERU_SIRIUS",
    "UNIT_MIHIME_SNIPER",
    "UNIT_MIKOTO_SURVIVOR",
    "UNIT_MIRIAM_MAGE",
    "UNIT_NADYA_SUCCESSOR",
  ],
  "eventCount": 561,
  "eventSequenceHash": "sha256:92286283b5458870",
  "eventTypeCounts": {
    "ACTION_COMPLETED": 8,
    "ACTION_COMPLETING": 8,
    "ACTION_QUEUE_CREATED": 2,
    "ACTION_QUEUE_REORDERED": 1,
    "ACTION_RESERVATION_REMOVED": 4,
    "ACTION_STARTED": 8,
    "BATTLE_COMPLETED": 1,
    "BATTLE_STARTED": 1,
    "COMBAT_STAT_CHANGED": 11,
    "COOLDOWN_COMPLETED": 3,
    "COOLDOWN_REDUCED": 5,
    "COOLDOWN_STARTED": 10,
    "CRITICAL_CHECK_RESOLVED": 17,
    "DAMAGE_APPLIED": 17,
    "DAMAGE_CALCULATED": 17,
    "DAMAGE_WILL_BE_APPLIED": 17,
    "EFFECT_ACTION_COMPLETED": 61,
    "EFFECT_ACTION_STARTING": 61,
    "EFFECT_APPLIED": 29,
    "EFFECT_DURATION_REDUCED": 4,
    "EFFECT_EXPIRED": 9,
    "EFFECT_REMOVED": 1,
    "EFFECT_STEP_COMPLETED": 39,
    "EFFECT_STEP_STARTING": 39,
    "EXTRA_GAUGE_INCREASED": 8,
    "HIT_CONFIRMED": 17,
    "HIT_POINT_REDUCED": 17,
    "MARKER_APPLIED": 2,
    "PASSIVE_ACTIVATED": 8,
    "PASSIVE_POINT_CONSUMED": 8,
    "PASSIVE_RESOLVED": 8,
    "RESOURCES_RECOVERED": 1,
    "RESOURCE_CHANGED": 60,
    "RUNTIME_COUNTER_CHANGED": 4,
    "SHIELD_CONSUMED": 3,
    "SKILL_USE_COMPLETED": 8,
    "SKILL_USE_STARTED": 8,
    "SKILL_USE_STARTING": 8,
    "TARGETS_SELECTED": 8,
    "TURN_STARTED": 1,
    "UNIT_BEING_ATTACKED": 14,
    "UNIT_DEFEATED": 5,
  },
  "outcome": "ALLY_LOSE",
}
`;

exports[`production party golden battles > E2E-GOLDEN-PARTY: matchup 9 completes a deterministic mixed-party battle and holds battle invariants 1`] = `
{
  "ally": [
    "UNIT_MERU_SIRIUS",
    "UNIT_MIHIME_SNIPER",
    "UNIT_MIKOTO_SURVIVOR",
    "UNIT_MIRIAM_MAGE",
    "UNIT_NADYA_SUCCESSOR",
  ],
  "completedTurn": 1,
  "completionReason": "ALLY_DEFEATED",
  "enemy": [
    "UNIT_NANAE_COMMANDER",
    "UNIT_NANAE_SOVEREIGN",
    "UNIT_NOEL_RUMBLE",
    "UNIT_OLGA_NADYA_BOND",
    "UNIT_OLGA_VETERAN",
  ],
  "eventCount": 1029,
  "eventSequenceHash": "sha256:cbdfd91bdfabf106",
  "eventTypeCounts": {
    "ACTION_COMPLETED": 14,
    "ACTION_COMPLETING": 14,
    "ACTION_QUEUE_CREATED": 2,
    "ACTION_QUEUE_REORDERED": 2,
    "ACTION_RESERVATION_REMOVED": 3,
    "ACTION_STARTED": 14,
    "BATTLE_COMPLETED": 1,
    "BATTLE_STARTED": 1,
    "COMBAT_STAT_CHANGED": 24,
    "COOLDOWN_COMPLETED": 4,
    "COOLDOWN_REDUCED": 7,
    "COOLDOWN_STARTED": 15,
    "CRITICAL_CHECK_RESOLVED": 38,
    "DAMAGE_APPLIED": 38,
    "DAMAGE_CALCULATED": 38,
    "DAMAGE_REDIRECTED": 3,
    "DAMAGE_WILL_BE_APPLIED": 38,
    "EFFECT_ACTION_COMPLETED": 92,
    "EFFECT_ACTION_STARTING": 92,
    "EFFECT_APPLIED": 37,
    "EFFECT_CONSUMPTION_CHANGED": 8,
    "EFFECT_DURATION_REDUCED": 11,
    "EFFECT_EXPIRED": 24,
    "EFFECT_STEP_COMPLETED": 77,
    "EFFECT_STEP_STARTING": 77,
    "EXTRA_GAUGE_INCREASED": 17,
    "HEAL_APPLIED": 5,
    "HIT_CONFIRMED": 38,
    "HIT_POINT_REDUCED": 38,
    "LETHAL_DAMAGE_SURVIVED": 1,
    "MARKER_APPLIED": 2,
    "PASSIVE_ACTIVATED": 17,
    "PASSIVE_POINT_CONSUMED": 17,
    "PASSIVE_RESOLVED": 17,
    "RESOURCES_RECOVERED": 1,
    "RESOURCE_CHANGED": 95,
    "RUNTIME_COUNTER_CHANGED": 6,
    "SKILL_USE_COMPLETED": 14,
    "SKILL_USE_STARTED": 14,
    "SKILL_USE_STARTING": 14,
    "SUB_UNIT_DAMAGED": 8,
    "TARGETS_SELECTED": 14,
    "TURN_STARTED": 1,
    "UNIT_BEING_ATTACKED": 30,
    "UNIT_DEFEATED": 6,
  },
  "outcome": "ALLY_LOSE",
}
`;

exports[`production party golden battles > E2E-GOLDEN-PARTY: matchup 10 completes a deterministic mixed-party battle and holds battle invariants 1`] = `
{
  "ally": [
    "UNIT_NANAE_COMMANDER",
    "UNIT_NANAE_SOVEREIGN",
    "UNIT_NOEL_RUMBLE",
    "UNIT_OLGA_NADYA_BOND",
    "UNIT_OLGA_VETERAN",
  ],
  "completedTurn": 1,
  "completionReason": "ENEMY_DEFEATED",
  "enemy": [
    "UNIT_RAMI_NEWYEAR",
    "UNIT_RAMI_UNYIELDING",
    "UNIT_RAVEL_MODEL",
    "UNIT_ROSIE_ARTIST",
    "UNIT_ROSIE_CAMPAIGN",
  ],
  "eventCount": 1089,
  "eventSequenceHash": "sha256:f37907cd553a0795",
  "eventTypeCounts": {
    "ACTION_COMPLETED": 15,
    "ACTION_COMPLETING": 15,
    "ACTION_QUEUE_CREATED": 2,
    "ACTION_RESERVATION_REMOVED": 2,
    "ACTION_STARTED": 15,
    "BATTLE_COMPLETED": 1,
    "BATTLE_STARTED": 1,
    "COMBAT_STAT_CHANGED": 12,
    "CONTINUOUS_DAMAGE_APPLIED": 1,
    "COOLDOWN_COMPLETED": 5,
    "COOLDOWN_REDUCED": 8,
    "COOLDOWN_STARTED": 12,
    "CRITICAL_CHECK_RESOLVED": 42,
    "DAMAGE_APPLIED": 42,
    "DAMAGE_CALCULATED": 42,
    "DAMAGE_REDIRECTED": 7,
    "DAMAGE_WILL_BE_APPLIED": 42,
    "EFFECT_ACTION_COMPLETED": 94,
    "EFFECT_ACTION_STARTING": 94,
    "EFFECT_APPLIED": 43,
    "EFFECT_CONSUMPTION_CHANGED": 9,
    "EFFECT_DURATION_REDUCED": 14,
    "EFFECT_EXPIRED": 19,
    "EFFECT_STEP_COMPLETED": 76,
    "EFFECT_STEP_STARTING": 76,
    "EXTRA_GAUGE_INCREASED": 21,
    "EXTRA_GAUGE_OVERFLOW_DISCARDED": 1,
    "HEAL_APPLIED": 10,
    "HIT_CONFIRMED": 42,
    "HIT_POINT_REDUCED": 42,
    "LETHAL_DAMAGE_SURVIVED": 1,
    "MARKER_APPLIED": 2,
    "MARKER_UPDATED": 2,
    "PASSIVE_ACTIVATED": 22,
    "PASSIVE_POINT_CONSUMED": 22,
    "PASSIVE_RESOLVED": 22,
    "RESOURCES_RECOVERED": 1,
    "RESOURCE_CHANGED": 104,
    "RUNTIME_COUNTER_CHANGED": 11,
    "SHIELD_CONSUMED": 4,
    "SKILL_USE_COMPLETED": 14,
    "SKILL_USE_STARTED": 14,
    "SKILL_USE_STARTING": 14,
    "TARGETS_SELECTED": 14,
    "TURN_STARTED": 1,
    "UNIT_BEING_ATTACKED": 31,
    "UNIT_DEFEATED": 5,
  },
  "outcome": "ALLY_WIN",
}
`;

exports[`production party golden battles > E2E-GOLDEN-PARTY: matchup 11 completes a deterministic mixed-party battle and holds battle invariants 1`] = `
{
  "ally": [
    "UNIT_RAMI_NEWYEAR",
    "UNIT_RAMI_UNYIELDING",
    "UNIT_RAVEL_MODEL",
    "UNIT_ROSIE_ARTIST",
    "UNIT_ROSIE_CAMPAIGN",
  ],
  "completedTurn": 1,
  "completionReason": "ENEMY_DEFEATED",
  "enemy": [
    "UNIT_SAYA_BUNNY",
    "UNIT_SAYA_LONGING",
    "UNIT_SENKA_CHRISTMAS",
    "UNIT_SENKA_SCHEMER",
    "UNIT_SHIRANA_LUCKY",
  ],
  "eventCount": 1260,
  "eventSequenceHash": "sha256:ace4e3bc51c02e7f",
  "eventTypeCounts": {
    "ACTION_COMPLETED": 24,
    "ACTION_COMPLETING": 24,
    "ACTION_QUEUE_CREATED": 5,
    "ACTION_RESERVATION_REMOVED": 5,
    "ACTION_STARTED": 24,
    "BATTLE_COMPLETED": 1,
    "BATTLE_STARTED": 1,
    "COMBAT_STAT_CHANGED": 12,
    "CONTINUOUS_DAMAGE_APPLIED": 3,
    "COOLDOWN_COMPLETED": 8,
    "COOLDOWN_REDUCED": 10,
    "COOLDOWN_STARTED": 20,
    "CRITICAL_CHECK_RESOLVED": 39,
    "DAMAGE_APPLIED": 39,
    "DAMAGE_CALCULATED": 39,
    "DAMAGE_WILL_BE_APPLIED": 39,
    "EFFECT_ACTION_COMPLETED": 104,
    "EFFECT_ACTION_STARTING": 104,
    "EFFECT_APPLIED": 44,
    "EFFECT_CONSUMPTION_CHANGED": 21,
    "EFFECT_DURATION_REDUCED": 26,
    "EFFECT_EXPIRED": 26,
    "EFFECT_STEP_COMPLETED": 96,
    "EFFECT_STEP_STARTING": 96,
    "EXTRA_GAUGE_INCREASED": 20,
    "EXTRA_GAUGE_OVERFLOW_DISCARDED": 2,
    "HEAL_APPLIED": 13,
    "HIT_CONFIRMED": 39,
    "HIT_POINT_REDUCED": 39,
    "LETHAL_DAMAGE_SURVIVED": 1,
    "MARKER_APPLIED": 2,
    "MARKER_UPDATED": 2,
    "PASSIVE_ACTIVATED": 22,
    "PASSIVE_POINT_CONSUMED": 22,
    "PASSIVE_RESOLVED": 22,
    "RESOURCES_RECOVERED": 1,
    "RESOURCE_CHANGED": 115,
    "RUNTIME_COUNTER_CHANGED": 7,
    "SHIELD_CONSUMED": 5,
    "SKILL_USE_COMPLETED": 24,
    "SKILL_USE_STARTED": 24,
    "SKILL_USE_STARTING": 24,
    "TARGETS_SELECTED": 24,
    "TURN_STARTED": 1,
    "UNIT_BEING_ATTACKED": 34,
    "UNIT_DEFEATED": 7,
  },
  "outcome": "ALLY_WIN",
}
`;

exports[`production party golden battles > E2E-GOLDEN-PARTY: matchup 12 completes a deterministic mixed-party battle and holds battle invariants 1`] = `
{
  "ally": [
    "UNIT_SAYA_BUNNY",
    "UNIT_SAYA_LONGING",
    "UNIT_SENKA_CHRISTMAS",
    "UNIT_SENKA_SCHEMER",
    "UNIT_SHIRANA_LUCKY",
  ],
  "completedTurn": 1,
  "completionReason": "ENEMY_DEFEATED",
  "enemy": [
    "UNIT_SHIRANA_SORA",
    "UNIT_SHOUKA_BEACH",
    "UNIT_SHOUKA_SCHEMER",
    "UNIT_SIENA_DIVA",
    "UNIT_SIENA_OFFSTAGE",
  ],
  "eventCount": 552,
  "eventSequenceHash": "sha256:90c2a6750662189c",
  "eventTypeCounts": {
    "ACTION_COMPLETED": 10,
    "ACTION_COMPLETING": 10,
    "ACTION_QUEUE_CREATED": 2,
    "ACTION_RESERVATION_REMOVED": 4,
    "ACTION_STARTED": 10,
    "BATTLE_COMPLETED": 1,
    "BATTLE_STARTED": 1,
    "CHARGE_STARTED": 1,
    "COMBAT_STAT_CHANGED": 26,
    "CONTINUOUS_DAMAGE_APPLIED": 1,
    "COOLDOWN_COMPLETED": 2,
    "COOLDOWN_REDUCED": 3,
    "COOLDOWN_STARTED": 11,
    "CRITICAL_CHECK_RESOLVED": 14,
    "DAMAGE_APPLIED": 15,
    "DAMAGE_CALCULATED": 14,
    "DAMAGE_WILL_BE_APPLIED": 14,
    "EFFECTIVE_EFFECT_CHANGED": 10,
    "EFFECT_ACTION_COMPLETED": 53,
    "EFFECT_ACTION_STARTING": 53,
    "EFFECT_APPLIED": 42,
    "EFFECT_CONSUMPTION_CHANGED": 3,
    "EFFECT_DURATION_REDUCED": 6,
    "EFFECT_EXPIRED": 5,
    "EFFECT_STEP_COMPLETED": 32,
    "EFFECT_STEP_STARTING": 32,
    "EXTRA_GAUGE_INCREASED": 10,
    "HEAL_APPLIED": 1,
    "HIT_CONFIRMED": 14,
    "HIT_POINT_REDUCED": 15,
    "LINKED_DAMAGE_GENERATED": 1,
    "PASSIVE_ACTIVATED": 10,
    "PASSIVE_POINT_CONSUMED": 10,
    "PASSIVE_RESOLVED": 10,
    "RESOURCES_RECOVERED": 1,
    "RESOURCE_CHANGED": 59,
    "RUNTIME_COUNTER_CHANGED": 1,
    "SKILL_USE_COMPLETED": 8,
    "SKILL_USE_STARTED": 8,
    "SKILL_USE_STARTING": 8,
    "TARGETS_SELECTED": 8,
    "TURN_STARTED": 1,
    "UNIT_BEING_ATTACKED": 7,
    "UNIT_DEFEATED": 5,
  },
  "outcome": "ALLY_WIN",
}
`;

exports[`production party golden battles > E2E-GOLDEN-PARTY: matchup 13 completes a deterministic mixed-party battle and holds battle invariants 1`] = `
{
  "ally": [
    "UNIT_SHIRANA_SORA",
    "UNIT_SHOUKA_BEACH",
    "UNIT_SHOUKA_SCHEMER",
    "UNIT_SIENA_DIVA",
    "UNIT_SIENA_OFFSTAGE",
  ],
  "completedTurn": 1,
  "completionReason": "ALLY_DEFEATED",
  "enemy": [
    "UNIT_STELLA_STATUE",
    "UNIT_SUIRAN_CASINO",
    "UNIT_SUIRAN_CHAOS",
    "UNIT_TARISA_TROUBLEMAKER",
    "UNIT_TATIANA_SAGE",
  ],
  "eventCount": 817,
  "eventSequenceHash": "sha256:6d476ecbc0c7d745",
  "eventTypeCounts": {
    "ACTION_COMPLETED": 17,
    "ACTION_COMPLETING": 17,
    "ACTION_QUEUE_CREATED": 2,
    "ACTION_RESERVATION_REMOVED": 3,
    "ACTION_STARTED": 17,
    "BATTLE_COMPLETED": 1,
    "BATTLE_STARTED": 1,
    "BLINDNESS_CHECK_RESOLVED": 2,
    "CHARGE_STARTED": 1,
    "COMBAT_STAT_CHANGED": 29,
    "CONTINUOUS_DAMAGE_APPLIED": 1,
    "COOLDOWN_COMPLETED": 2,
    "COOLDOWN_REDUCED": 8,
    "COOLDOWN_STARTED": 15,
    "CRITICAL_CHECK_RESOLVED": 23,
    "DAMAGE_APPLIED": 35,
    "DAMAGE_CALCULATED": 23,
    "DAMAGE_WILL_BE_APPLIED": 23,
    "EFFECTIVE_EFFECT_CHANGED": 10,
    "EFFECT_ACTION_COMPLETED": 72,
    "EFFECT_ACTION_STARTING": 72,
    "EFFECT_APPLIED": 44,
    "EFFECT_CONSUMPTION_CHANGED": 2,
    "EFFECT_DURATION_REDUCED": 18,
    "EFFECT_EXPIRED": 14,
    "EFFECT_STEP_COMPLETED": 45,
    "EFFECT_STEP_SKIPPED": 2,
    "EFFECT_STEP_STARTING": 47,
    "EXTRA_GAUGE_INCREASED": 8,
    "HEAL_APPLIED": 2,
    "HIT_CONFIRMED": 23,
    "HIT_POINT_REDUCED": 35,
    "LINKED_DAMAGE_GENERATED": 12,
    "MARKER_APPLIED": 3,
    "MARKER_UPDATED": 1,
    "PASSIVE_ACTIVATED": 8,
    "PASSIVE_POINT_CONSUMED": 8,
    "PASSIVE_RESOLVED": 8,
    "RESOURCES_RECOVERED": 1,
    "RESOURCE_CHANGED": 69,
    "RUNTIME_COUNTER_CHANGED": 2,
    "SHIELD_CONSUMED": 1,
    "SKILL_MISSED": 2,
    "SKILL_USE_COMPLETED": 16,
    "SKILL_USE_STARTED": 16,
    "SKILL_USE_STARTING": 16,
    "SUB_UNIT_DAMAGED": 2,
    "TARGETS_SELECTED": 16,
    "TURN_STARTED": 1,
    "UNIT_BEING_ATTACKED": 16,
    "UNIT_DEFEATED": 5,
  },
  "outcome": "ALLY_LOSE",
}
`;

exports[`production party golden battles > E2E-GOLDEN-PARTY: matchup 14 completes a deterministic mixed-party battle and holds battle invariants 1`] = `
{
  "ally": [
    "UNIT_STELLA_STATUE",
    "UNIT_SUIRAN_CASINO",
    "UNIT_SUIRAN_CHAOS",
    "UNIT_TARISA_TROUBLEMAKER",
    "UNIT_TATIANA_SAGE",
  ],
  "completedTurn": 1,
  "completionReason": "ALLY_DEFEATED",
  "enemy": [
    "UNIT_URUU_SUMMER",
    "UNIT_URUU_TIMID",
    "UNIT_YUI_HEIR",
    "UNIT_YURIA_JOKER",
    "UNIT_YURIA_WILDCARD",
  ],
  "eventCount": 1243,
  "eventSequenceHash": "sha256:5d19a233c8457038",
  "eventTypeCounts": {
    "ACTION_COMPLETED": 26,
    "ACTION_COMPLETING": 26,
    "ACTION_QUEUE_CREATED": 4,
    "ACTION_RESERVATION_REMOVED": 3,
    "ACTION_STARTED": 26,
    "BATTLE_COMPLETED": 1,
    "BATTLE_STARTED": 1,
    "BLINDNESS_CHECK_RESOLVED": 12,
    "COMBAT_STAT_CHANGED": 19,
    "CONTINUOUS_DAMAGE_APPLIED": 2,
    "COOLDOWN_COMPLETED": 8,
    "COOLDOWN_REDUCED": 12,
    "COOLDOWN_STARTED": 15,
    "CRITICAL_CHECK_RESOLVED": 38,
    "DAMAGE_APPLIED": 40,
    "DAMAGE_CALCULATED": 38,
    "DAMAGE_WILL_BE_APPLIED": 38,
    "EFFECT_ACTION_COMPLETED": 101,
    "EFFECT_ACTION_STARTING": 101,
    "EFFECT_APPLIED": 49,
    "EFFECT_CONSUMPTION_CHANGED": 9,
    "EFFECT_DURATION_REDUCED": 20,
    "EFFECT_EXPIRED": 34,
    "EFFECT_STEP_COMPLETED": 70,
    "EFFECT_STEP_SKIPPED": 1,
    "EFFECT_STEP_STARTING": 71,
    "EVASION_ACTIVATED": 3,
    "EXTRA_GAUGE_INCREASED": 20,
    "HEAL_APPLIED": 2,
    "HIT_CONFIRMED": 38,
    "HIT_POINT_REDUCED": 40,
    "LINKED_DAMAGE_GENERATED": 2,
    "MARKER_APPLIED": 11,
    "MARKER_REMOVED": 2,
    "MARKER_UPDATED": 6,
    "PASSIVE_ACTIVATED": 20,
    "PASSIVE_POINT_CONSUMED": 20,
    "PASSIVE_RESOLVED": 20,
    "RESOURCES_RECOVERED": 1,
    "RESOURCE_CHANGED": 116,
    "RUNTIME_COUNTER_CHANGED": 8,
    "SHIELD_CONSUMED": 6,
    "SKILL_MISSED": 12,
    "SKILL_USE_COMPLETED": 26,
    "SKILL_USE_STARTED": 26,
    "SKILL_USE_STARTING": 26,
    "TARGETS_SELECTED": 26,
    "TURN_STARTED": 1,
    "UNIT_BEING_ATTACKED": 39,
    "UNIT_DEFEATED": 7,
  },
  "outcome": "ALLY_LOSE",
}
`;

exports[`production party golden battles > E2E-GOLDEN-PARTY: matchup 15 completes a deterministic mixed-party battle and holds battle invariants 1`] = `
{
  "ally": [
    "UNIT_URUU_SUMMER",
    "UNIT_URUU_TIMID",
    "UNIT_YUI_HEIR",
    "UNIT_YURIA_JOKER",
    "UNIT_YURIA_WILDCARD",
  ],
  "completedTurn": 1,
  "completionReason": "ENEMY_DEFEATED",
  "enemy": [
    "UNIT_YURIA_YUKATA",
  ],
  "eventCount": 126,
  "eventSequenceHash": "sha256:c7538da5007ea22b",
  "eventTypeCounts": {
    "ACTION_COMPLETED": 2,
    "ACTION_COMPLETING": 2,
    "ACTION_QUEUE_CREATED": 1,
    "ACTION_RESERVATION_REMOVED": 1,
    "ACTION_STARTED": 2,
    "BATTLE_COMPLETED": 1,
    "BATTLE_STARTED": 1,
    "COOLDOWN_STARTED": 1,
    "CRITICAL_CHECK_RESOLVED": 2,
    "DAMAGE_APPLIED": 2,
    "DAMAGE_CALCULATED": 2,
    "DAMAGE_WILL_BE_APPLIED": 2,
    "EFFECT_ACTION_COMPLETED": 11,
    "EFFECT_ACTION_STARTING": 11,
    "EFFECT_APPLIED": 6,
    "EFFECT_EXPIRED": 1,
    "EFFECT_STEP_COMPLETED": 11,
    "EFFECT_STEP_STARTING": 11,
    "EXTRA_GAUGE_INCREASED": 3,
    "HIT_CONFIRMED": 2,
    "HIT_POINT_REDUCED": 2,
    "MARKER_APPLIED": 2,
    "PASSIVE_ACTIVATED": 3,
    "PASSIVE_POINT_CONSUMED": 3,
    "PASSIVE_RESOLVED": 3,
    "RESOURCES_RECOVERED": 1,
    "RESOURCE_CHANGED": 22,
    "RUNTIME_COUNTER_CHANGED": 2,
    "SHIELD_CONSUMED": 1,
    "SKILL_USE_COMPLETED": 2,
    "SKILL_USE_STARTED": 2,
    "SKILL_USE_STARTING": 2,
    "TARGETS_SELECTED": 2,
    "TURN_STARTED": 1,
    "UNIT_BEING_ATTACKED": 2,
    "UNIT_DEFEATED": 1,
  },
  "outcome": "ALLY_WIN",
}
`;

exports[`production party golden battles > E2E-GOLDEN-PARTY: matchup 16 completes a deterministic mixed-party battle and holds battle invariants 1`] = `
{
  "ally": [
    "UNIT_YURIA_YUKATA",
  ],
  "completedTurn": 1,
  "completionReason": "ALLY_DEFEATED",
  "enemy": [
    "UNIT_ANIS_SWEETDEVIL",
    "UNIT_ANIS_TROUBLEMAKER",
    "UNIT_AOI_ELEGANT",
    "UNIT_AOI_GUARDIAN",
    "UNIT_CHIYURU_MAZE",
  ],
  "eventCount": 257,
  "eventSequenceHash": "sha256:86cd5d090f12a2af",
  "eventTypeCounts": {
    "ACTION_COMPLETED": 4,
    "ACTION_COMPLETING": 4,
    "ACTION_QUEUE_CREATED": 1,
    "ACTION_RESERVATION_REMOVED": 1,
    "ACTION_STARTED": 4,
    "BATTLE_COMPLETED": 1,
    "BATTLE_STARTED": 1,
    "COMBAT_STAT_CHANGED": 3,
    "COOLDOWN_COMPLETED": 1,
    "COOLDOWN_REDUCED": 1,
    "COOLDOWN_STARTED": 7,
    "CRITICAL_CHECK_RESOLVED": 7,
    "DAMAGE_APPLIED": 7,
    "DAMAGE_CALCULATED": 7,
    "DAMAGE_WILL_BE_APPLIED": 7,
    "EFFECTIVE_EFFECT_CHANGED": 2,
    "EFFECT_ACTION_COMPLETED": 22,
    "EFFECT_ACTION_STARTING": 22,
    "EFFECT_APPLIED": 10,
    "EFFECT_CONSUMPTION_CHANGED": 1,
    "EFFECT_EXPIRED": 2,
    "EFFECT_STEP_COMPLETED": 20,
    "EFFECT_STEP_STARTING": 20,
    "EXTRA_GAUGE_INCREASED": 5,
    "HEAL_APPLIED": 1,
    "HIT_CONFIRMED": 7,
    "HIT_POINT_REDUCED": 7,
    "MARKER_APPLIED": 3,
    "MARKER_UPDATED": 5,
    "PASSIVE_ACTIVATED": 5,
    "PASSIVE_POINT_CONSUMED": 5,
    "PASSIVE_RESOLVED": 5,
    "RESOURCES_RECOVERED": 1,
    "RESOURCE_CHANGED": 31,
    "RUNTIME_COUNTER_CHANGED": 2,
    "SHIELD_CONSUMED": 4,
    "SKILL_USE_COMPLETED": 4,
    "SKILL_USE_STARTED": 4,
    "SKILL_USE_STARTING": 4,
    "TARGETS_SELECTED": 4,
    "TURN_STARTED": 1,
    "UNIT_BEING_ATTACKED": 3,
    "UNIT_DEFEATED": 1,
  },
  "outcome": "ALLY_LOSE",
}
`;
